<?xml version="1.0" encoding="utf-8"?><testsuites name="pytest tests"><testsuite name="pytest" errors="0" failures="92" skipped="70" tests="1774" time="15.509" timestamp="2025-11-27T18:24:38.190967+00:00" hostname="runsc"><properties><property name="hypothesis-statistics-tests/property/test_property_based.py::TestMathematicalInvariants::test_topological_observables_parameter_independent" value="dGVzdHMvcHJvcGVydHkvdGVzdF9wcm9wZXJ0eV9iYXNlZC5weTo6VGVzdE1hdGhlbWF0aWNhbEludmFyaWFudHM6OnRlc3RfdG9wb2xvZ2ljYWxfb2JzZXJ2YWJsZXNfcGFyYW1ldGVyX2luZGVwZW5kZW50OgoKICAtIGR1cmluZyBnZW5lcmF0ZSBwaGFzZSAoMS4zMCBzZWNvbmRzKToKICAgIC0gVHlwaWNhbCBydW50aW1lczogfiAwLTEgbXMsIG9mIHdoaWNoIDwgMW1zIGluIGRhdGEgZ2VuZXJhdGlvbgogICAgLSAyMCBwYXNzaW5nIGV4YW1wbGVzLCAwIGZhaWxpbmcgZXhhbXBsZXMsIDAgaW52YWxpZCBleGFtcGxlcwoKICAtIFN0b3BwZWQgYmVjYXVzZSBzZXR0aW5ncy5tYXhfZXhhbXBsZXM9MjA=" /><property name="hypothesis-statistics-tests/property/test_property_based.py::TestMathematicalInvariants::test_all_observables_finite" value="dGVzdHMvcHJvcGVydHkvdGVzdF9wcm9wZXJ0eV9iYXNlZC5weTo6VGVzdE1hdGhlbWF0aWNhbEludmFyaWFudHM6OnRlc3RfYWxsX29ic2VydmFibGVzX2Zpbml0ZToKCiAgLSBkdXJpbmcgZ2VuZXJhdGUgcGhhc2UgKDAuMDIgc2Vjb25kcyk6CiAgICAtIFR5cGljYWwgcnVudGltZXM6IDwgMW1zLCBvZiB3aGljaCA8IDFtcyBpbiBkYXRhIGdlbmVyYXRpb24KICAgIC0gMjAgcGFzc2luZyBleGFtcGxlcywgMCBmYWlsaW5nIGV4YW1wbGVzLCAwIGludmFsaWQgZXhhbXBsZXMKCiAgLSBTdG9wcGVkIGJlY2F1c2Ugc2V0dGluZ3MubWF4X2V4YW1wbGVzPTIw" /><property name="hypothesis-statistics-tests/property/test_property_based.py::TestMathematicalInvariants::test_mass_ratios_positive" value="dGVzdHMvcHJvcGVydHkvdGVzdF9wcm9wZXJ0eV9iYXNlZC5weTo6VGVzdE1hdGhlbWF0aWNhbEludmFyaWFudHM6OnRlc3RfbWFzc19yYXRpb3NfcG9zaXRpdmU6CgogIC0gZHVyaW5nIGdlbmVyYXRlIHBoYXNlICgwLjAxIHNlY29uZHMpOgogICAgLSBUeXBpY2FsIHJ1bnRpbWVzOiA8IDFtcywgb2Ygd2hpY2ggPCAxbXMgaW4gZGF0YSBnZW5lcmF0aW9uCiAgICAtIDE1IHBhc3NpbmcgZXhhbXBsZXMsIDAgZmFpbGluZyBleGFtcGxlcywgMCBpbnZhbGlkIGV4YW1wbGVzCgogIC0gU3RvcHBlZCBiZWNhdXNlIHNldHRpbmdzLm1heF9leGFtcGxlcz0xNQ==" /><property name="hypothesis-statistics-tests/property/test_property_based.py::TestMathematicalInvariants::test_ckm_elements_bounded" value="dGVzdHMvcHJvcGVydHkvdGVzdF9wcm9wZXJ0eV9iYXNlZC5weTo6VGVzdE1hdGhlbWF0aWNhbEludmFyaWFudHM6OnRlc3RfY2ttX2VsZW1lbnRzX2JvdW5kZWQ6CgogIC0gZHVyaW5nIGdlbmVyYXRlIHBoYXNlICgwLjAxIHNlY29uZHMpOgogICAgLSBUeXBpY2FsIHJ1bnRpbWVzOiA8IDFtcywgb2Ygd2hpY2ggPCAxbXMgaW4gZGF0YSBnZW5lcmF0aW9uCiAgICAtIDE1IHBhc3NpbmcgZXhhbXBsZXMsIDAgZmFpbGluZyBleGFtcGxlcywgMCBpbnZhbGlkIGV4YW1wbGVzCgogIC0gU3RvcHBlZCBiZWNhdXNlIHNldHRpbmdzLm1heF9leGFtcGxlcz0xNQ==" /><property name="hypothesis-statistics-tests/property/test_property_based.py::TestComputationalProperties::test_deterministic_computation" value="dGVzdHMvcHJvcGVydHkvdGVzdF9wcm9wZXJ0eV9iYXNlZC5weTo6VGVzdENvbXB1dGF0aW9uYWxQcm9wZXJ0aWVzOjp0ZXN0X2RldGVybWluaXN0aWNfY29tcHV0YXRpb246CgogIC0gZHVyaW5nIGdlbmVyYXRlIHBoYXNlICgwLjAxIHNlY29uZHMpOgogICAgLSBUeXBpY2FsIHJ1bnRpbWVzOiA8IDFtcywgb2Ygd2hpY2ggPCAxbXMgaW4gZGF0YSBnZW5lcmF0aW9uCiAgICAtIDEwIHBhc3NpbmcgZXhhbXBsZXMsIDAgZmFpbGluZyBleGFtcGxlcywgMCBpbnZhbGlkIGV4YW1wbGVzCgogIC0gU3RvcHBlZCBiZWNhdXNlIHNldHRpbmdzLm1heF9leGFtcGxlcz0xMA==" /><property name="hypothesis-statistics-tests/property/test_property_based.py::TestComputationalProperties::test_idempotent_computation" value="dGVzdHMvcHJvcGVydHkvdGVzdF9wcm9wZXJ0eV9iYXNlZC5weTo6VGVzdENvbXB1dGF0aW9uYWxQcm9wZXJ0aWVzOjp0ZXN0X2lkZW1wb3RlbnRfY29tcHV0YXRpb246CgogIC0gZHVyaW5nIGdlbmVyYXRlIHBoYXNlICgwLjAxIHNlY29uZHMpOgogICAgLSBUeXBpY2FsIHJ1bnRpbWVzOiB+IDAtMSBtcywgb2Ygd2hpY2ggPCAxbXMgaW4gZGF0YSBnZW5lcmF0aW9uCiAgICAtIDEwIHBhc3NpbmcgZXhhbXBsZXMsIDAgZmFpbGluZyBleGFtcGxlcywgMCBpbnZhbGlkIGV4YW1wbGVzCgogIC0gU3RvcHBlZCBiZWNhdXNlIHNldHRpbmdzLm1heF9leGFtcGxlcz0xMA==" /><property name="hypothesis-statistics-tests/property/test_property_based.py::TestComputationalProperties::test_order_independence" value="dGVzdHMvcHJvcGVydHkvdGVzdF9wcm9wZXJ0eV9iYXNlZC5weTo6VGVzdENvbXB1dGF0aW9uYWxQcm9wZXJ0aWVzOjp0ZXN0X29yZGVyX2luZGVwZW5kZW5jZToKCiAgLSBkdXJpbmcgZ2VuZXJhdGUgcGhhc2UgKDAuMDEgc2Vjb25kcyk6CiAgICAtIFR5cGljYWwgcnVudGltZXM6IH4gMC0xIG1zLCBvZiB3aGljaCA8IDFtcyBpbiBkYXRhIGdlbmVyYXRpb24KICAgIC0gMTAgcGFzc2luZyBleGFtcGxlcywgMCBmYWlsaW5nIGV4YW1wbGVzLCAwIGludmFsaWQgZXhhbXBsZXMKCiAgLSBTdG9wcGVkIGJlY2F1c2Ugc2V0dGluZ3MubWF4X2V4YW1wbGVzPTEw" /><property name="hypothesis-statistics-tests/property/test_property_based.py::TestPhysicalConstraints::test_cosmological_densities_sum_to_one" value="dGVzdHMvcHJvcGVydHkvdGVzdF9wcm9wZXJ0eV9iYXNlZC5weTo6VGVzdFBoeXNpY2FsQ29uc3RyYWludHM6OnRlc3RfY29zbW9sb2dpY2FsX2RlbnNpdGllc19zdW1fdG9fb25lOgoKICAtIGR1cmluZyBnZW5lcmF0ZSBwaGFzZSAoMC4wMSBzZWNvbmRzKToKICAgIC0gVHlwaWNhbCBydW50aW1lczogfiAwLTEgbXMsIG9mIHdoaWNoIDwgMW1zIGluIGRhdGEgZ2VuZXJhdGlvbgogICAgLSAxNSBwYXNzaW5nIGV4YW1wbGVzLCAwIGZhaWxpbmcgZXhhbXBsZXMsIDAgaW52YWxpZCBleGFtcGxlcwoKICAtIFN0b3BwZWQgYmVjYXVzZSBzZXR0aW5ncy5tYXhfZXhhbXBsZXM9MTU=" /><property name="hypothesis-statistics-tests/property/test_property_based.py::TestPhysicalConstraints::test_mixing_angles_physical_range" value="dGVzdHMvcHJvcGVydHkvdGVzdF9wcm9wZXJ0eV9iYXNlZC5weTo6VGVzdFBoeXNpY2FsQ29uc3RyYWludHM6OnRlc3RfbWl4aW5nX2FuZ2xlc19waHlzaWNhbF9yYW5nZToKCiAgLSBkdXJpbmcgZ2VuZXJhdGUgcGhhc2UgKDAuMDEgc2Vjb25kcyk6CiAgICAtIFR5cGljYWwgcnVudGltZXM6IDwgMW1zLCBvZiB3aGljaCA8IDFtcyBpbiBkYXRhIGdlbmVyYXRpb24KICAgIC0gMTUgcGFzc2luZyBleGFtcGxlcywgMCBmYWlsaW5nIGV4YW1wbGVzLCAwIGludmFsaWQgZXhhbXBsZXMKCiAgLSBTdG9wcGVkIGJlY2F1c2Ugc2V0dGluZ3MubWF4X2V4YW1wbGVzPTE1" /><property name="hypothesis-statistics-tests/property/test_property_based.py::TestPhysicalConstraints::test_gauge_couplings_positive" value="dGVzdHMvcHJvcGVydHkvdGVzdF9wcm9wZXJ0eV9iYXNlZC5weTo6VGVzdFBoeXNpY2FsQ29uc3RyYWludHM6OnRlc3RfZ2F1Z2VfY291cGxpbmdzX3Bvc2l0aXZlOgoKICAtIGR1cmluZyBnZW5lcmF0ZSBwaGFzZSAoMC4wMSBzZWNvbmRzKToKICAgIC0gVHlwaWNhbCBydW50aW1lczogPCAxbXMsIG9mIHdoaWNoIDwgMW1zIGluIGRhdGEgZ2VuZXJhdGlvbgogICAgLSAxNSBwYXNzaW5nIGV4YW1wbGVzLCAwIGZhaWxpbmcgZXhhbXBsZXMsIDAgaW52YWxpZCBleGFtcGxlcwoKICAtIFN0b3BwZWQgYmVjYXVzZSBzZXR0aW5ncy5tYXhfZXhhbXBsZXM9MTU=" /><property name="hypothesis-statistics-tests/property/test_property_based.py::TestNumericalStability::test_continuous_dependence" value="dGVzdHMvcHJvcGVydHkvdGVzdF9wcm9wZXJ0eV9iYXNlZC5weTo6VGVzdE51bWVyaWNhbFN0YWJpbGl0eTo6dGVzdF9jb250aW51b3VzX2RlcGVuZGVuY2U6CgogIC0gZHVyaW5nIGdlbmVyYXRlIHBoYXNlICgwLjAxIHNlY29uZHMpOgogICAgLSBUeXBpY2FsIHJ1bnRpbWVzOiB+IDAtMSBtcywgb2Ygd2hpY2ggPCAxbXMgaW4gZGF0YSBnZW5lcmF0aW9uCiAgICAtIDEwIHBhc3NpbmcgZXhhbXBsZXMsIDAgZmFpbGluZyBleGFtcGxlcywgMiBpbnZhbGlkIGV4YW1wbGVzCiAgICAtIEV2ZW50czoKICAgICAgKiAxNi42NyUsIGludmFsaWQgYmVjYXVzZTogZmFpbGVkIHRvIHNhdGlzZnkgYXNzdW1lKCkgaW4gdGVzdF9jb250aW51b3VzX2RlcGVuZGVuY2UgKGxpbmUgMzMyKQoKICAtIFN0b3BwZWQgYmVjYXVzZSBzZXR0aW5ncy5tYXhfZXhhbXBsZXM9MTA=" /><property name="hypothesis-statistics-tests/property/test_property_based.py::TestNumericalStability::test_no_numerical_cancellation" value="dGVzdHMvcHJvcGVydHkvdGVzdF9wcm9wZXJ0eV9iYXNlZC5weTo6VGVzdE51bWVyaWNhbFN0YWJpbGl0eTo6dGVzdF9ub19udW1lcmljYWxfY2FuY2VsbGF0aW9uOgoKICAtIGR1cmluZyBnZW5lcmF0ZSBwaGFzZSAoMC4wMSBzZWNvbmRzKToKICAgIC0gVHlwaWNhbCBydW50aW1lczogPCAxbXMsIG9mIHdoaWNoIDwgMW1zIGluIGRhdGEgZ2VuZXJhdGlvbgogICAgLSAxMCBwYXNzaW5nIGV4YW1wbGVzLCAwIGZhaWxpbmcgZXhhbXBsZXMsIDAgaW52YWxpZCBleGFtcGxlcwoKICAtIFN0b3BwZWQgYmVjYXVzZSBzZXR0aW5ncy5tYXhfZXhhbXBsZXM9MTA=" /><property name="hypothesis-statistics-tests/property/test_property_based.py::TestSymmetryProperties::test_parameter_sign_invariance" value="dGVzdHMvcHJvcGVydHkvdGVzdF9wcm9wZXJ0eV9iYXNlZC5weTo6VGVzdFN5bW1ldHJ5UHJvcGVydGllczo6dGVzdF9wYXJhbWV0ZXJfc2lnbl9pbnZhcmlhbmNlOgoKICAtIGR1cmluZyBnZW5lcmF0ZSBwaGFzZSAoMC4wMCBzZWNvbmRzKToKICAgIC0gVHlwaWNhbCBydW50aW1lczogfiAwLTEgbXMsIG9mIHdoaWNoIDwgMW1zIGluIGRhdGEgZ2VuZXJhdGlvbgogICAgLSAwIHBhc3NpbmcgZXhhbXBsZXMsIDAgZmFpbGluZyBleGFtcGxlcywgMiBpbnZhbGlkIGV4YW1wbGVzCiAgICAtIEV2ZW50czoKICAgICAgKiAxMDAuMDAlLCBpbnZhbGlkIGJlY2F1c2U6IGZhaWxlZCB0byBzYXRpc2Z5IGFzc3VtZSgpIGluIHRlc3RfcGFyYW1ldGVyX3NpZ25faW52YXJpYW5jZSAobGluZSAzODMpCgogIC0gU3RvcHBlZCBiZWNhdXNlIG5vdGhpbmcgbGVmdCB0byBkbw==" /><property name="hypothesis-statistics-tests/property/test_property_based.py::TestMonotonicity::test_monotonic_parameter_dependence" value="dGVzdHMvcHJvcGVydHkvdGVzdF9wcm9wZXJ0eV9iYXNlZC5weTo6VGVzdE1vbm90b25pY2l0eTo6dGVzdF9tb25vdG9uaWNfcGFyYW1ldGVyX2RlcGVuZGVuY2U6CgogIC0gZHVyaW5nIGdlbmVyYXRlIHBoYXNlICgwLjAxIHNlY29uZHMpOgogICAgLSBUeXBpY2FsIHJ1bnRpbWVzOiB+IDAtMSBtcywgb2Ygd2hpY2ggPCAxbXMgaW4gZGF0YSBnZW5lcmF0aW9uCiAgICAtIDUgcGFzc2luZyBleGFtcGxlcywgMCBmYWlsaW5nIGV4YW1wbGVzLCAxIGludmFsaWQgZXhhbXBsZXMKICAgIC0gRXZlbnRzOgogICAgICAqIDE2LjY3JSwgUmV0cmllZCBkcmF3IGZyb20gRmxvYXRTdHJhdGVneShtaW5fdmFsdWU9MS44LCBtYXhfdmFsdWU9Mi4yLCBhbGxvd19uYW49RmFsc2UsIHNtYWxsZXN0X25vbnplcm9fbWFnbml0dWRlPTIuMjI1MDczODU4NTA3MjAxNGUtMzA4KS5maWx0ZXIobm90X3lldF9pbl91bmlxdWVfbGlzdCkgdG8gc2F0aXNmeSBmaWx0ZXIKICAgICAgKiAxNi42NyUsIGludmFsaWQgYmVjYXVzZTogQWJvcnRlZCB0ZXN0IGJlY2F1c2UgdW5hYmxlIHRvIHNhdGlzZnkgRmxvYXRTdHJhdGVneShtaW5fdmFsdWU9MS44LCBtYXhfdmFsdWU9Mi4yLCBhbGxvd19uYW49RmFsc2UsIHNtYWxsZXN0X25vbnplcm9fbWFnbml0dWRlPTIuMjI1MDczODU4NTA3MjAxNGUtMzA4KS5maWx0ZXIobm90X3lldF9pbl91bmlxdWVfbGlzdCkKCiAgLSBTdG9wcGVkIGJlY2F1c2Ugc2V0dGluZ3MubWF4X2V4YW1wbGVzPTU=" /><property name="hypothesis-statistics-tests/property/test_property_based.py::TestComposition::test_framework_composition" value="dGVzdHMvcHJvcGVydHkvdGVzdF9wcm9wZXJ0eV9iYXNlZC5weTo6VGVzdENvbXBvc2l0aW9uOjp0ZXN0X2ZyYW1ld29ya19jb21wb3NpdGlvbjoKCiAgLSBkdXJpbmcgZ2VuZXJhdGUgcGhhc2UgKDAuMDEgc2Vjb25kcyk6CiAgICAtIFR5cGljYWwgcnVudGltZXM6IH4gMC0xIG1zLCBvZiB3aGljaCA8IDFtcyBpbiBkYXRhIGdlbmVyYXRpb24KICAgIC0gMTAgcGFzc2luZyBleGFtcGxlcywgMCBmYWlsaW5nIGV4YW1wbGVzLCAwIGludmFsaWQgZXhhbXBsZXMKCiAgLSBTdG9wcGVkIGJlY2F1c2Ugc2V0dGluZ3MubWF4X2V4YW1wbGVzPTEw" /><property name="hypothesis-statistics-tests/property/test_property_based.py::TestHypothesisFeatures::test_interactive_strategy" value="dGVzdHMvcHJvcGVydHkvdGVzdF9wcm9wZXJ0eV9iYXNlZC5weTo6VGVzdEh5cG90aGVzaXNGZWF0dXJlczo6dGVzdF9pbnRlcmFjdGl2ZV9zdHJhdGVneToKCiAgLSBkdXJpbmcgZ2VuZXJhdGUgcGhhc2UgKDAuMDAgc2Vjb25kcyk6CiAgICAtIFR5cGljYWwgcnVudGltZXM6IH4gMC0xIG1zLCBvZiB3aGljaCA8IDFtcyBpbiBkYXRhIGdlbmVyYXRpb24KICAgIC0gNSBwYXNzaW5nIGV4YW1wbGVzLCAwIGZhaWxpbmcgZXhhbXBsZXMsIDAgaW52YWxpZCBleGFtcGxlcwoKICAtIFN0b3BwZWQgYmVjYXVzZSBzZXR0aW5ncy5tYXhfZXhhbXBsZXM9NQ==" /></properties><testcase classname="" name="tests.unit.test_error_handling" time="0.000"><skipped message="collection skipped">('/home/user/GIFT/tests/unit/test_error_handling.py', 13, 'Skipped: PyTorch required for G2 geometry tests')</skipped></testcase><testcase classname="dev.v2.2.tests.regression.test_v22_observables.TestV22ExactFormulas" name="test_sin2_theta_W_exact" time="0.001" /><testcase classname="dev.v2.2.tests.regression.test_v22_observables.TestV22ExactFormulas" name="test_kappa_T_exact" time="0.001" /><testcase classname="dev.v2.2.tests.regression.test_v22_observables.TestV22ExactFormulas" name="test_tau_exact" time="0.001" /><testcase classname="dev.v2.2.tests.regression.test_v22_observables.TestV22ExactFormulas" name="test_alpha_s_geometric_origin" time="0.001" /><testcase classname="dev.v2.2.tests.regression.test_v22_observables.TestV22ExactFormulas" name="test_lambda_H_geometric_origin" time="0.001" /><testcase classname="dev.v2.2.tests.regression.test_v22_observables.TestV22PrimeFactorizations" name="test_tau_numerator_factorization" time="0.001" /><testcase classname="dev.v2.2.tests.regression.test_v22_observables.TestV22PrimeFactorizations" name="test_tau_denominator_factorization" time="0.001" /><testcase classname="dev.v2.2.tests.regression.test_v22_observables.TestV22PrimeFactorizations" name="test_61_properties" time="0.001" /><testcase classname="dev.v2.2.tests.regression.test_v22_observables.TestV22PrimeFactorizations" name="test_221_structure" time="0.001" /><testcase classname="dev.v2.2.tests.regression.test_v22_observables.TestV22ProvenRelations" name="test_1_N_gen_exact" time="0.001" /><testcase classname="dev.v2.2.tests.regression.test_v22_observables.TestV22ProvenRelations" name="test_2_Q_Koide_exact" time="0.001" /><testcase classname="dev.v2.2.tests.regression.test_v22_observables.TestV22ProvenRelations" name="test_3_m_s_m_d_exact" time="0.001" /><testcase classname="dev.v2.2.tests.regression.test_v22_observables.TestV22ProvenRelations" name="test_4_delta_CP_exact" time="0.001" /><testcase classname="dev.v2.2.tests.regression.test_v22_observables.TestV22ProvenRelations" name="test_5_m_tau_m_e_exact" time="0.001" /><testcase classname="dev.v2.2.tests.regression.test_v22_observables.TestV22ProvenRelations" name="test_6_Omega_DE_exact" time="0.001" /><testcase classname="dev.v2.2.tests.regression.test_v22_observables.TestV22ProvenRelations" name="test_7_n_s_exact" time="0.736" /><testcase classname="dev.v2.2.tests.regression.test_v22_observables.TestV22ProvenRelations" name="test_8_xi_exact" time="0.001" /><testcase classname="dev.v2.2.tests.regression.test_v22_observables.TestV22ProvenRelations" name="test_9_lambda_H_exact" time="0.001" /><testcase classname="dev.v2.2.tests.regression.test_v22_observables.TestV22ProvenRelations" name="test_10_sin2_theta_W_exact" time="0.001" /><testcase classname="dev.v2.2.tests.regression.test_v22_observables.TestV22ProvenRelations" name="test_11_tau_exact" time="0.001" /><testcase classname="dev.v2.2.tests.regression.test_v22_observables.TestV22ProvenRelations" name="test_12_b3_relation" time="0.001" /><testcase classname="dev.v2.2.tests.regression.test_v22_observables.TestV22StatusClassification" name="test_proven_count" time="0.001" /><testcase classname="dev.v2.2.tests.regression.test_v22_observables.TestV22StatusClassification" name="test_no_phenomenological" time="0.001" /><testcase classname="dev.v2.2.tests.regression.test_v22_observables.TestV22StatusClassification" name="test_sin2_theta_W_promoted" time="0.001" /><testcase classname="dev.v2.2.tests.regression.test_v22_observables.TestV22StatusClassification" name="test_kappa_T_promoted" time="0.001" /><testcase classname="dev.v2.2.tests.regression.test_v22_observables.TestV22StatusClassification" name="test_tau_promoted" time="0.001" /><testcase classname="dev.v2.2.tests.regression.test_v22_observables.TestV22Precision" name="test_mean_deviation_improved" time="0.001" /><testcase classname="dev.v2.2.tests.regression.test_v22_observables.TestV22Precision" name="test_best_predictions_exact" time="0.001" /><testcase classname="dev.v2.2.tests.regression.test_v22_observables.TestV22Precision" name="test_sin2_theta_W_deviation" time="0.001" /><testcase classname="dev.v2.2.tests.regression.test_v22_observables.TestV22Precision" name="test_kappa_T_deviation" time="0.001" /><testcase classname="dev.v2.2.tests.regression.test_v22_observables.TestNumericalStability" name="test_exact_rationals_reproducible" time="0.001" /><testcase classname="dev.v2.2.tests.regression.test_v22_observables.TestNumericalStability" name="test_float_precision_adequate" time="0.001" /><testcase classname="dev.v2.2.tests.regression.test_v22_observables.TestNumericalStability" name="test_no_overflow_in_calculations" time="0.001" /><testcase classname="dev.v2.2.tests.regression.test_v22_observables.TestCrossSectorConsistency" name="test_61_connects_torsion_and_lepton" time="0.001" /><testcase classname="dev.v2.2.tests.regression.test_v22_observables.TestCrossSectorConsistency" name="test_221_connects_gauge_and_higgs" time="0.001" /><testcase classname="dev.v2.2.tests.regression.test_v22_observables.TestCrossSectorConsistency" name="test_framework_constants_consistent" time="0.001" /><testcase classname="dev.v2.2.tests.regression.test_v22_observables.TestDESICompatibility" name="test_kappa_T_within_DESI_bounds" time="0.001" /><testcase classname="dev.v2.2.tests.regression.test_v22_observables.TestV21ToV22Regression" name="test_proven_relations_unchanged" time="0.001" /><testcase classname="dev.v2.2.tests.regression.test_v22_observables.TestV21ToV22Regression" name="test_topological_constants_unchanged" time="0.001" /><testcase classname="dev.v2.2.tests.regression.test_v22_observables.TestV21ToV22Regression" name="test_precision_not_degraded" time="0.001" /><testcase classname="dev.v2.2.tests.regression.test_v22_observables.TestFibonacciLucasPatterns" name="test_fibonacci_encoding" time="0.001" /><testcase classname="dev.v2.2.tests.regression.test_v22_observables.TestFibonacciLucasPatterns" name="test_lucas_encoding" time="0.001" /><testcase classname="dev.v2.2.tests.regression.test_v22_observables.TestMersennePrimePatterns" name="test_mersenne_primes_appear" time="0.001" /><testcase classname="giftpy.giftpy_tests.test_constants.TestTopologicalConstants" name="test_primary_parameters" time="0.003" /><testcase classname="giftpy.giftpy_tests.test_constants.TestTopologicalConstants" name="test_dimensions" time="0.001" /><testcase classname="giftpy.giftpy_tests.test_constants.TestTopologicalConstants" name="test_betti_numbers" time="0.001" /><testcase classname="giftpy.giftpy_tests.test_constants.TestTopologicalConstants" name="test_betti_constraint" time="0.001" /><testcase classname="giftpy.giftpy_tests.test_constants.TestTopologicalConstants" name="test_total_cohomology" time="0.001" /><testcase classname="giftpy.giftpy_tests.test_constants.TestTopologicalConstants" name="test_euler_characteristic" time="0.001" /><testcase classname="giftpy.giftpy_tests.test_constants.TestTopologicalConstants" name="test_poincare_duality" time="0.001" /><testcase classname="giftpy.giftpy_tests.test_constants.TestTopologicalConstants" name="test_mathematical_constants" time="0.001" /><testcase classname="giftpy.giftpy_tests.test_constants.TestTopologicalConstants" name="test_gift_parameters" time="0.001"><failure message="assert 0.11997180897145143 &lt; 1e-10&#10; +  where 0.11997180897145143 = abs((0.39269908169872414 - 0.2727272727272727))&#10; +    where 0.39269908169872414 = TopologicalConstants(p2=2, rank_E8=8, Weyl_factor=5).beta0">giftpy/giftpy_tests/test_constants.py:82: in test_gift_parameters
    assert abs(CONSTANTS.beta0 - expected_beta0) &lt; 1e-10
E   assert 0.11997180897145143 &lt; 1e-10
E    +  where 0.11997180897145143 = abs((0.39269908169872414 - 0.2727272727272727))
E    +    where 0.39269908169872414 = TopologicalConstants(p2=2, rank_E8=8, Weyl_factor=5).beta0</failure></testcase><testcase classname="giftpy.giftpy_tests.test_constants.TestTopologicalConstants" name="test_tau_parameter" time="0.001" /><testcase classname="giftpy.giftpy_tests.test_constants.TestTopologicalConstants" name="test_delta_parameter" time="0.001" /><testcase classname="giftpy.giftpy_tests.test_constants.TestTopologicalConstants" name="test_verify_constraints" time="0.001" /><testcase classname="giftpy.giftpy_tests.test_constants.TestTopologicalConstants" name="test_custom_constants" time="0.001" /><testcase classname="giftpy.giftpy_tests.test_constants.TestTopologicalConstants" name="test_immutability" time="0.001" /><testcase classname="giftpy.giftpy_tests.test_constants.TestTopologicalConstants" name="test_summary" time="0.001" /><testcase classname="giftpy.giftpy_tests.test_framework.TestGIFTFramework" name="test_initialization" time="0.001" /><testcase classname="giftpy.giftpy_tests.test_framework.TestGIFTFramework" name="test_gauge_sector_access" time="0.014" /><testcase classname="giftpy.giftpy_tests.test_framework.TestGIFTFramework" name="test_lepton_sector_access" time="0.001" /><testcase classname="giftpy.giftpy_tests.test_framework.TestGIFTFramework" name="test_neutrino_sector_access" time="0.001" /><testcase classname="giftpy.giftpy_tests.test_framework.TestGIFTFramework" name="test_quark_sector_access" time="0.001" /><testcase classname="giftpy.giftpy_tests.test_framework.TestGIFTFramework" name="test_cosmology_sector_access" time="0.001" /><testcase classname="giftpy.giftpy_tests.test_framework.TestGIFTFramework" name="test_compute_all" time="0.003" /><testcase classname="giftpy.giftpy_tests.test_framework.TestGIFTFramework" name="test_validation" time="0.007" /><testcase classname="giftpy.giftpy_tests.test_framework.TestGIFTFramework" name="test_export_csv" time="0.020" /><testcase classname="giftpy.giftpy_tests.test_framework.TestGIFTFramework" name="test_export_json" time="0.004" /><testcase classname="giftpy.giftpy_tests.test_framework.TestGIFTFramework" name="test_compare_instances" time="0.004" /><testcase classname="giftpy.giftpy_tests.test_framework.TestGIFTFramework" name="test_cache_clearing" time="0.003" /><testcase classname="giftpy.giftpy_tests.test_framework.TestGIFTFramework" name="test_info" time="0.001" /><testcase classname="giftpy.giftpy_tests.test_framework.TestGIFTFramework" name="test_repr" time="0.001" /><testcase classname="giftpy.giftpy_tests.test_framework.TestGIFTFramework" name="test_version" time="0.001" /><testcase classname="giftpy.giftpy_tests.test_framework" name="test_reproducibility" time="0.004" /><testcase classname="giftpy.giftpy_tests.test_observables.TestGaugeSector" name="test_alpha_s" time="0.001" /><testcase classname="giftpy.giftpy_tests.test_observables.TestGaugeSector" name="test_sin2theta_W" time="0.001" /><testcase classname="giftpy.giftpy_tests.test_observables.TestGaugeSector" name="test_alpha_inv" time="0.001" /><testcase classname="giftpy.giftpy_tests.test_observables.TestGaugeSector" name="test_gauge_compute_all" time="0.001" /><testcase classname="giftpy.giftpy_tests.test_observables.TestLeptonSector" name="test_m_mu_m_e" time="0.001"><failure message="assert np.float64(0.1178004858496235) &lt; 0.01">giftpy/giftpy_tests/test_observables.py:85: in test_m_mu_m_e
    assert deviation &lt; 0.01  # Exceptional precision!
    ^^^^^^^^^^^^^^^^^^^^^^^
E   assert np.float64(0.1178004858496235) &lt; 0.01</failure></testcase><testcase classname="giftpy.giftpy_tests.test_observables.TestLeptonSector" name="test_m_tau_m_mu" time="0.001" /><testcase classname="giftpy.giftpy_tests.test_observables.TestLeptonSector" name="test_m_tau_m_e_exact" time="0.001"><failure message="assert 3547 == 3477">giftpy/giftpy_tests/test_observables.py:107: in test_m_tau_m_e_exact
    assert ratio == 3477
E   assert 3547 == 3477</failure></testcase><testcase classname="giftpy.giftpy_tests.test_observables.TestLeptonSector" name="test_Q_Koide_exact" time="0.001" /><testcase classname="giftpy.giftpy_tests.test_observables.TestLeptonSector" name="test_koide_formula_verification" time="0.001" /><testcase classname="giftpy.giftpy_tests.test_observables.TestNeutrinoSector" name="test_theta_12" time="0.001" /><testcase classname="giftpy.giftpy_tests.test_observables.TestNeutrinoSector" name="test_delta_CP" time="0.001" /><testcase classname="giftpy.giftpy_tests.test_observables.TestQuarkSector" name="test_m_s_m_d_exact" time="0.001" /><testcase classname="giftpy.giftpy_tests.test_observables.TestQuarkSector" name="test_V_us" time="0.001" /><testcase classname="giftpy.giftpy_tests.test_observables.TestCosmologySector" name="test_Omega_DE" time="0.001" /><testcase classname="giftpy.giftpy_tests.test_observables.TestCosmologySector" name="test_n_s" time="0.001" /><testcase classname="giftpy.giftpy_tests.test_observables" name="test_all_deviations_under_1_percent" time="0.002"><failure message="AssertionError: Max deviation 99.382% exceeds 1%!&#10;assert np.float64(99.38189723582609) &lt; 1.0">giftpy/giftpy_tests/test_observables.py:235: in test_all_deviations_under_1_percent
    assert max_deviation &lt; 1.0, f"Max deviation {max_deviation:.3f}% exceeds 1%!"
E   AssertionError: Max deviation 99.382% exceeds 1%!
E   assert np.float64(99.38189723582609) &lt; 1.0</failure></testcase><testcase classname="tests.documentation.test_docstring_validation.TestDocstringPresence" name="test_framework_class_has_docstring" time="0.001" /><testcase classname="tests.documentation.test_docstring_validation.TestDocstringPresence" name="test_parameters_class_has_docstring" time="0.001" /><testcase classname="tests.documentation.test_docstring_validation.TestDocstringPresence" name="test_public_methods_have_docstrings" time="0.001" /><testcase classname="tests.documentation.test_docstring_validation.TestDocstringFormat" name="test_docstring_describes_parameters" time="0.001" /><testcase classname="tests.documentation.test_docstring_validation.TestDocstringFormat" name="test_docstring_describes_returns" time="0.001" /><testcase classname="tests.documentation.test_docstring_validation.TestExampleCodeValidation" name="test_basic_usage_example" time="0.001" /><testcase classname="tests.documentation.test_docstring_validation.TestExampleCodeValidation" name="test_custom_parameters_example" time="0.001" /><testcase classname="tests.documentation.test_docstring_validation.TestExampleCodeValidation" name="test_accessing_specific_observable_example" time="0.001" /><testcase classname="tests.documentation.test_docstring_validation.TestDocumentationCompleteness" name="test_all_observables_documented" time="0.001" /><testcase classname="tests.documentation.test_docstring_validation.TestDocumentationCompleteness" name="test_parameter_descriptions_complete" time="0.001" /><testcase classname="tests.documentation.test_docstring_validation.TestAPIConsistency" name="test_method_naming_conventions" time="0.001" /><testcase classname="tests.documentation.test_docstring_validation.TestAPIConsistency" name="test_compute_methods_return_dict" time="0.002" /><testcase classname="tests.documentation.test_docstring_validation.TestAPIConsistency" name="test_observable_names_consistent" time="0.001" /><testcase classname="tests.documentation.test_docstring_validation.TestCodeExamples" name="test_readme_example_1" time="0.001" /><testcase classname="tests.documentation.test_docstring_validation.TestCodeExamples" name="test_readme_example_2" time="0.001" /><testcase classname="tests.documentation.test_docstring_validation.TestErrorMessageQuality" name="test_invalid_parameter_error_message" time="0.001" /><testcase classname="tests.documentation.test_docstring_validation.TestImportStructure" name="test_main_classes_importable" time="0.001" /><testcase classname="tests.documentation.test_docstring_validation.TestImportStructure" name="test_module_has_version" time="0.001" /><testcase classname="tests.documentation.test_docstring_validation.TestTypeHints" name="test_framework_methods_have_type_hints" time="0.001" /><testcase classname="tests.documentation.test_docstring_validation.TestDocumentationLinks" name="test_docstring_references_valid" time="0.001" /><testcase classname="tests.documentation.test_docstring_validation.TestExampleCompleteness" name="test_default_usage_example_exists" time="0.001" /><testcase classname="tests.documentation.test_docstring_validation.TestExampleCompleteness" name="test_custom_parameters_example_exists" time="0.001" /><testcase classname="tests.documentation.test_docstring_validation.TestExampleCompleteness" name="test_accessing_results_example_exists" time="0.001" /><testcase classname="tests.documentation.test_docstring_validation.TestDocumentationMetadata" name="test_module_has_author" time="0.001" /><testcase classname="tests.documentation.test_docstring_validation.TestDocumentationMetadata" name="test_classes_have_version_info" time="0.001" /><testcase classname="tests.integration.test_cross_version_compatibility.TestObservableNameCompatibility" name="test_v20_has_core_observables" time="0.009"><skipped type="pytest.skip" message="GIFTFrameworkStatistical not available">/home/user/GIFT/tests/integration/test_cross_version_compatibility.py:79: GIFTFrameworkStatistical not available</skipped></testcase><testcase classname="tests.integration.test_cross_version_compatibility.TestObservableNameCompatibility" name="test_v21_has_core_observables" time="0.001" /><testcase classname="tests.integration.test_cross_version_compatibility.TestObservableNameCompatibility" name="test_common_observable_names" time="0.006"><skipped type="pytest.skip" message="GIFTFrameworkStatistical not available">/home/user/GIFT/tests/integration/test_cross_version_compatibility.py:104: GIFTFrameworkStatistical not available</skipped></testcase><testcase classname="tests.integration.test_cross_version_compatibility.TestObservableValueCompatibility" name="test_topological_observables_match" time="0.006"><skipped type="pytest.skip" message="GIFTFrameworkStatistical not available">/home/user/GIFT/tests/integration/test_cross_version_compatibility.py:137: GIFTFrameworkStatistical not available</skipped></testcase><testcase classname="tests.integration.test_cross_version_compatibility.TestObservableValueCompatibility" name="test_gauge_couplings_compatible" time="0.006"><skipped type="pytest.skip" message="GIFTFrameworkStatistical not available">/home/user/GIFT/tests/integration/test_cross_version_compatibility.py:154: GIFTFrameworkStatistical not available</skipped></testcase><testcase classname="tests.integration.test_cross_version_compatibility.TestParameterCompatibility" name="test_default_p2_matches" time="0.006"><skipped type="pytest.skip" message="GIFTFrameworkStatistical not available">/home/user/GIFT/tests/integration/test_cross_version_compatibility.py:178: GIFTFrameworkStatistical not available</skipped></testcase><testcase classname="tests.integration.test_cross_version_compatibility.TestParameterCompatibility" name="test_default_Weyl_factor_matches" time="0.007"><skipped type="pytest.skip" message="GIFTFrameworkStatistical not available">/home/user/GIFT/tests/integration/test_cross_version_compatibility.py:185: GIFTFrameworkStatistical not available</skipped></testcase><testcase classname="tests.integration.test_cross_version_compatibility.TestParameterCompatibility" name="test_topological_integers_match" time="0.006"><skipped type="pytest.skip" message="GIFTFrameworkStatistical not available">/home/user/GIFT/tests/integration/test_cross_version_compatibility.py:192: GIFTFrameworkStatistical not available</skipped></testcase><testcase classname="tests.integration.test_cross_version_compatibility.TestMigrationPath" name="test_v20_results_reproducible_in_v21" time="0.006"><skipped type="pytest.skip" message="GIFTFrameworkStatistical not available">/home/user/GIFT/tests/integration/test_cross_version_compatibility.py:219: GIFTFrameworkStatistical not available</skipped></testcase><testcase classname="tests.integration.test_cross_version_compatibility.TestAPICompatibility" name="test_compute_method_exists_v20" time="0.006"><skipped type="pytest.skip" message="GIFTFrameworkStatistical not available">/home/user/GIFT/tests/integration/test_cross_version_compatibility.py:259: GIFTFrameworkStatistical not available</skipped></testcase><testcase classname="tests.integration.test_cross_version_compatibility.TestAPICompatibility" name="test_compute_method_exists_v21" time="0.001" /><testcase classname="tests.integration.test_cross_version_compatibility.TestAPICompatibility" name="test_compute_returns_dict_v20" time="0.006"><skipped type="pytest.skip" message="GIFTFrameworkStatistical not available">/home/user/GIFT/tests/integration/test_cross_version_compatibility.py:269: GIFTFrameworkStatistical not available</skipped></testcase><testcase classname="tests.integration.test_cross_version_compatibility.TestAPICompatibility" name="test_compute_returns_dict_v21" time="0.001" /><testcase classname="tests.integration.test_cross_version_compatibility.TestGiftpyCompatibility" name="test_giftpy_vs_v20_Q_Koide" time="0.006"><skipped type="pytest.skip" message="GIFTFrameworkStatistical not available">/home/user/GIFT/tests/integration/test_cross_version_compatibility.py:287: GIFTFrameworkStatistical not available</skipped></testcase><testcase classname="tests.integration.test_cross_version_compatibility.TestGiftpyCompatibility" name="test_giftpy_vs_v21_Q_Koide" time="0.001" /><testcase classname="tests.integration.test_cross_version_compatibility.TestGiftpyCompatibility" name="test_giftpy_topological_constants_consistent" time="0.001" /><testcase classname="tests.integration.test_cross_version_compatibility.TestOutputFormatCompatibility" name="test_v20_output_values_numeric" time="0.006"><skipped type="pytest.skip" message="GIFTFrameworkStatistical not available">/home/user/GIFT/tests/integration/test_cross_version_compatibility.py:322: GIFTFrameworkStatistical not available</skipped></testcase><testcase classname="tests.integration.test_cross_version_compatibility.TestOutputFormatCompatibility" name="test_v21_output_values_numeric" time="0.001" /><testcase classname="tests.integration.test_cross_version_compatibility.TestBackwardCompatibility" name="test_v20_interface_still_works" time="0.006"><skipped type="pytest.skip" message="GIFTFrameworkStatistical not available">/home/user/GIFT/tests/integration/test_cross_version_compatibility.py:344: GIFTFrameworkStatistical not available</skipped></testcase><testcase classname="tests.integration.test_cross_version_compatibility.TestBackwardCompatibility" name="test_can_use_v20_parameters_in_v21" time="0.001" /><testcase classname="tests.integration.test_publication_code_consistency.TestTopologicalConstantsConsistency" name="test_topological_constant_matches_docs[b2_K7-spec0]" time="0.001" /><testcase classname="tests.integration.test_publication_code_consistency.TestTopologicalConstantsConsistency" name="test_topological_constant_matches_docs[b3_K7-spec1]" time="0.001" /><testcase classname="tests.integration.test_publication_code_consistency.TestTopologicalConstantsConsistency" name="test_topological_constant_matches_docs[H_star-spec2]" time="0.001" /><testcase classname="tests.integration.test_publication_code_consistency.TestTopologicalConstantsConsistency" name="test_topological_constant_matches_docs[dim_E8-spec3]" time="0.001" /><testcase classname="tests.integration.test_publication_code_consistency.TestTopologicalConstantsConsistency" name="test_topological_constant_matches_docs[dim_G2-spec4]" time="0.001" /><testcase classname="tests.integration.test_publication_code_consistency.TestTopologicalConstantsConsistency" name="test_topological_constant_matches_docs[dim_K7-spec5]" time="0.001" /><testcase classname="tests.integration.test_publication_code_consistency.TestTopologicalConstantsConsistency" name="test_topological_constant_matches_docs[N_gen-spec6]" time="0.001" /><testcase classname="tests.integration.test_publication_code_consistency.TestProvenRelationsConsistency" name="test_Q_Koide_matches_docs" time="0.001" /><testcase classname="tests.integration.test_publication_code_consistency.TestProvenRelationsConsistency" name="test_m_tau_m_e_matches_docs" time="0.001"><failure message="AssertionError: m_tau_m_e: code=3547, docs=3477&#10;assert 3547 == 3477">tests/integration/test_publication_code_consistency.py:242: in test_m_tau_m_e_matches_docs
    assert code_value == spec['value'], \
E   AssertionError: m_tau_m_e: code=3547, docs=3477
E   assert 3547 == 3477</failure></testcase><testcase classname="tests.integration.test_publication_code_consistency.TestProvenRelationsConsistency" name="test_m_s_m_d_matches_docs" time="0.001" /><testcase classname="tests.integration.test_publication_code_consistency.TestProvenRelationsConsistency" name="test_alpha_s_matches_docs" time="0.001" /><testcase classname="tests.integration.test_publication_code_consistency.TestProvenRelationsConsistency" name="test_lambda_H_matches_docs" time="0.001" /><testcase classname="tests.integration.test_publication_code_consistency.TestProvenRelationsConsistency" name="test_Omega_DE_matches_docs" time="0.001" /><testcase classname="tests.integration.test_publication_code_consistency.TestFormulaImplementations" name="test_beta0_formula" time="0.001"><failure message="assert np.False_&#10; +  where np.False_ = &lt;function isclose at 0x7ebbe4fcc870&gt;(0.39269908169872414, 0.2727272727272727, rtol=1e-14)&#10; +    where &lt;function isclose at 0x7ebbe4fcc870&gt; = np.isclose&#10; +    and   0.39269908169872414 = TopologicalConstants(p2=2, rank_E8=8, Weyl_factor=5).beta0">tests/integration/test_publication_code_consistency.py:290: in test_beta0_formula
    assert np.isclose(giftpy_constants.beta0, expected, rtol=1e-14)
E   assert np.False_
E    +  where np.False_ = &lt;function isclose at 0x7ebbe4fcc870&gt;(0.39269908169872414, 0.2727272727272727, rtol=1e-14)
E    +    where &lt;function isclose at 0x7ebbe4fcc870&gt; = np.isclose
E    +    and   0.39269908169872414 = TopologicalConstants(p2=2, rank_E8=8, Weyl_factor=5).beta0</failure></testcase><testcase classname="tests.integration.test_publication_code_consistency.TestFormulaImplementations" name="test_xi_formula" time="0.001" /><testcase classname="tests.integration.test_publication_code_consistency.TestFormulaImplementations" name="test_H_star_formula" time="0.002"><failure message="assert 99 == 198&#10; +  where 99 = TopologicalConstants(p2=2, rank_E8=8, Weyl_factor=5).H_star">tests/integration/test_publication_code_consistency.py:303: in test_H_star_formula
    assert giftpy_constants.H_star == expected
E   assert 99 == 198
E    +  where 99 = TopologicalConstants(p2=2, rank_E8=8, Weyl_factor=5).H_star</failure></testcase><testcase classname="tests.integration.test_publication_code_consistency.TestFormulaImplementations" name="test_Q_Koide_formula" time="0.001" /><testcase classname="tests.integration.test_publication_code_consistency.TestFormulaImplementations" name="test_m_tau_m_e_formula" time="0.001" /><testcase classname="tests.integration.test_publication_code_consistency.TestExperimentalValuesConsistency" name="test_experimental_value_documented[alpha_inv_MZ-exp_data0]" time="0.001" /><testcase classname="tests.integration.test_publication_code_consistency.TestExperimentalValuesConsistency" name="test_experimental_value_documented[alpha_s_MZ-exp_data1]" time="0.001" /><testcase classname="tests.integration.test_publication_code_consistency.TestExperimentalValuesConsistency" name="test_experimental_value_documented[sin2thetaW-exp_data2]" time="0.001" /><testcase classname="tests.integration.test_publication_code_consistency.TestExperimentalValuesConsistency" name="test_experimental_value_documented[Q_Koide-exp_data3]" time="0.001" /><testcase classname="tests.integration.test_publication_code_consistency.TestExperimentalValuesConsistency" name="test_experimental_value_documented[m_mu_m_e-exp_data4]" time="0.001" /><testcase classname="tests.integration.test_publication_code_consistency.TestExperimentalValuesConsistency" name="test_experimental_value_documented[m_tau_m_e-exp_data5]" time="0.001" /><testcase classname="tests.integration.test_publication_code_consistency.TestExperimentalValuesConsistency" name="test_experimental_value_documented[delta_CP-exp_data6]" time="0.001" /><testcase classname="tests.integration.test_publication_code_consistency.TestExperimentalValuesConsistency" name="test_experimental_value_documented[Omega_DE-exp_data7]" time="0.001" /><testcase classname="tests.integration.test_publication_code_consistency.TestStatusClassifications" name="test_proven_observables_are_exact" time="0.001"><failure message="assert 3547 == 3477">tests/integration/test_publication_code_consistency.py:368: in test_proven_observables_are_exact
    assert ratio == 3477
E   assert 3547 == 3477</failure></testcase><testcase classname="tests.integration.test_publication_code_consistency.TestDocumentationFiles" name="test_documentation_file_exists[publications/v2.1/gift_main.md]" time="0.001"><skipped type="pytest.skip" message="Documentation file not found: publications/v2.1/gift_main.md">/home/user/GIFT/tests/integration/test_publication_code_consistency.py:394: Documentation file not found: publications/v2.1/gift_main.md</skipped></testcase><testcase classname="tests.integration.test_publication_code_consistency.TestDocumentationFiles" name="test_documentation_file_exists[publications/v2.1/supplements/A_math_foundations.md]" time="0.001"><skipped type="pytest.skip" message="Documentation file not found: publications/v2.1/supplements/A_math_foundations.md">/home/user/GIFT/tests/integration/test_publication_code_consistency.py:394: Documentation file not found: publications/v2.1/supplements/A_math_foundations.md</skipped></testcase><testcase classname="tests.integration.test_publication_code_consistency.TestDocumentationFiles" name="test_documentation_file_exists[publications/v2.1/supplements/B_rigorous_proofs.md]" time="0.001"><skipped type="pytest.skip" message="Documentation file not found: publications/v2.1/supplements/B_rigorous_proofs.md">/home/user/GIFT/tests/integration/test_publication_code_consistency.py:394: Documentation file not found: publications/v2.1/supplements/B_rigorous_proofs.md</skipped></testcase><testcase classname="tests.integration.test_publication_code_consistency.TestDocumentationFiles" name="test_documentation_file_exists[publications/v2.1/supplements/C_complete_derivations.md]" time="0.001"><skipped type="pytest.skip" message="Documentation file not found: publications/v2.1/supplements/C_complete_derivations.md">/home/user/GIFT/tests/integration/test_publication_code_consistency.py:394: Documentation file not found: publications/v2.1/supplements/C_complete_derivations.md</skipped></testcase><testcase classname="tests.integration.test_publication_code_consistency.TestDocumentationFiles" name="test_gift_main_contains_constants" time="0.001"><skipped type="pytest.skip" message="gift_main.md not found">/home/user/GIFT/tests/integration/test_publication_code_consistency.py:400: gift_main.md not found</skipped></testcase><testcase classname="tests.integration.test_publication_code_consistency.TestCrossReferences" name="test_all_documented_values_computable" time="0.001" /><testcase classname="tests.integration.test_publication_code_consistency.TestPrecisionConsistency" name="test_mean_precision_claim" time="0.001" /><testcase classname="tests.notebooks.test_notebook_execution_comprehensive.TestNotebookStructure" name="test_notebook_is_valid_json[G2_ML/0.1/Complete_G\u2082_Metric_Training_v0_1.ipynb]" time="0.010" /><testcase classname="tests.notebooks.test_notebook_execution_comprehensive.TestNotebookStructure" name="test_notebook_is_valid_json[G2_ML/0.2/Complete_G\u2082_Metric_Training_v0_2.ipynb]" time="0.011" /><testcase classname="tests.notebooks.test_notebook_execution_comprehensive.TestNotebookStructure" name="test_notebook_is_valid_json[G2_ML/0.3/Complete_G2_Metric_Training_v0_3.ipynb]" time="0.004" /><testcase classname="tests.notebooks.test_notebook_execution_comprehensive.TestNotebookStructure" name="test_notebook_is_valid_json[G2_ML/0.3/Complete_G2_Metric_Training_v0_3b.ipynb]" time="0.003" /><testcase classname="tests.notebooks.test_notebook_execution_comprehensive.TestNotebookStructure" name="test_notebook_is_valid_json[G2_ML/0.3/Complete_G2_Metric_Training_v0_3c.ipynb]" time="0.003" /><testcase classname="tests.notebooks.test_notebook_execution_comprehensive.TestNotebookStructure" name="test_notebook_is_valid_json[G2_ML/0.4/Complete_G2_Metric_Training_v0_4.ipynb]" time="0.019" /><testcase classname="tests.notebooks.test_notebook_execution_comprehensive.TestNotebookStructure" name="test_notebook_is_valid_json[G2_ML/0.5/Complete_G2_Metric_Training_v0_5_GIFT_Geometry.ipynb]" time="0.003" /><testcase classname="tests.notebooks.test_notebook_execution_comprehensive.TestNotebookStructure" name="test_notebook_is_valid_json[G2_ML/0.6/Complete_G2_Metric_Training_v0_6.ipynb]" time="0.002" /><testcase classname="tests.notebooks.test_notebook_execution_comprehensive.TestNotebookStructure" name="test_notebook_is_valid_json[G2_ML/0.6b/Complete_G2_Metric_Training_v0_6b.ipynb]" time="0.002" /><testcase classname="tests.notebooks.test_notebook_execution_comprehensive.TestNotebookStructure" name="test_notebook_is_valid_json[G2_ML/0.6c/Complete_G2_Metric_Training_v0_6c.ipynb]" time="0.003" /><testcase classname="tests.notebooks.test_notebook_execution_comprehensive.TestNotebookStructure" name="test_notebook_is_valid_json[G2_ML/0.7/Complete_G2_Metric_Training_v0_7.ipynb]" time="0.002" /><testcase classname="tests.notebooks.test_notebook_execution_comprehensive.TestNotebookStructure" name="test_notebook_is_valid_json[G2_ML/0.8/Complete_G2_Metric_Training_v0_8b.ipynb]" time="0.002" /><testcase classname="tests.notebooks.test_notebook_execution_comprehensive.TestNotebookStructure" name="test_notebook_is_valid_json[G2_ML/0.9/K7_Metric_Reconstruction_Complete.ipynb]" time="0.002" /><testcase classname="tests.notebooks.test_notebook_execution_comprehensive.TestNotebookStructure" name="test_notebook_is_valid_json[G2_ML/0.9a/K7_Metric_Reconstruction_Complete.ipynb]" time="0.002" /><testcase classname="tests.notebooks.test_notebook_execution_comprehensive.TestNotebookStructure" name="test_notebook_is_valid_json[G2_ML/0.9b/K7_Metric_Reconstruction_0_9.ipynb]" time="0.003" /><testcase classname="tests.notebooks.test_notebook_execution_comprehensive.TestNotebookStructure" name="test_notebook_is_valid_json[G2_ML/1.0d/K7_G2_TCS_ExplicitMetric_v1_0d.ipynb]" time="0.002" /><testcase classname="tests.notebooks.test_notebook_execution_comprehensive.TestNotebookStructure" name="test_notebook_is_valid_json[G2_ML/1.0e/K7_G2_TCS_ExplicitMetric_v1_0e.ipynb]" time="0.001" /><testcase classname="tests.notebooks.test_notebook_execution_comprehensive.TestNotebookStructure" name="test_notebook_is_valid_json[G2_ML/1.0e/K7_G2_TCS_ExplicitMetric_v1_0e_trained.ipynb]" time="0.002" /><testcase classname="tests.notebooks.test_notebook_execution_comprehensive.TestNotebookStructure" name="test_notebook_is_valid_json[G2_ML/1.0f/K7_G2_TCS_ExplicitMetric_v1_0f.ipynb]" time="0.003" /><testcase classname="tests.notebooks.test_notebook_execution_comprehensive.TestNotebookStructure" name="test_notebook_is_valid_json[G2_ML/1_1/K7_G2_TCS_ExplicitMetric_v1_1.ipynb]" time="0.002" /><testcase classname="tests.notebooks.test_notebook_execution_comprehensive.TestNotebookStructure" name="test_notebook_is_valid_json[G2_ML/1_1a/K7_G2_TCS_ExplicitMetric_v1_1a.ipynb]" time="0.002" /><testcase classname="tests.notebooks.test_notebook_execution_comprehensive.TestNotebookStructure" name="test_notebook_is_valid_json[G2_ML/1_1b/K7_G2_TCS_RGFlow_v1_1b.ipynb]" time="0.002" /><testcase classname="tests.notebooks.test_notebook_execution_comprehensive.TestNotebookStructure" name="test_notebook_is_valid_json[G2_ML/1_1c/K7_G2_TCS_v1_1c.ipynb]" time="0.002" /><testcase classname="tests.notebooks.test_notebook_execution_comprehensive.TestNotebookStructure" name="test_notebook_is_valid_json[G2_ML/1_2/K7_G2_TCS_GIFT_Full_v1_2.ipynb]" time="0.002" /><testcase classname="tests.notebooks.test_notebook_execution_comprehensive.TestNotebookStructure" name="test_notebook_is_valid_json[G2_ML/1_2/K7_G2_TCS_GIFT_Full_v1_2a.ipynb]" time="0.002" /><testcase classname="tests.notebooks.test_notebook_execution_comprehensive.TestNotebookStructure" name="test_notebook_is_valid_json[G2_ML/1_2a/K7_G2_TCS_GIFT_Full_v1_2a.ipynb]" time="0.002" /><testcase classname="tests.notebooks.test_notebook_execution_comprehensive.TestNotebookStructure" name="test_notebook_is_valid_json[G2_ML/1_2b/K7_G2_TCS_GIFT_Full_v1_2b.ipynb]" time="0.002" /><testcase classname="tests.notebooks.test_notebook_execution_comprehensive.TestNotebookStructure" name="test_notebook_is_valid_json[G2_ML/1_2c/K7_G2_TCS_GIFT_Full_v1_2c.ipynb]" time="0.002" /><testcase classname="tests.notebooks.test_notebook_execution_comprehensive.TestNotebookStructure" name="test_notebook_is_valid_json[G2_ML/1_3/K7_GIFT_v1_3_zero_param.ipynb]" time="0.001" /><testcase classname="tests.notebooks.test_notebook_execution_comprehensive.TestNotebookStructure" name="test_notebook_is_valid_json[G2_ML/1_3/K7_GIFT_v1_3b_rigorous.ipynb]" time="0.002" /><testcase classname="tests.notebooks.test_notebook_execution_comprehensive.TestNotebookStructure" name="test_notebook_is_valid_json[G2_ML/1_3b/K7_GIFT_v1_3b_rigorous.ipynb]" time="0.002" /><testcase classname="tests.notebooks.test_notebook_execution_comprehensive.TestNotebookStructure" name="test_notebook_is_valid_json[G2_ML/1_3c/K7_GIFT_v1_3c_rigorous_full.ipynb]" time="0.002" /><testcase classname="tests.notebooks.test_notebook_execution_comprehensive.TestNotebookStructure" name="test_notebook_is_valid_json[G2_ML/1_4/K7_GIFT_v1_4_TCS_full.ipynb]" time="0.002" /><testcase classname="tests.notebooks.test_notebook_execution_comprehensive.TestNotebookStructure" name="test_notebook_is_valid_json[G2_ML/1_5/K7_GIFT_v1_5.ipynb]" time="0.002" /><testcase classname="tests.notebooks.test_notebook_execution_comprehensive.TestNotebookStructure" name="test_notebook_is_valid_json[G2_ML/1_6/K7_GIFT_v1_6.ipynb]" time="0.002" /><testcase classname="tests.notebooks.test_notebook_execution_comprehensive.TestNotebookStructure" name="test_notebook_is_valid_json[G2_ML/1_6/K7_GIFT_v1_6_analysed.ipynb]" time="0.003" /><testcase classname="tests.notebooks.test_notebook_execution_comprehensive.TestNotebookStructure" name="test_notebook_is_valid_json[G2_ML/1_7/K7_GIFT_v1_7_hybrid_analytic.ipynb]" time="0.001" /><testcase classname="tests.notebooks.test_notebook_execution_comprehensive.TestNotebookStructure" name="test_notebook_is_valid_json[G2_ML/1_7b/K7_GIFT_v1_7b_tuned.ipynb]" time="0.002" /><testcase classname="tests.notebooks.test_notebook_execution_comprehensive.TestNotebookStructure" name="test_notebook_is_valid_json[assets/visualizations/dimensional_reduction_flow.ipynb]" time="0.001" /><testcase classname="tests.notebooks.test_notebook_execution_comprehensive.TestNotebookStructure" name="test_notebook_is_valid_json[assets/visualizations/e8_root_system_3d.ipynb]" time="0.001" /><testcase classname="tests.notebooks.test_notebook_execution_comprehensive.TestNotebookStructure" name="test_notebook_is_valid_json[assets/visualizations/precision_dashboard.ipynb]" time="0.001" /><testcase classname="tests.notebooks.test_notebook_execution_comprehensive.TestNotebookStructure" name="test_notebook_has_cells[G2_ML/0.1/Complete_G\u2082_Metric_Training_v0_1.ipynb]" time="0.006" /><testcase classname="tests.notebooks.test_notebook_execution_comprehensive.TestNotebookStructure" name="test_notebook_has_cells[G2_ML/0.2/Complete_G\u2082_Metric_Training_v0_2.ipynb]" time="0.007" /><testcase classname="tests.notebooks.test_notebook_execution_comprehensive.TestNotebookStructure" name="test_notebook_has_cells[G2_ML/0.3/Complete_G2_Metric_Training_v0_3.ipynb]" time="0.003" /><testcase classname="tests.notebooks.test_notebook_execution_comprehensive.TestNotebookStructure" name="test_notebook_has_cells[G2_ML/0.3/Complete_G2_Metric_Training_v0_3b.ipynb]" time="0.003" /><testcase classname="tests.notebooks.test_notebook_execution_comprehensive.TestNotebookStructure" name="test_notebook_has_cells[G2_ML/0.3/Complete_G2_Metric_Training_v0_3c.ipynb]" time="0.003" /><testcase classname="tests.notebooks.test_notebook_execution_comprehensive.TestNotebookStructure" name="test_notebook_has_cells[G2_ML/0.4/Complete_G2_Metric_Training_v0_4.ipynb]" time="0.017" /><testcase classname="tests.notebooks.test_notebook_execution_comprehensive.TestNotebookStructure" name="test_notebook_has_cells[G2_ML/0.5/Complete_G2_Metric_Training_v0_5_GIFT_Geometry.ipynb]" time="0.003" /><testcase classname="tests.notebooks.test_notebook_execution_comprehensive.TestNotebookStructure" name="test_notebook_has_cells[G2_ML/0.6/Complete_G2_Metric_Training_v0_6.ipynb]" time="0.002" /><testcase classname="tests.notebooks.test_notebook_execution_comprehensive.TestNotebookStructure" name="test_notebook_has_cells[G2_ML/0.6b/Complete_G2_Metric_Training_v0_6b.ipynb]" time="0.002" /><testcase classname="tests.notebooks.test_notebook_execution_comprehensive.TestNotebookStructure" name="test_notebook_has_cells[G2_ML/0.6c/Complete_G2_Metric_Training_v0_6c.ipynb]" time="0.004" /><testcase classname="tests.notebooks.test_notebook_execution_comprehensive.TestNotebookStructure" name="test_notebook_has_cells[G2_ML/0.7/Complete_G2_Metric_Training_v0_7.ipynb]" time="0.002" /><testcase classname="tests.notebooks.test_notebook_execution_comprehensive.TestNotebookStructure" name="test_notebook_has_cells[G2_ML/0.8/Complete_G2_Metric_Training_v0_8b.ipynb]" time="0.002" /><testcase classname="tests.notebooks.test_notebook_execution_comprehensive.TestNotebookStructure" name="test_notebook_has_cells[G2_ML/0.9/K7_Metric_Reconstruction_Complete.ipynb]" time="0.002" /><testcase classname="tests.notebooks.test_notebook_execution_comprehensive.TestNotebookStructure" name="test_notebook_has_cells[G2_ML/0.9a/K7_Metric_Reconstruction_Complete.ipynb]" time="0.002" /><testcase classname="tests.notebooks.test_notebook_execution_comprehensive.TestNotebookStructure" name="test_notebook_has_cells[G2_ML/0.9b/K7_Metric_Reconstruction_0_9.ipynb]" time="0.003" /><testcase classname="tests.notebooks.test_notebook_execution_comprehensive.TestNotebookStructure" name="test_notebook_has_cells[G2_ML/1.0d/K7_G2_TCS_ExplicitMetric_v1_0d.ipynb]" time="0.002" /><testcase classname="tests.notebooks.test_notebook_execution_comprehensive.TestNotebookStructure" name="test_notebook_has_cells[G2_ML/1.0e/K7_G2_TCS_ExplicitMetric_v1_0e.ipynb]" time="0.001" /><testcase classname="tests.notebooks.test_notebook_execution_comprehensive.TestNotebookStructure" name="test_notebook_has_cells[G2_ML/1.0e/K7_G2_TCS_ExplicitMetric_v1_0e_trained.ipynb]" time="0.001" /><testcase classname="tests.notebooks.test_notebook_execution_comprehensive.TestNotebookStructure" name="test_notebook_has_cells[G2_ML/1.0f/K7_G2_TCS_ExplicitMetric_v1_0f.ipynb]" time="0.002" /><testcase classname="tests.notebooks.test_notebook_execution_comprehensive.TestNotebookStructure" name="test_notebook_has_cells[G2_ML/1_1/K7_G2_TCS_ExplicitMetric_v1_1.ipynb]" time="0.002" /><testcase classname="tests.notebooks.test_notebook_execution_comprehensive.TestNotebookStructure" name="test_notebook_has_cells[G2_ML/1_1a/K7_G2_TCS_ExplicitMetric_v1_1a.ipynb]" time="0.002" /><testcase classname="tests.notebooks.test_notebook_execution_comprehensive.TestNotebookStructure" name="test_notebook_has_cells[G2_ML/1_1b/K7_G2_TCS_RGFlow_v1_1b.ipynb]" time="0.002" /><testcase classname="tests.notebooks.test_notebook_execution_comprehensive.TestNotebookStructure" name="test_notebook_has_cells[G2_ML/1_1c/K7_G2_TCS_v1_1c.ipynb]" time="0.002" /><testcase classname="tests.notebooks.test_notebook_execution_comprehensive.TestNotebookStructure" name="test_notebook_has_cells[G2_ML/1_2/K7_G2_TCS_GIFT_Full_v1_2.ipynb]" time="0.002" /><testcase classname="tests.notebooks.test_notebook_execution_comprehensive.TestNotebookStructure" name="test_notebook_has_cells[G2_ML/1_2/K7_G2_TCS_GIFT_Full_v1_2a.ipynb]" time="0.001" /><testcase classname="tests.notebooks.test_notebook_execution_comprehensive.TestNotebookStructure" name="test_notebook_has_cells[G2_ML/1_2a/K7_G2_TCS_GIFT_Full_v1_2a.ipynb]" time="0.002" /><testcase classname="tests.notebooks.test_notebook_execution_comprehensive.TestNotebookStructure" name="test_notebook_has_cells[G2_ML/1_2b/K7_G2_TCS_GIFT_Full_v1_2b.ipynb]" time="0.002" /><testcase classname="tests.notebooks.test_notebook_execution_comprehensive.TestNotebookStructure" name="test_notebook_has_cells[G2_ML/1_2c/K7_G2_TCS_GIFT_Full_v1_2c.ipynb]" time="0.002" /><testcase classname="tests.notebooks.test_notebook_execution_comprehensive.TestNotebookStructure" name="test_notebook_has_cells[G2_ML/1_3/K7_GIFT_v1_3_zero_param.ipynb]" time="0.001" /><testcase classname="tests.notebooks.test_notebook_execution_comprehensive.TestNotebookStructure" name="test_notebook_has_cells[G2_ML/1_3/K7_GIFT_v1_3b_rigorous.ipynb]" time="0.001" /><testcase classname="tests.notebooks.test_notebook_execution_comprehensive.TestNotebookStructure" name="test_notebook_has_cells[G2_ML/1_3b/K7_GIFT_v1_3b_rigorous.ipynb]" time="0.002" /><testcase classname="tests.notebooks.test_notebook_execution_comprehensive.TestNotebookStructure" name="test_notebook_has_cells[G2_ML/1_3c/K7_GIFT_v1_3c_rigorous_full.ipynb]" time="0.001" /><testcase classname="tests.notebooks.test_notebook_execution_comprehensive.TestNotebookStructure" name="test_notebook_has_cells[G2_ML/1_4/K7_GIFT_v1_4_TCS_full.ipynb]" time="0.002" /><testcase classname="tests.notebooks.test_notebook_execution_comprehensive.TestNotebookStructure" name="test_notebook_has_cells[G2_ML/1_5/K7_GIFT_v1_5.ipynb]" time="0.002" /><testcase classname="tests.notebooks.test_notebook_execution_comprehensive.TestNotebookStructure" name="test_notebook_has_cells[G2_ML/1_6/K7_GIFT_v1_6.ipynb]" time="0.002" /><testcase classname="tests.notebooks.test_notebook_execution_comprehensive.TestNotebookStructure" name="test_notebook_has_cells[G2_ML/1_6/K7_GIFT_v1_6_analysed.ipynb]" time="0.003" /><testcase classname="tests.notebooks.test_notebook_execution_comprehensive.TestNotebookStructure" name="test_notebook_has_cells[G2_ML/1_7/K7_GIFT_v1_7_hybrid_analytic.ipynb]" time="0.002" /><testcase classname="tests.notebooks.test_notebook_execution_comprehensive.TestNotebookStructure" name="test_notebook_has_cells[G2_ML/1_7b/K7_GIFT_v1_7b_tuned.ipynb]" time="0.002" /><testcase classname="tests.notebooks.test_notebook_execution_comprehensive.TestNotebookStructure" name="test_notebook_has_cells[assets/visualizations/dimensional_reduction_flow.ipynb]" time="0.001" /><testcase classname="tests.notebooks.test_notebook_execution_comprehensive.TestNotebookStructure" name="test_notebook_has_cells[assets/visualizations/e8_root_system_3d.ipynb]" time="0.001" /><testcase classname="tests.notebooks.test_notebook_execution_comprehensive.TestNotebookStructure" name="test_notebook_has_cells[assets/visualizations/precision_dashboard.ipynb]" time="0.002" /><testcase classname="tests.notebooks.test_notebook_execution_comprehensive.TestNotebookStructure" name="test_notebook_has_metadata[G2_ML/0.1/Complete_G\u2082_Metric_Training_v0_1.ipynb]" time="0.007" /><testcase classname="tests.notebooks.test_notebook_execution_comprehensive.TestNotebookStructure" name="test_notebook_has_metadata[G2_ML/0.2/Complete_G\u2082_Metric_Training_v0_2.ipynb]" time="0.006" /><testcase classname="tests.notebooks.test_notebook_execution_comprehensive.TestNotebookStructure" name="test_notebook_has_metadata[G2_ML/0.3/Complete_G2_Metric_Training_v0_3.ipynb]" time="0.003" /><testcase classname="tests.notebooks.test_notebook_execution_comprehensive.TestNotebookStructure" name="test_notebook_has_metadata[G2_ML/0.3/Complete_G2_Metric_Training_v0_3b.ipynb]" time="0.004" /><testcase classname="tests.notebooks.test_notebook_execution_comprehensive.TestNotebookStructure" name="test_notebook_has_metadata[G2_ML/0.3/Complete_G2_Metric_Training_v0_3c.ipynb]" time="0.003" /><testcase classname="tests.notebooks.test_notebook_execution_comprehensive.TestNotebookStructure" name="test_notebook_has_metadata[G2_ML/0.4/Complete_G2_Metric_Training_v0_4.ipynb]" time="0.017" /><testcase classname="tests.notebooks.test_notebook_execution_comprehensive.TestNotebookStructure" name="test_notebook_has_metadata[G2_ML/0.5/Complete_G2_Metric_Training_v0_5_GIFT_Geometry.ipynb]" time="0.002" /><testcase classname="tests.notebooks.test_notebook_execution_comprehensive.TestNotebookStructure" name="test_notebook_has_metadata[G2_ML/0.6/Complete_G2_Metric_Training_v0_6.ipynb]" time="0.002" /><testcase classname="tests.notebooks.test_notebook_execution_comprehensive.TestNotebookStructure" name="test_notebook_has_metadata[G2_ML/0.6b/Complete_G2_Metric_Training_v0_6b.ipynb]" time="0.002" /><testcase classname="tests.notebooks.test_notebook_execution_comprehensive.TestNotebookStructure" name="test_notebook_has_metadata[G2_ML/0.6c/Complete_G2_Metric_Training_v0_6c.ipynb]" time="0.004" /><testcase classname="tests.notebooks.test_notebook_execution_comprehensive.TestNotebookStructure" name="test_notebook_has_metadata[G2_ML/0.7/Complete_G2_Metric_Training_v0_7.ipynb]" time="0.002" /><testcase classname="tests.notebooks.test_notebook_execution_comprehensive.TestNotebookStructure" name="test_notebook_has_metadata[G2_ML/0.8/Complete_G2_Metric_Training_v0_8b.ipynb]" time="0.002" /><testcase classname="tests.notebooks.test_notebook_execution_comprehensive.TestNotebookStructure" name="test_notebook_has_metadata[G2_ML/0.9/K7_Metric_Reconstruction_Complete.ipynb]" time="0.002" /><testcase classname="tests.notebooks.test_notebook_execution_comprehensive.TestNotebookStructure" name="test_notebook_has_metadata[G2_ML/0.9a/K7_Metric_Reconstruction_Complete.ipynb]" time="0.002" /><testcase classname="tests.notebooks.test_notebook_execution_comprehensive.TestNotebookStructure" name="test_notebook_has_metadata[G2_ML/0.9b/K7_Metric_Reconstruction_0_9.ipynb]" time="0.003" /><testcase classname="tests.notebooks.test_notebook_execution_comprehensive.TestNotebookStructure" name="test_notebook_has_metadata[G2_ML/1.0d/K7_G2_TCS_ExplicitMetric_v1_0d.ipynb]" time="0.001" /><testcase classname="tests.notebooks.test_notebook_execution_comprehensive.TestNotebookStructure" name="test_notebook_has_metadata[G2_ML/1.0e/K7_G2_TCS_ExplicitMetric_v1_0e.ipynb]" time="0.002" /><testcase classname="tests.notebooks.test_notebook_execution_comprehensive.TestNotebookStructure" name="test_notebook_has_metadata[G2_ML/1.0e/K7_G2_TCS_ExplicitMetric_v1_0e_trained.ipynb]" time="0.002" /><testcase classname="tests.notebooks.test_notebook_execution_comprehensive.TestNotebookStructure" name="test_notebook_has_metadata[G2_ML/1.0f/K7_G2_TCS_ExplicitMetric_v1_0f.ipynb]" time="0.003" /><testcase classname="tests.notebooks.test_notebook_execution_comprehensive.TestNotebookStructure" name="test_notebook_has_metadata[G2_ML/1_1/K7_G2_TCS_ExplicitMetric_v1_1.ipynb]" time="0.002" /><testcase classname="tests.notebooks.test_notebook_execution_comprehensive.TestNotebookStructure" name="test_notebook_has_metadata[G2_ML/1_1a/K7_G2_TCS_ExplicitMetric_v1_1a.ipynb]" time="0.002" /><testcase classname="tests.notebooks.test_notebook_execution_comprehensive.TestNotebookStructure" name="test_notebook_has_metadata[G2_ML/1_1b/K7_G2_TCS_RGFlow_v1_1b.ipynb]" time="0.002" /><testcase classname="tests.notebooks.test_notebook_execution_comprehensive.TestNotebookStructure" name="test_notebook_has_metadata[G2_ML/1_1c/K7_G2_TCS_v1_1c.ipynb]" time="0.002" /><testcase classname="tests.notebooks.test_notebook_execution_comprehensive.TestNotebookStructure" name="test_notebook_has_metadata[G2_ML/1_2/K7_G2_TCS_GIFT_Full_v1_2.ipynb]" time="0.002" /><testcase classname="tests.notebooks.test_notebook_execution_comprehensive.TestNotebookStructure" name="test_notebook_has_metadata[G2_ML/1_2/K7_G2_TCS_GIFT_Full_v1_2a.ipynb]" time="0.002" /><testcase classname="tests.notebooks.test_notebook_execution_comprehensive.TestNotebookStructure" name="test_notebook_has_metadata[G2_ML/1_2a/K7_G2_TCS_GIFT_Full_v1_2a.ipynb]" time="0.002" /><testcase classname="tests.notebooks.test_notebook_execution_comprehensive.TestNotebookStructure" name="test_notebook_has_metadata[G2_ML/1_2b/K7_G2_TCS_GIFT_Full_v1_2b.ipynb]" time="0.002" /><testcase classname="tests.notebooks.test_notebook_execution_comprehensive.TestNotebookStructure" name="test_notebook_has_metadata[G2_ML/1_2c/K7_G2_TCS_GIFT_Full_v1_2c.ipynb]" time="0.002" /><testcase classname="tests.notebooks.test_notebook_execution_comprehensive.TestNotebookStructure" name="test_notebook_has_metadata[G2_ML/1_3/K7_GIFT_v1_3_zero_param.ipynb]" time="0.001" /><testcase classname="tests.notebooks.test_notebook_execution_comprehensive.TestNotebookStructure" name="test_notebook_has_metadata[G2_ML/1_3/K7_GIFT_v1_3b_rigorous.ipynb]" time="0.001" /><testcase classname="tests.notebooks.test_notebook_execution_comprehensive.TestNotebookStructure" name="test_notebook_has_metadata[G2_ML/1_3b/K7_GIFT_v1_3b_rigorous.ipynb]" time="0.002" /><testcase classname="tests.notebooks.test_notebook_execution_comprehensive.TestNotebookStructure" name="test_notebook_has_metadata[G2_ML/1_3c/K7_GIFT_v1_3c_rigorous_full.ipynb]" time="0.002" /><testcase classname="tests.notebooks.test_notebook_execution_comprehensive.TestNotebookStructure" name="test_notebook_has_metadata[G2_ML/1_4/K7_GIFT_v1_4_TCS_full.ipynb]" time="0.002" /><testcase classname="tests.notebooks.test_notebook_execution_comprehensive.TestNotebookStructure" name="test_notebook_has_metadata[G2_ML/1_5/K7_GIFT_v1_5.ipynb]" time="0.002" /><testcase classname="tests.notebooks.test_notebook_execution_comprehensive.TestNotebookStructure" name="test_notebook_has_metadata[G2_ML/1_6/K7_GIFT_v1_6.ipynb]" time="0.002" /><testcase classname="tests.notebooks.test_notebook_execution_comprehensive.TestNotebookStructure" name="test_notebook_has_metadata[G2_ML/1_6/K7_GIFT_v1_6_analysed.ipynb]" time="0.003" /><testcase classname="tests.notebooks.test_notebook_execution_comprehensive.TestNotebookStructure" name="test_notebook_has_metadata[G2_ML/1_7/K7_GIFT_v1_7_hybrid_analytic.ipynb]" time="0.001" /><testcase classname="tests.notebooks.test_notebook_execution_comprehensive.TestNotebookStructure" name="test_notebook_has_metadata[G2_ML/1_7b/K7_GIFT_v1_7b_tuned.ipynb]" time="0.002" /><testcase classname="tests.notebooks.test_notebook_execution_comprehensive.TestNotebookStructure" name="test_notebook_has_metadata[assets/visualizations/dimensional_reduction_flow.ipynb]" time="0.001" /><testcase classname="tests.notebooks.test_notebook_execution_comprehensive.TestNotebookStructure" name="test_notebook_has_metadata[assets/visualizations/e8_root_system_3d.ipynb]" time="0.001" /><testcase classname="tests.notebooks.test_notebook_execution_comprehensive.TestNotebookStructure" name="test_notebook_has_metadata[assets/visualizations/precision_dashboard.ipynb]" time="0.001" /><testcase classname="tests.notebooks.test_notebook_execution_comprehensive.TestNotebookStructure" name="test_notebook_has_kernel_spec[G2_ML/0.1/Complete_G\u2082_Metric_Training_v0_1.ipynb]" time="0.007" /><testcase classname="tests.notebooks.test_notebook_execution_comprehensive.TestNotebookStructure" name="test_notebook_has_kernel_spec[G2_ML/0.2/Complete_G\u2082_Metric_Training_v0_2.ipynb]" time="0.007" /><testcase classname="tests.notebooks.test_notebook_execution_comprehensive.TestNotebookStructure" name="test_notebook_has_kernel_spec[G2_ML/0.3/Complete_G2_Metric_Training_v0_3.ipynb]" time="0.003" /><testcase classname="tests.notebooks.test_notebook_execution_comprehensive.TestNotebookStructure" name="test_notebook_has_kernel_spec[G2_ML/0.3/Complete_G2_Metric_Training_v0_3b.ipynb]" time="0.003" /><testcase classname="tests.notebooks.test_notebook_execution_comprehensive.TestNotebookStructure" name="test_notebook_has_kernel_spec[G2_ML/0.3/Complete_G2_Metric_Training_v0_3c.ipynb]" time="0.003" /><testcase classname="tests.notebooks.test_notebook_execution_comprehensive.TestNotebookStructure" name="test_notebook_has_kernel_spec[G2_ML/0.4/Complete_G2_Metric_Training_v0_4.ipynb]" time="0.017" /><testcase classname="tests.notebooks.test_notebook_execution_comprehensive.TestNotebookStructure" name="test_notebook_has_kernel_spec[G2_ML/0.5/Complete_G2_Metric_Training_v0_5_GIFT_Geometry.ipynb]" time="0.003" /><testcase classname="tests.notebooks.test_notebook_execution_comprehensive.TestNotebookStructure" name="test_notebook_has_kernel_spec[G2_ML/0.6/Complete_G2_Metric_Training_v0_6.ipynb]" time="0.002" /><testcase classname="tests.notebooks.test_notebook_execution_comprehensive.TestNotebookStructure" name="test_notebook_has_kernel_spec[G2_ML/0.6b/Complete_G2_Metric_Training_v0_6b.ipynb]" time="0.002" /><testcase classname="tests.notebooks.test_notebook_execution_comprehensive.TestNotebookStructure" name="test_notebook_has_kernel_spec[G2_ML/0.6c/Complete_G2_Metric_Training_v0_6c.ipynb]" time="0.004" /><testcase classname="tests.notebooks.test_notebook_execution_comprehensive.TestNotebookStructure" name="test_notebook_has_kernel_spec[G2_ML/0.7/Complete_G2_Metric_Training_v0_7.ipynb]" time="0.002" /><testcase classname="tests.notebooks.test_notebook_execution_comprehensive.TestNotebookStructure" name="test_notebook_has_kernel_spec[G2_ML/0.8/Complete_G2_Metric_Training_v0_8b.ipynb]" time="0.002" /><testcase classname="tests.notebooks.test_notebook_execution_comprehensive.TestNotebookStructure" name="test_notebook_has_kernel_spec[G2_ML/0.9/K7_Metric_Reconstruction_Complete.ipynb]" time="0.002" /><testcase classname="tests.notebooks.test_notebook_execution_comprehensive.TestNotebookStructure" name="test_notebook_has_kernel_spec[G2_ML/0.9a/K7_Metric_Reconstruction_Complete.ipynb]" time="0.002" /><testcase classname="tests.notebooks.test_notebook_execution_comprehensive.TestNotebookStructure" name="test_notebook_has_kernel_spec[G2_ML/0.9b/K7_Metric_Reconstruction_0_9.ipynb]" time="0.003" /><testcase classname="tests.notebooks.test_notebook_execution_comprehensive.TestNotebookStructure" name="test_notebook_has_kernel_spec[G2_ML/1.0d/K7_G2_TCS_ExplicitMetric_v1_0d.ipynb]" time="0.001" /><testcase classname="tests.notebooks.test_notebook_execution_comprehensive.TestNotebookStructure" name="test_notebook_has_kernel_spec[G2_ML/1.0e/K7_G2_TCS_ExplicitMetric_v1_0e.ipynb]" time="0.001" /><testcase classname="tests.notebooks.test_notebook_execution_comprehensive.TestNotebookStructure" name="test_notebook_has_kernel_spec[G2_ML/1.0e/K7_G2_TCS_ExplicitMetric_v1_0e_trained.ipynb]" time="0.002" /><testcase classname="tests.notebooks.test_notebook_execution_comprehensive.TestNotebookStructure" name="test_notebook_has_kernel_spec[G2_ML/1.0f/K7_G2_TCS_ExplicitMetric_v1_0f.ipynb]" time="0.003" /><testcase classname="tests.notebooks.test_notebook_execution_comprehensive.TestNotebookStructure" name="test_notebook_has_kernel_spec[G2_ML/1_1/K7_G2_TCS_ExplicitMetric_v1_1.ipynb]" time="0.002" /><testcase classname="tests.notebooks.test_notebook_execution_comprehensive.TestNotebookStructure" name="test_notebook_has_kernel_spec[G2_ML/1_1a/K7_G2_TCS_ExplicitMetric_v1_1a.ipynb]" time="0.002" /><testcase classname="tests.notebooks.test_notebook_execution_comprehensive.TestNotebookStructure" name="test_notebook_has_kernel_spec[G2_ML/1_1b/K7_G2_TCS_RGFlow_v1_1b.ipynb]" time="0.002" /><testcase classname="tests.notebooks.test_notebook_execution_comprehensive.TestNotebookStructure" name="test_notebook_has_kernel_spec[G2_ML/1_1c/K7_G2_TCS_v1_1c.ipynb]" time="0.002" /><testcase classname="tests.notebooks.test_notebook_execution_comprehensive.TestNotebookStructure" name="test_notebook_has_kernel_spec[G2_ML/1_2/K7_G2_TCS_GIFT_Full_v1_2.ipynb]" time="0.002" /><testcase classname="tests.notebooks.test_notebook_execution_comprehensive.TestNotebookStructure" name="test_notebook_has_kernel_spec[G2_ML/1_2/K7_G2_TCS_GIFT_Full_v1_2a.ipynb]" time="0.001" /><testcase classname="tests.notebooks.test_notebook_execution_comprehensive.TestNotebookStructure" name="test_notebook_has_kernel_spec[G2_ML/1_2a/K7_G2_TCS_GIFT_Full_v1_2a.ipynb]" time="0.002" /><testcase classname="tests.notebooks.test_notebook_execution_comprehensive.TestNotebookStructure" name="test_notebook_has_kernel_spec[G2_ML/1_2b/K7_G2_TCS_GIFT_Full_v1_2b.ipynb]" time="0.002" /><testcase classname="tests.notebooks.test_notebook_execution_comprehensive.TestNotebookStructure" name="test_notebook_has_kernel_spec[G2_ML/1_2c/K7_G2_TCS_GIFT_Full_v1_2c.ipynb]" time="0.002" /><testcase classname="tests.notebooks.test_notebook_execution_comprehensive.TestNotebookStructure" name="test_notebook_has_kernel_spec[G2_ML/1_3/K7_GIFT_v1_3_zero_param.ipynb]" time="0.001" /><testcase classname="tests.notebooks.test_notebook_execution_comprehensive.TestNotebookStructure" name="test_notebook_has_kernel_spec[G2_ML/1_3/K7_GIFT_v1_3b_rigorous.ipynb]" time="0.001" /><testcase classname="tests.notebooks.test_notebook_execution_comprehensive.TestNotebookStructure" name="test_notebook_has_kernel_spec[G2_ML/1_3b/K7_GIFT_v1_3b_rigorous.ipynb]" time="0.001" /><testcase classname="tests.notebooks.test_notebook_execution_comprehensive.TestNotebookStructure" name="test_notebook_has_kernel_spec[G2_ML/1_3c/K7_GIFT_v1_3c_rigorous_full.ipynb]" time="0.002" /><testcase classname="tests.notebooks.test_notebook_execution_comprehensive.TestNotebookStructure" name="test_notebook_has_kernel_spec[G2_ML/1_4/K7_GIFT_v1_4_TCS_full.ipynb]" time="0.002" /><testcase classname="tests.notebooks.test_notebook_execution_comprehensive.TestNotebookStructure" name="test_notebook_has_kernel_spec[G2_ML/1_5/K7_GIFT_v1_5.ipynb]" time="0.002" /><testcase classname="tests.notebooks.test_notebook_execution_comprehensive.TestNotebookStructure" name="test_notebook_has_kernel_spec[G2_ML/1_6/K7_GIFT_v1_6.ipynb]" time="0.002" /><testcase classname="tests.notebooks.test_notebook_execution_comprehensive.TestNotebookStructure" name="test_notebook_has_kernel_spec[G2_ML/1_6/K7_GIFT_v1_6_analysed.ipynb]" time="0.003" /><testcase classname="tests.notebooks.test_notebook_execution_comprehensive.TestNotebookStructure" name="test_notebook_has_kernel_spec[G2_ML/1_7/K7_GIFT_v1_7_hybrid_analytic.ipynb]" time="0.002" /><testcase classname="tests.notebooks.test_notebook_execution_comprehensive.TestNotebookStructure" name="test_notebook_has_kernel_spec[G2_ML/1_7b/K7_GIFT_v1_7b_tuned.ipynb]" time="0.002" /><testcase classname="tests.notebooks.test_notebook_execution_comprehensive.TestNotebookStructure" name="test_notebook_has_kernel_spec[assets/visualizations/dimensional_reduction_flow.ipynb]" time="0.001" /><testcase classname="tests.notebooks.test_notebook_execution_comprehensive.TestNotebookStructure" name="test_notebook_has_kernel_spec[assets/visualizations/e8_root_system_3d.ipynb]" time="0.001" /><testcase classname="tests.notebooks.test_notebook_execution_comprehensive.TestNotebookStructure" name="test_notebook_has_kernel_spec[assets/visualizations/precision_dashboard.ipynb]" time="0.001" /><testcase classname="tests.notebooks.test_notebook_execution_comprehensive.TestNotebookContent" name="test_publication_notebook_has_markdown_header[NOTSET]" time="0.001"><skipped type="pytest.skip" message="got empty parameter set for (notebook_path)">/home/user/GIFT/tests/notebooks/test_notebook_execution_comprehensive.py:158: got empty parameter set for (notebook_path)</skipped></testcase><testcase classname="tests.notebooks.test_notebook_execution_comprehensive.TestNotebookContent" name="test_no_empty_code_cells[G2_ML/0.1/Complete_G\u2082_Metric_Training_v0_1.ipynb]" time="0.007" /><testcase classname="tests.notebooks.test_notebook_execution_comprehensive.TestNotebookContent" name="test_no_empty_code_cells[G2_ML/0.2/Complete_G\u2082_Metric_Training_v0_2.ipynb]" time="0.007" /><testcase classname="tests.notebooks.test_notebook_execution_comprehensive.TestNotebookContent" name="test_no_empty_code_cells[G2_ML/0.3/Complete_G2_Metric_Training_v0_3.ipynb]" time="0.003" /><testcase classname="tests.notebooks.test_notebook_execution_comprehensive.TestNotebookContent" name="test_no_empty_code_cells[G2_ML/0.3/Complete_G2_Metric_Training_v0_3b.ipynb]" time="0.003" /><testcase classname="tests.notebooks.test_notebook_execution_comprehensive.TestNotebookContent" name="test_no_empty_code_cells[G2_ML/0.3/Complete_G2_Metric_Training_v0_3c.ipynb]" time="0.004" /><testcase classname="tests.notebooks.test_notebook_execution_comprehensive.TestNotebookContent" name="test_no_empty_code_cells[G2_ML/0.4/Complete_G2_Metric_Training_v0_4.ipynb]" time="0.017" /><testcase classname="tests.notebooks.test_notebook_execution_comprehensive.TestNotebookContent" name="test_no_empty_code_cells[G2_ML/0.5/Complete_G2_Metric_Training_v0_5_GIFT_Geometry.ipynb]" time="0.003" /><testcase classname="tests.notebooks.test_notebook_execution_comprehensive.TestNotebookContent" name="test_no_empty_code_cells[G2_ML/0.6/Complete_G2_Metric_Training_v0_6.ipynb]" time="0.002" /><testcase classname="tests.notebooks.test_notebook_execution_comprehensive.TestNotebookContent" name="test_no_empty_code_cells[G2_ML/0.6b/Complete_G2_Metric_Training_v0_6b.ipynb]" time="0.002" /><testcase classname="tests.notebooks.test_notebook_execution_comprehensive.TestNotebookContent" name="test_no_empty_code_cells[G2_ML/0.6c/Complete_G2_Metric_Training_v0_6c.ipynb]" time="0.004" /><testcase classname="tests.notebooks.test_notebook_execution_comprehensive.TestNotebookContent" name="test_no_empty_code_cells[G2_ML/0.7/Complete_G2_Metric_Training_v0_7.ipynb]" time="0.002" /><testcase classname="tests.notebooks.test_notebook_execution_comprehensive.TestNotebookContent" name="test_no_empty_code_cells[G2_ML/0.8/Complete_G2_Metric_Training_v0_8b.ipynb]" time="0.003" /><testcase classname="tests.notebooks.test_notebook_execution_comprehensive.TestNotebookContent" name="test_no_empty_code_cells[G2_ML/0.9/K7_Metric_Reconstruction_Complete.ipynb]" time="0.002" /><testcase classname="tests.notebooks.test_notebook_execution_comprehensive.TestNotebookContent" name="test_no_empty_code_cells[G2_ML/0.9a/K7_Metric_Reconstruction_Complete.ipynb]" time="0.002" /><testcase classname="tests.notebooks.test_notebook_execution_comprehensive.TestNotebookContent" name="test_no_empty_code_cells[G2_ML/0.9b/K7_Metric_Reconstruction_0_9.ipynb]" time="0.003" /><testcase classname="tests.notebooks.test_notebook_execution_comprehensive.TestNotebookContent" name="test_no_empty_code_cells[G2_ML/1.0d/K7_G2_TCS_ExplicitMetric_v1_0d.ipynb]" time="0.002" /><testcase classname="tests.notebooks.test_notebook_execution_comprehensive.TestNotebookContent" name="test_no_empty_code_cells[G2_ML/1.0e/K7_G2_TCS_ExplicitMetric_v1_0e.ipynb]" time="0.002" /><testcase classname="tests.notebooks.test_notebook_execution_comprehensive.TestNotebookContent" name="test_no_empty_code_cells[G2_ML/1.0e/K7_G2_TCS_ExplicitMetric_v1_0e_trained.ipynb]" time="0.002" /><testcase classname="tests.notebooks.test_notebook_execution_comprehensive.TestNotebookContent" name="test_no_empty_code_cells[G2_ML/1.0f/K7_G2_TCS_ExplicitMetric_v1_0f.ipynb]" time="0.003" /><testcase classname="tests.notebooks.test_notebook_execution_comprehensive.TestNotebookContent" name="test_no_empty_code_cells[G2_ML/1_1/K7_G2_TCS_ExplicitMetric_v1_1.ipynb]" time="0.002" /><testcase classname="tests.notebooks.test_notebook_execution_comprehensive.TestNotebookContent" name="test_no_empty_code_cells[G2_ML/1_1a/K7_G2_TCS_ExplicitMetric_v1_1a.ipynb]" time="0.002" /><testcase classname="tests.notebooks.test_notebook_execution_comprehensive.TestNotebookContent" name="test_no_empty_code_cells[G2_ML/1_1b/K7_G2_TCS_RGFlow_v1_1b.ipynb]" time="0.002" /><testcase classname="tests.notebooks.test_notebook_execution_comprehensive.TestNotebookContent" name="test_no_empty_code_cells[G2_ML/1_1c/K7_G2_TCS_v1_1c.ipynb]" time="0.002" /><testcase classname="tests.notebooks.test_notebook_execution_comprehensive.TestNotebookContent" name="test_no_empty_code_cells[G2_ML/1_2/K7_G2_TCS_GIFT_Full_v1_2.ipynb]" time="0.002" /><testcase classname="tests.notebooks.test_notebook_execution_comprehensive.TestNotebookContent" name="test_no_empty_code_cells[G2_ML/1_2/K7_G2_TCS_GIFT_Full_v1_2a.ipynb]" time="0.002" /><testcase classname="tests.notebooks.test_notebook_execution_comprehensive.TestNotebookContent" name="test_no_empty_code_cells[G2_ML/1_2a/K7_G2_TCS_GIFT_Full_v1_2a.ipynb]" time="0.002" /><testcase classname="tests.notebooks.test_notebook_execution_comprehensive.TestNotebookContent" name="test_no_empty_code_cells[G2_ML/1_2b/K7_G2_TCS_GIFT_Full_v1_2b.ipynb]" time="0.002" /><testcase classname="tests.notebooks.test_notebook_execution_comprehensive.TestNotebookContent" name="test_no_empty_code_cells[G2_ML/1_2c/K7_G2_TCS_GIFT_Full_v1_2c.ipynb]" time="0.002" /><testcase classname="tests.notebooks.test_notebook_execution_comprehensive.TestNotebookContent" name="test_no_empty_code_cells[G2_ML/1_3/K7_GIFT_v1_3_zero_param.ipynb]" time="0.001" /><testcase classname="tests.notebooks.test_notebook_execution_comprehensive.TestNotebookContent" name="test_no_empty_code_cells[G2_ML/1_3/K7_GIFT_v1_3b_rigorous.ipynb]" time="0.001" /><testcase classname="tests.notebooks.test_notebook_execution_comprehensive.TestNotebookContent" name="test_no_empty_code_cells[G2_ML/1_3b/K7_GIFT_v1_3b_rigorous.ipynb]" time="0.002" /><testcase classname="tests.notebooks.test_notebook_execution_comprehensive.TestNotebookContent" name="test_no_empty_code_cells[G2_ML/1_3c/K7_GIFT_v1_3c_rigorous_full.ipynb]" time="0.002" /><testcase classname="tests.notebooks.test_notebook_execution_comprehensive.TestNotebookContent" name="test_no_empty_code_cells[G2_ML/1_4/K7_GIFT_v1_4_TCS_full.ipynb]" time="0.002" /><testcase classname="tests.notebooks.test_notebook_execution_comprehensive.TestNotebookContent" name="test_no_empty_code_cells[G2_ML/1_5/K7_GIFT_v1_5.ipynb]" time="0.002" /><testcase classname="tests.notebooks.test_notebook_execution_comprehensive.TestNotebookContent" name="test_no_empty_code_cells[G2_ML/1_6/K7_GIFT_v1_6.ipynb]" time="0.002" /><testcase classname="tests.notebooks.test_notebook_execution_comprehensive.TestNotebookContent" name="test_no_empty_code_cells[G2_ML/1_6/K7_GIFT_v1_6_analysed.ipynb]" time="0.003" /><testcase classname="tests.notebooks.test_notebook_execution_comprehensive.TestNotebookContent" name="test_no_empty_code_cells[G2_ML/1_7/K7_GIFT_v1_7_hybrid_analytic.ipynb]" time="0.002" /><testcase classname="tests.notebooks.test_notebook_execution_comprehensive.TestNotebookContent" name="test_no_empty_code_cells[G2_ML/1_7b/K7_GIFT_v1_7b_tuned.ipynb]" time="0.003" /><testcase classname="tests.notebooks.test_notebook_execution_comprehensive.TestNotebookContent" name="test_no_empty_code_cells[assets/visualizations/dimensional_reduction_flow.ipynb]" time="0.001" /><testcase classname="tests.notebooks.test_notebook_execution_comprehensive.TestNotebookContent" name="test_no_empty_code_cells[assets/visualizations/e8_root_system_3d.ipynb]" time="0.001" /><testcase classname="tests.notebooks.test_notebook_execution_comprehensive.TestNotebookContent" name="test_no_empty_code_cells[assets/visualizations/precision_dashboard.ipynb]" time="0.001" /><testcase classname="tests.notebooks.test_notebook_execution_comprehensive.TestNotebookContent" name="test_cell_execution_count_sequential[G2_ML/0.1/Complete_G\u2082_Metric_Training_v0_1.ipynb]" time="0.007" /><testcase classname="tests.notebooks.test_notebook_execution_comprehensive.TestNotebookContent" name="test_cell_execution_count_sequential[G2_ML/0.2/Complete_G\u2082_Metric_Training_v0_2.ipynb]" time="0.007" /><testcase classname="tests.notebooks.test_notebook_execution_comprehensive.TestNotebookContent" name="test_cell_execution_count_sequential[G2_ML/0.3/Complete_G2_Metric_Training_v0_3.ipynb]" time="0.003" /><testcase classname="tests.notebooks.test_notebook_execution_comprehensive.TestNotebookContent" name="test_cell_execution_count_sequential[G2_ML/0.3/Complete_G2_Metric_Training_v0_3b.ipynb]" time="0.003" /><testcase classname="tests.notebooks.test_notebook_execution_comprehensive.TestNotebookContent" name="test_cell_execution_count_sequential[G2_ML/0.3/Complete_G2_Metric_Training_v0_3c.ipynb]" time="0.003" /><testcase classname="tests.notebooks.test_notebook_execution_comprehensive.TestNotebookContent" name="test_cell_execution_count_sequential[G2_ML/0.4/Complete_G2_Metric_Training_v0_4.ipynb]" time="0.017" /><testcase classname="tests.notebooks.test_notebook_execution_comprehensive.TestNotebookContent" name="test_cell_execution_count_sequential[G2_ML/0.5/Complete_G2_Metric_Training_v0_5_GIFT_Geometry.ipynb]" time="0.003" /><testcase classname="tests.notebooks.test_notebook_execution_comprehensive.TestNotebookContent" name="test_cell_execution_count_sequential[G2_ML/0.6/Complete_G2_Metric_Training_v0_6.ipynb]" time="0.001" /><testcase classname="tests.notebooks.test_notebook_execution_comprehensive.TestNotebookContent" name="test_cell_execution_count_sequential[G2_ML/0.6b/Complete_G2_Metric_Training_v0_6b.ipynb]" time="0.002" /><testcase classname="tests.notebooks.test_notebook_execution_comprehensive.TestNotebookContent" name="test_cell_execution_count_sequential[G2_ML/0.6c/Complete_G2_Metric_Training_v0_6c.ipynb]" time="0.006" /><testcase classname="tests.notebooks.test_notebook_execution_comprehensive.TestNotebookContent" name="test_cell_execution_count_sequential[G2_ML/0.7/Complete_G2_Metric_Training_v0_7.ipynb]" time="0.002" /><testcase classname="tests.notebooks.test_notebook_execution_comprehensive.TestNotebookContent" name="test_cell_execution_count_sequential[G2_ML/0.8/Complete_G2_Metric_Training_v0_8b.ipynb]" time="0.002" /><testcase classname="tests.notebooks.test_notebook_execution_comprehensive.TestNotebookContent" name="test_cell_execution_count_sequential[G2_ML/0.9/K7_Metric_Reconstruction_Complete.ipynb]" time="0.002" /><testcase classname="tests.notebooks.test_notebook_execution_comprehensive.TestNotebookContent" name="test_cell_execution_count_sequential[G2_ML/0.9a/K7_Metric_Reconstruction_Complete.ipynb]" time="0.002" /><testcase classname="tests.notebooks.test_notebook_execution_comprehensive.TestNotebookContent" name="test_cell_execution_count_sequential[G2_ML/0.9b/K7_Metric_Reconstruction_0_9.ipynb]" time="0.004" /><testcase classname="tests.notebooks.test_notebook_execution_comprehensive.TestNotebookContent" name="test_cell_execution_count_sequential[G2_ML/1.0d/K7_G2_TCS_ExplicitMetric_v1_0d.ipynb]" time="0.001" /><testcase classname="tests.notebooks.test_notebook_execution_comprehensive.TestNotebookContent" name="test_cell_execution_count_sequential[G2_ML/1.0e/K7_G2_TCS_ExplicitMetric_v1_0e.ipynb]" time="0.001" /><testcase classname="tests.notebooks.test_notebook_execution_comprehensive.TestNotebookContent" name="test_cell_execution_count_sequential[G2_ML/1.0e/K7_G2_TCS_ExplicitMetric_v1_0e_trained.ipynb]" time="0.002" /><testcase classname="tests.notebooks.test_notebook_execution_comprehensive.TestNotebookContent" name="test_cell_execution_count_sequential[G2_ML/1.0f/K7_G2_TCS_ExplicitMetric_v1_0f.ipynb]" time="0.003" /><testcase classname="tests.notebooks.test_notebook_execution_comprehensive.TestNotebookContent" name="test_cell_execution_count_sequential[G2_ML/1_1/K7_G2_TCS_ExplicitMetric_v1_1.ipynb]" time="0.002" /><testcase classname="tests.notebooks.test_notebook_execution_comprehensive.TestNotebookContent" name="test_cell_execution_count_sequential[G2_ML/1_1a/K7_G2_TCS_ExplicitMetric_v1_1a.ipynb]" time="0.002" /><testcase classname="tests.notebooks.test_notebook_execution_comprehensive.TestNotebookContent" name="test_cell_execution_count_sequential[G2_ML/1_1b/K7_G2_TCS_RGFlow_v1_1b.ipynb]" time="0.002" /><testcase classname="tests.notebooks.test_notebook_execution_comprehensive.TestNotebookContent" name="test_cell_execution_count_sequential[G2_ML/1_1c/K7_G2_TCS_v1_1c.ipynb]" time="0.002" /><testcase classname="tests.notebooks.test_notebook_execution_comprehensive.TestNotebookContent" name="test_cell_execution_count_sequential[G2_ML/1_2/K7_G2_TCS_GIFT_Full_v1_2.ipynb]" time="0.002" /><testcase classname="tests.notebooks.test_notebook_execution_comprehensive.TestNotebookContent" name="test_cell_execution_count_sequential[G2_ML/1_2/K7_G2_TCS_GIFT_Full_v1_2a.ipynb]" time="0.002" /><testcase classname="tests.notebooks.test_notebook_execution_comprehensive.TestNotebookContent" name="test_cell_execution_count_sequential[G2_ML/1_2a/K7_G2_TCS_GIFT_Full_v1_2a.ipynb]" time="0.002" /><testcase classname="tests.notebooks.test_notebook_execution_comprehensive.TestNotebookContent" name="test_cell_execution_count_sequential[G2_ML/1_2b/K7_G2_TCS_GIFT_Full_v1_2b.ipynb]" time="0.002" /><testcase classname="tests.notebooks.test_notebook_execution_comprehensive.TestNotebookContent" name="test_cell_execution_count_sequential[G2_ML/1_2c/K7_G2_TCS_GIFT_Full_v1_2c.ipynb]" time="0.002" /><testcase classname="tests.notebooks.test_notebook_execution_comprehensive.TestNotebookContent" name="test_cell_execution_count_sequential[G2_ML/1_3/K7_GIFT_v1_3_zero_param.ipynb]" time="0.001" /><testcase classname="tests.notebooks.test_notebook_execution_comprehensive.TestNotebookContent" name="test_cell_execution_count_sequential[G2_ML/1_3/K7_GIFT_v1_3b_rigorous.ipynb]" time="0.001" /><testcase classname="tests.notebooks.test_notebook_execution_comprehensive.TestNotebookContent" name="test_cell_execution_count_sequential[G2_ML/1_3b/K7_GIFT_v1_3b_rigorous.ipynb]" time="0.001" /><testcase classname="tests.notebooks.test_notebook_execution_comprehensive.TestNotebookContent" name="test_cell_execution_count_sequential[G2_ML/1_3c/K7_GIFT_v1_3c_rigorous_full.ipynb]" time="0.002" /><testcase classname="tests.notebooks.test_notebook_execution_comprehensive.TestNotebookContent" name="test_cell_execution_count_sequential[G2_ML/1_4/K7_GIFT_v1_4_TCS_full.ipynb]" time="0.002" /><testcase classname="tests.notebooks.test_notebook_execution_comprehensive.TestNotebookContent" name="test_cell_execution_count_sequential[G2_ML/1_5/K7_GIFT_v1_5.ipynb]" time="0.002" /><testcase classname="tests.notebooks.test_notebook_execution_comprehensive.TestNotebookContent" name="test_cell_execution_count_sequential[G2_ML/1_6/K7_GIFT_v1_6.ipynb]" time="0.002" /><testcase classname="tests.notebooks.test_notebook_execution_comprehensive.TestNotebookContent" name="test_cell_execution_count_sequential[G2_ML/1_6/K7_GIFT_v1_6_analysed.ipynb]" time="0.003" /><testcase classname="tests.notebooks.test_notebook_execution_comprehensive.TestNotebookContent" name="test_cell_execution_count_sequential[G2_ML/1_7/K7_GIFT_v1_7_hybrid_analytic.ipynb]" time="0.001" /><testcase classname="tests.notebooks.test_notebook_execution_comprehensive.TestNotebookContent" name="test_cell_execution_count_sequential[G2_ML/1_7b/K7_GIFT_v1_7b_tuned.ipynb]" time="0.002" /><testcase classname="tests.notebooks.test_notebook_execution_comprehensive.TestNotebookContent" name="test_cell_execution_count_sequential[assets/visualizations/dimensional_reduction_flow.ipynb]" time="0.001" /><testcase classname="tests.notebooks.test_notebook_execution_comprehensive.TestNotebookContent" name="test_cell_execution_count_sequential[assets/visualizations/e8_root_system_3d.ipynb]" time="0.001" /><testcase classname="tests.notebooks.test_notebook_execution_comprehensive.TestNotebookContent" name="test_cell_execution_count_sequential[assets/visualizations/precision_dashboard.ipynb]" time="0.001" /><testcase classname="tests.notebooks.test_notebook_execution_comprehensive.TestNotebookExecution" name="test_publication_notebook_executes[NOTSET]" time="0.001"><skipped type="pytest.skip" message="got empty parameter set for (notebook_path)">/home/user/GIFT/tests/notebooks/test_notebook_execution_comprehensive.py:238: got empty parameter set for (notebook_path)</skipped></testcase><testcase classname="tests.notebooks.test_notebook_execution_comprehensive.TestNotebookExecution" name="test_main_gift_notebook_executes" time="0.001"><skipped type="pytest.skip" message="Main GIFT notebook not found">/home/user/GIFT/tests/notebooks/test_notebook_execution_comprehensive.py:262: Main GIFT notebook not found</skipped></testcase><testcase classname="tests.notebooks.test_notebook_execution_comprehensive.TestSavedOutputs" name="test_no_error_outputs_in_saved_notebook[G2_ML/0.1/Complete_G\u2082_Metric_Training_v0_1.ipynb]" time="0.007" /><testcase classname="tests.notebooks.test_notebook_execution_comprehensive.TestSavedOutputs" name="test_no_error_outputs_in_saved_notebook[G2_ML/0.2/Complete_G\u2082_Metric_Training_v0_2.ipynb]" time="0.007"><failure message="Failed: Cell 19 has error: ValueError: 'orange-' is not a valid format string (unrecognized character 'a')">tests/notebooks/test_notebook_execution_comprehensive.py:302: in test_no_error_outputs_in_saved_notebook
    pytest.fail(f"Cell {i} has error: {ename}: {evalue}")
E   Failed: Cell 19 has error: ValueError: 'orange-' is not a valid format string (unrecognized character 'a')</failure></testcase><testcase classname="tests.notebooks.test_notebook_execution_comprehensive.TestSavedOutputs" name="test_no_error_outputs_in_saved_notebook[G2_ML/0.3/Complete_G2_Metric_Training_v0_3.ipynb]" time="0.003" /><testcase classname="tests.notebooks.test_notebook_execution_comprehensive.TestSavedOutputs" name="test_no_error_outputs_in_saved_notebook[G2_ML/0.3/Complete_G2_Metric_Training_v0_3b.ipynb]" time="0.004" /><testcase classname="tests.notebooks.test_notebook_execution_comprehensive.TestSavedOutputs" name="test_no_error_outputs_in_saved_notebook[G2_ML/0.3/Complete_G2_Metric_Training_v0_3c.ipynb]" time="0.003" /><testcase classname="tests.notebooks.test_notebook_execution_comprehensive.TestSavedOutputs" name="test_no_error_outputs_in_saved_notebook[G2_ML/0.4/Complete_G2_Metric_Training_v0_4.ipynb]" time="0.017" /><testcase classname="tests.notebooks.test_notebook_execution_comprehensive.TestSavedOutputs" name="test_no_error_outputs_in_saved_notebook[G2_ML/0.5/Complete_G2_Metric_Training_v0_5_GIFT_Geometry.ipynb]" time="0.003"><failure message="Failed: Cell 12 has error: NameError: name 'yukawa_results' is not defined">tests/notebooks/test_notebook_execution_comprehensive.py:302: in test_no_error_outputs_in_saved_notebook
    pytest.fail(f"Cell {i} has error: {ename}: {evalue}")
E   Failed: Cell 12 has error: NameError: name 'yukawa_results' is not defined</failure></testcase><testcase classname="tests.notebooks.test_notebook_execution_comprehensive.TestSavedOutputs" name="test_no_error_outputs_in_saved_notebook[G2_ML/0.6/Complete_G2_Metric_Training_v0_6.ipynb]" time="0.002" /><testcase classname="tests.notebooks.test_notebook_execution_comprehensive.TestSavedOutputs" name="test_no_error_outputs_in_saved_notebook[G2_ML/0.6b/Complete_G2_Metric_Training_v0_6b.ipynb]" time="0.002" /><testcase classname="tests.notebooks.test_notebook_execution_comprehensive.TestSavedOutputs" name="test_no_error_outputs_in_saved_notebook[G2_ML/0.6c/Complete_G2_Metric_Training_v0_6c.ipynb]" time="0.006" /><testcase classname="tests.notebooks.test_notebook_execution_comprehensive.TestSavedOutputs" name="test_no_error_outputs_in_saved_notebook[G2_ML/0.7/Complete_G2_Metric_Training_v0_7.ipynb]" time="0.002" /><testcase classname="tests.notebooks.test_notebook_execution_comprehensive.TestSavedOutputs" name="test_no_error_outputs_in_saved_notebook[G2_ML/0.8/Complete_G2_Metric_Training_v0_8b.ipynb]" time="0.003"><failure message="Failed: Cell 13 has error: NameError: name 'USE_DRIVE' is not defined">tests/notebooks/test_notebook_execution_comprehensive.py:302: in test_no_error_outputs_in_saved_notebook
    pytest.fail(f"Cell {i} has error: {ename}: {evalue}")
E   Failed: Cell 13 has error: NameError: name 'USE_DRIVE' is not defined</failure></testcase><testcase classname="tests.notebooks.test_notebook_execution_comprehensive.TestSavedOutputs" name="test_no_error_outputs_in_saved_notebook[G2_ML/0.9/K7_Metric_Reconstruction_Complete.ipynb]" time="0.002" /><testcase classname="tests.notebooks.test_notebook_execution_comprehensive.TestSavedOutputs" name="test_no_error_outputs_in_saved_notebook[G2_ML/0.9a/K7_Metric_Reconstruction_Complete.ipynb]" time="0.002" /><testcase classname="tests.notebooks.test_notebook_execution_comprehensive.TestSavedOutputs" name="test_no_error_outputs_in_saved_notebook[G2_ML/0.9b/K7_Metric_Reconstruction_0_9.ipynb]" time="0.003" /><testcase classname="tests.notebooks.test_notebook_execution_comprehensive.TestSavedOutputs" name="test_no_error_outputs_in_saved_notebook[G2_ML/1.0d/K7_G2_TCS_ExplicitMetric_v1_0d.ipynb]" time="0.001" /><testcase classname="tests.notebooks.test_notebook_execution_comprehensive.TestSavedOutputs" name="test_no_error_outputs_in_saved_notebook[G2_ML/1.0e/K7_G2_TCS_ExplicitMetric_v1_0e.ipynb]" time="0.002" /><testcase classname="tests.notebooks.test_notebook_execution_comprehensive.TestSavedOutputs" name="test_no_error_outputs_in_saved_notebook[G2_ML/1.0e/K7_G2_TCS_ExplicitMetric_v1_0e_trained.ipynb]" time="0.002"><failure message="Failed: Cell 11 has error: NameError: name 'np' is not defined">tests/notebooks/test_notebook_execution_comprehensive.py:302: in test_no_error_outputs_in_saved_notebook
    pytest.fail(f"Cell {i} has error: {ename}: {evalue}")
E   Failed: Cell 11 has error: NameError: name 'np' is not defined</failure></testcase><testcase classname="tests.notebooks.test_notebook_execution_comprehensive.TestSavedOutputs" name="test_no_error_outputs_in_saved_notebook[G2_ML/1.0f/K7_G2_TCS_ExplicitMetric_v1_0f.ipynb]" time="0.003" /><testcase classname="tests.notebooks.test_notebook_execution_comprehensive.TestSavedOutputs" name="test_no_error_outputs_in_saved_notebook[G2_ML/1_1/K7_G2_TCS_ExplicitMetric_v1_1.ipynb]" time="0.002" /><testcase classname="tests.notebooks.test_notebook_execution_comprehensive.TestSavedOutputs" name="test_no_error_outputs_in_saved_notebook[G2_ML/1_1a/K7_G2_TCS_ExplicitMetric_v1_1a.ipynb]" time="0.002" /><testcase classname="tests.notebooks.test_notebook_execution_comprehensive.TestSavedOutputs" name="test_no_error_outputs_in_saved_notebook[G2_ML/1_1b/K7_G2_TCS_RGFlow_v1_1b.ipynb]" time="0.002" /><testcase classname="tests.notebooks.test_notebook_execution_comprehensive.TestSavedOutputs" name="test_no_error_outputs_in_saved_notebook[G2_ML/1_1c/K7_G2_TCS_v1_1c.ipynb]" time="0.002" /><testcase classname="tests.notebooks.test_notebook_execution_comprehensive.TestSavedOutputs" name="test_no_error_outputs_in_saved_notebook[G2_ML/1_2/K7_G2_TCS_GIFT_Full_v1_2.ipynb]" time="0.002" /><testcase classname="tests.notebooks.test_notebook_execution_comprehensive.TestSavedOutputs" name="test_no_error_outputs_in_saved_notebook[G2_ML/1_2/K7_G2_TCS_GIFT_Full_v1_2a.ipynb]" time="0.002" /><testcase classname="tests.notebooks.test_notebook_execution_comprehensive.TestSavedOutputs" name="test_no_error_outputs_in_saved_notebook[G2_ML/1_2a/K7_G2_TCS_GIFT_Full_v1_2a.ipynb]" time="0.002" /><testcase classname="tests.notebooks.test_notebook_execution_comprehensive.TestSavedOutputs" name="test_no_error_outputs_in_saved_notebook[G2_ML/1_2b/K7_G2_TCS_GIFT_Full_v1_2b.ipynb]" time="0.002" /><testcase classname="tests.notebooks.test_notebook_execution_comprehensive.TestSavedOutputs" name="test_no_error_outputs_in_saved_notebook[G2_ML/1_2c/K7_G2_TCS_GIFT_Full_v1_2c.ipynb]" time="0.002" /><testcase classname="tests.notebooks.test_notebook_execution_comprehensive.TestSavedOutputs" name="test_no_error_outputs_in_saved_notebook[G2_ML/1_3/K7_GIFT_v1_3_zero_param.ipynb]" time="0.001" /><testcase classname="tests.notebooks.test_notebook_execution_comprehensive.TestSavedOutputs" name="test_no_error_outputs_in_saved_notebook[G2_ML/1_3/K7_GIFT_v1_3b_rigorous.ipynb]" time="0.002" /><testcase classname="tests.notebooks.test_notebook_execution_comprehensive.TestSavedOutputs" name="test_no_error_outputs_in_saved_notebook[G2_ML/1_3b/K7_GIFT_v1_3b_rigorous.ipynb]" time="0.001" /><testcase classname="tests.notebooks.test_notebook_execution_comprehensive.TestSavedOutputs" name="test_no_error_outputs_in_saved_notebook[G2_ML/1_3c/K7_GIFT_v1_3c_rigorous_full.ipynb]" time="0.002" /><testcase classname="tests.notebooks.test_notebook_execution_comprehensive.TestSavedOutputs" name="test_no_error_outputs_in_saved_notebook[G2_ML/1_4/K7_GIFT_v1_4_TCS_full.ipynb]" time="0.002" /><testcase classname="tests.notebooks.test_notebook_execution_comprehensive.TestSavedOutputs" name="test_no_error_outputs_in_saved_notebook[G2_ML/1_5/K7_GIFT_v1_5.ipynb]" time="0.002" /><testcase classname="tests.notebooks.test_notebook_execution_comprehensive.TestSavedOutputs" name="test_no_error_outputs_in_saved_notebook[G2_ML/1_6/K7_GIFT_v1_6.ipynb]" time="0.002" /><testcase classname="tests.notebooks.test_notebook_execution_comprehensive.TestSavedOutputs" name="test_no_error_outputs_in_saved_notebook[G2_ML/1_6/K7_GIFT_v1_6_analysed.ipynb]" time="0.003" /><testcase classname="tests.notebooks.test_notebook_execution_comprehensive.TestSavedOutputs" name="test_no_error_outputs_in_saved_notebook[G2_ML/1_7/K7_GIFT_v1_7_hybrid_analytic.ipynb]" time="0.001" /><testcase classname="tests.notebooks.test_notebook_execution_comprehensive.TestSavedOutputs" name="test_no_error_outputs_in_saved_notebook[G2_ML/1_7b/K7_GIFT_v1_7b_tuned.ipynb]" time="0.002" /><testcase classname="tests.notebooks.test_notebook_execution_comprehensive.TestSavedOutputs" name="test_no_error_outputs_in_saved_notebook[assets/visualizations/dimensional_reduction_flow.ipynb]" time="0.002" /><testcase classname="tests.notebooks.test_notebook_execution_comprehensive.TestSavedOutputs" name="test_no_error_outputs_in_saved_notebook[assets/visualizations/e8_root_system_3d.ipynb]" time="0.001" /><testcase classname="tests.notebooks.test_notebook_execution_comprehensive.TestSavedOutputs" name="test_no_error_outputs_in_saved_notebook[assets/visualizations/precision_dashboard.ipynb]" time="0.001" /><testcase classname="tests.notebooks.test_notebook_execution_comprehensive.TestNotebookImports" name="test_uses_standard_imports[NOTSET]" time="0.001"><skipped type="pytest.skip" message="got empty parameter set for (notebook_path)">/home/user/GIFT/tests/notebooks/test_notebook_execution_comprehensive.py:314: got empty parameter set for (notebook_path)</skipped></testcase><testcase classname="tests.notebooks.test_notebook_execution_comprehensive.TestNotebookDiscovery" name="test_notebooks_discovered" time="0.001" /><testcase classname="tests.notebooks.test_notebook_execution_comprehensive.TestNotebookDiscovery" name="test_publication_notebooks_exist" time="0.001"><skipped type="pytest.skip" message="No publication notebooks found">/home/user/GIFT/tests/notebooks/test_notebook_execution_comprehensive.py:350: No publication notebooks found</skipped></testcase><testcase classname="tests.notebooks.test_notebook_execution_comprehensive.TestNotebookDiscovery" name="test_notebook_count_reasonable" time="0.001" /><testcase classname="tests.notebooks.test_notebook_execution_comprehensive.TestNotebookDiscovery" name="test_all_notebooks_in_repo" time="0.005" /><testcase classname="tests.notebooks.test_notebook_execution_comprehensive.TestNotebookIntegration" name="test_notebook_dependencies_available" time="0.268" /><testcase classname="tests.notebooks.test_notebook_execution_comprehensive.TestNotebookIntegration" name="test_jupyter_available" time="1.016" /><testcase classname="tests.notebooks.test_notebook_execution_comprehensive.TestNotebookOutputFormats" name="test_notebook_has_text_or_display_outputs[NOTSET]" time="0.001"><skipped type="pytest.skip" message="got empty parameter set for (notebook_path)">/home/user/GIFT/tests/notebooks/test_notebook_execution_comprehensive.py:401: got empty parameter set for (notebook_path)</skipped></testcase><testcase classname="tests.notebooks.test_notebook_execution_comprehensive.TestNotebookPerformance" name="test_notebook_not_too_large[G2_ML/0.1/Complete_G\u2082_Metric_Training_v0_1.ipynb]" time="0.001" /><testcase classname="tests.notebooks.test_notebook_execution_comprehensive.TestNotebookPerformance" name="test_notebook_not_too_large[G2_ML/0.2/Complete_G\u2082_Metric_Training_v0_2.ipynb]" time="0.001" /><testcase classname="tests.notebooks.test_notebook_execution_comprehensive.TestNotebookPerformance" name="test_notebook_not_too_large[G2_ML/0.3/Complete_G2_Metric_Training_v0_3.ipynb]" time="0.001" /><testcase classname="tests.notebooks.test_notebook_execution_comprehensive.TestNotebookPerformance" name="test_notebook_not_too_large[G2_ML/0.3/Complete_G2_Metric_Training_v0_3b.ipynb]" time="0.001" /><testcase classname="tests.notebooks.test_notebook_execution_comprehensive.TestNotebookPerformance" name="test_notebook_not_too_large[G2_ML/0.3/Complete_G2_Metric_Training_v0_3c.ipynb]" time="0.001" /><testcase classname="tests.notebooks.test_notebook_execution_comprehensive.TestNotebookPerformance" name="test_notebook_not_too_large[G2_ML/0.4/Complete_G2_Metric_Training_v0_4.ipynb]" time="0.001" /><testcase classname="tests.notebooks.test_notebook_execution_comprehensive.TestNotebookPerformance" name="test_notebook_not_too_large[G2_ML/0.5/Complete_G2_Metric_Training_v0_5_GIFT_Geometry.ipynb]" time="0.001" /><testcase classname="tests.notebooks.test_notebook_execution_comprehensive.TestNotebookPerformance" name="test_notebook_not_too_large[G2_ML/0.6/Complete_G2_Metric_Training_v0_6.ipynb]" time="0.001" /><testcase classname="tests.notebooks.test_notebook_execution_comprehensive.TestNotebookPerformance" name="test_notebook_not_too_large[G2_ML/0.6b/Complete_G2_Metric_Training_v0_6b.ipynb]" time="0.001" /><testcase classname="tests.notebooks.test_notebook_execution_comprehensive.TestNotebookPerformance" name="test_notebook_not_too_large[G2_ML/0.6c/Complete_G2_Metric_Training_v0_6c.ipynb]" time="0.001" /><testcase classname="tests.notebooks.test_notebook_execution_comprehensive.TestNotebookPerformance" name="test_notebook_not_too_large[G2_ML/0.7/Complete_G2_Metric_Training_v0_7.ipynb]" time="0.001" /><testcase classname="tests.notebooks.test_notebook_execution_comprehensive.TestNotebookPerformance" name="test_notebook_not_too_large[G2_ML/0.8/Complete_G2_Metric_Training_v0_8b.ipynb]" time="0.001" /><testcase classname="tests.notebooks.test_notebook_execution_comprehensive.TestNotebookPerformance" name="test_notebook_not_too_large[G2_ML/0.9/K7_Metric_Reconstruction_Complete.ipynb]" time="0.001" /><testcase classname="tests.notebooks.test_notebook_execution_comprehensive.TestNotebookPerformance" name="test_notebook_not_too_large[G2_ML/0.9a/K7_Metric_Reconstruction_Complete.ipynb]" time="0.001" /><testcase classname="tests.notebooks.test_notebook_execution_comprehensive.TestNotebookPerformance" name="test_notebook_not_too_large[G2_ML/0.9b/K7_Metric_Reconstruction_0_9.ipynb]" time="0.001" /><testcase classname="tests.notebooks.test_notebook_execution_comprehensive.TestNotebookPerformance" name="test_notebook_not_too_large[G2_ML/1.0d/K7_G2_TCS_ExplicitMetric_v1_0d.ipynb]" time="0.001" /><testcase classname="tests.notebooks.test_notebook_execution_comprehensive.TestNotebookPerformance" name="test_notebook_not_too_large[G2_ML/1.0e/K7_G2_TCS_ExplicitMetric_v1_0e.ipynb]" time="0.001" /><testcase classname="tests.notebooks.test_notebook_execution_comprehensive.TestNotebookPerformance" name="test_notebook_not_too_large[G2_ML/1.0e/K7_G2_TCS_ExplicitMetric_v1_0e_trained.ipynb]" time="0.001" /><testcase classname="tests.notebooks.test_notebook_execution_comprehensive.TestNotebookPerformance" name="test_notebook_not_too_large[G2_ML/1.0f/K7_G2_TCS_ExplicitMetric_v1_0f.ipynb]" time="0.001" /><testcase classname="tests.notebooks.test_notebook_execution_comprehensive.TestNotebookPerformance" name="test_notebook_not_too_large[G2_ML/1_1/K7_G2_TCS_ExplicitMetric_v1_1.ipynb]" time="0.002" /><testcase classname="tests.notebooks.test_notebook_execution_comprehensive.TestNotebookPerformance" name="test_notebook_not_too_large[G2_ML/1_1a/K7_G2_TCS_ExplicitMetric_v1_1a.ipynb]" time="0.001" /><testcase classname="tests.notebooks.test_notebook_execution_comprehensive.TestNotebookPerformance" name="test_notebook_not_too_large[G2_ML/1_1b/K7_G2_TCS_RGFlow_v1_1b.ipynb]" time="0.001" /><testcase classname="tests.notebooks.test_notebook_execution_comprehensive.TestNotebookPerformance" name="test_notebook_not_too_large[G2_ML/1_1c/K7_G2_TCS_v1_1c.ipynb]" time="0.001" /><testcase classname="tests.notebooks.test_notebook_execution_comprehensive.TestNotebookPerformance" name="test_notebook_not_too_large[G2_ML/1_2/K7_G2_TCS_GIFT_Full_v1_2.ipynb]" time="0.001" /><testcase classname="tests.notebooks.test_notebook_execution_comprehensive.TestNotebookPerformance" name="test_notebook_not_too_large[G2_ML/1_2/K7_G2_TCS_GIFT_Full_v1_2a.ipynb]" time="0.001" /><testcase classname="tests.notebooks.test_notebook_execution_comprehensive.TestNotebookPerformance" name="test_notebook_not_too_large[G2_ML/1_2a/K7_G2_TCS_GIFT_Full_v1_2a.ipynb]" time="0.001" /><testcase classname="tests.notebooks.test_notebook_execution_comprehensive.TestNotebookPerformance" name="test_notebook_not_too_large[G2_ML/1_2b/K7_G2_TCS_GIFT_Full_v1_2b.ipynb]" time="0.001" /><testcase classname="tests.notebooks.test_notebook_execution_comprehensive.TestNotebookPerformance" name="test_notebook_not_too_large[G2_ML/1_2c/K7_G2_TCS_GIFT_Full_v1_2c.ipynb]" time="0.001" /><testcase classname="tests.notebooks.test_notebook_execution_comprehensive.TestNotebookPerformance" name="test_notebook_not_too_large[G2_ML/1_3/K7_GIFT_v1_3_zero_param.ipynb]" time="0.001" /><testcase classname="tests.notebooks.test_notebook_execution_comprehensive.TestNotebookPerformance" name="test_notebook_not_too_large[G2_ML/1_3/K7_GIFT_v1_3b_rigorous.ipynb]" time="0.001" /><testcase classname="tests.notebooks.test_notebook_execution_comprehensive.TestNotebookPerformance" name="test_notebook_not_too_large[G2_ML/1_3b/K7_GIFT_v1_3b_rigorous.ipynb]" time="0.002" /><testcase classname="tests.notebooks.test_notebook_execution_comprehensive.TestNotebookPerformance" name="test_notebook_not_too_large[G2_ML/1_3c/K7_GIFT_v1_3c_rigorous_full.ipynb]" time="0.001" /><testcase classname="tests.notebooks.test_notebook_execution_comprehensive.TestNotebookPerformance" name="test_notebook_not_too_large[G2_ML/1_4/K7_GIFT_v1_4_TCS_full.ipynb]" time="0.001" /><testcase classname="tests.notebooks.test_notebook_execution_comprehensive.TestNotebookPerformance" name="test_notebook_not_too_large[G2_ML/1_5/K7_GIFT_v1_5.ipynb]" time="0.001" /><testcase classname="tests.notebooks.test_notebook_execution_comprehensive.TestNotebookPerformance" name="test_notebook_not_too_large[G2_ML/1_6/K7_GIFT_v1_6.ipynb]" time="0.001" /><testcase classname="tests.notebooks.test_notebook_execution_comprehensive.TestNotebookPerformance" name="test_notebook_not_too_large[G2_ML/1_6/K7_GIFT_v1_6_analysed.ipynb]" time="0.001" /><testcase classname="tests.notebooks.test_notebook_execution_comprehensive.TestNotebookPerformance" name="test_notebook_not_too_large[G2_ML/1_7/K7_GIFT_v1_7_hybrid_analytic.ipynb]" time="0.001" /><testcase classname="tests.notebooks.test_notebook_execution_comprehensive.TestNotebookPerformance" name="test_notebook_not_too_large[G2_ML/1_7b/K7_GIFT_v1_7b_tuned.ipynb]" time="0.001" /><testcase classname="tests.notebooks.test_notebook_execution_comprehensive.TestNotebookPerformance" name="test_notebook_not_too_large[assets/visualizations/dimensional_reduction_flow.ipynb]" time="0.001" /><testcase classname="tests.notebooks.test_notebook_execution_comprehensive.TestNotebookPerformance" name="test_notebook_not_too_large[assets/visualizations/e8_root_system_3d.ipynb]" time="0.001" /><testcase classname="tests.notebooks.test_notebook_execution_comprehensive.TestNotebookPerformance" name="test_notebook_not_too_large[assets/visualizations/precision_dashboard.ipynb]" time="0.001" /><testcase classname="tests.notebooks.test_notebook_execution_comprehensive.TestNotebookPerformance" name="test_notebook_not_too_many_cells[G2_ML/0.1/Complete_G\u2082_Metric_Training_v0_1.ipynb]" time="0.008" /><testcase classname="tests.notebooks.test_notebook_execution_comprehensive.TestNotebookPerformance" name="test_notebook_not_too_many_cells[G2_ML/0.2/Complete_G\u2082_Metric_Training_v0_2.ipynb]" time="0.009" /><testcase classname="tests.notebooks.test_notebook_execution_comprehensive.TestNotebookPerformance" name="test_notebook_not_too_many_cells[G2_ML/0.3/Complete_G2_Metric_Training_v0_3.ipynb]" time="0.003" /><testcase classname="tests.notebooks.test_notebook_execution_comprehensive.TestNotebookPerformance" name="test_notebook_not_too_many_cells[G2_ML/0.3/Complete_G2_Metric_Training_v0_3b.ipynb]" time="0.004" /><testcase classname="tests.notebooks.test_notebook_execution_comprehensive.TestNotebookPerformance" name="test_notebook_not_too_many_cells[G2_ML/0.3/Complete_G2_Metric_Training_v0_3c.ipynb]" time="0.003" /><testcase classname="tests.notebooks.test_notebook_execution_comprehensive.TestNotebookPerformance" name="test_notebook_not_too_many_cells[G2_ML/0.4/Complete_G2_Metric_Training_v0_4.ipynb]" time="0.017" /><testcase classname="tests.notebooks.test_notebook_execution_comprehensive.TestNotebookPerformance" name="test_notebook_not_too_many_cells[G2_ML/0.5/Complete_G2_Metric_Training_v0_5_GIFT_Geometry.ipynb]" time="0.002" /><testcase classname="tests.notebooks.test_notebook_execution_comprehensive.TestNotebookPerformance" name="test_notebook_not_too_many_cells[G2_ML/0.6/Complete_G2_Metric_Training_v0_6.ipynb]" time="0.002" /><testcase classname="tests.notebooks.test_notebook_execution_comprehensive.TestNotebookPerformance" name="test_notebook_not_too_many_cells[G2_ML/0.6b/Complete_G2_Metric_Training_v0_6b.ipynb]" time="0.002" /><testcase classname="tests.notebooks.test_notebook_execution_comprehensive.TestNotebookPerformance" name="test_notebook_not_too_many_cells[G2_ML/0.6c/Complete_G2_Metric_Training_v0_6c.ipynb]" time="0.004" /><testcase classname="tests.notebooks.test_notebook_execution_comprehensive.TestNotebookPerformance" name="test_notebook_not_too_many_cells[G2_ML/0.7/Complete_G2_Metric_Training_v0_7.ipynb]" time="0.002" /><testcase classname="tests.notebooks.test_notebook_execution_comprehensive.TestNotebookPerformance" name="test_notebook_not_too_many_cells[G2_ML/0.8/Complete_G2_Metric_Training_v0_8b.ipynb]" time="0.002" /><testcase classname="tests.notebooks.test_notebook_execution_comprehensive.TestNotebookPerformance" name="test_notebook_not_too_many_cells[G2_ML/0.9/K7_Metric_Reconstruction_Complete.ipynb]" time="0.002" /><testcase classname="tests.notebooks.test_notebook_execution_comprehensive.TestNotebookPerformance" name="test_notebook_not_too_many_cells[G2_ML/0.9a/K7_Metric_Reconstruction_Complete.ipynb]" time="0.002" /><testcase classname="tests.notebooks.test_notebook_execution_comprehensive.TestNotebookPerformance" name="test_notebook_not_too_many_cells[G2_ML/0.9b/K7_Metric_Reconstruction_0_9.ipynb]" time="0.003" /><testcase classname="tests.notebooks.test_notebook_execution_comprehensive.TestNotebookPerformance" name="test_notebook_not_too_many_cells[G2_ML/1.0d/K7_G2_TCS_ExplicitMetric_v1_0d.ipynb]" time="0.001" /><testcase classname="tests.notebooks.test_notebook_execution_comprehensive.TestNotebookPerformance" name="test_notebook_not_too_many_cells[G2_ML/1.0e/K7_G2_TCS_ExplicitMetric_v1_0e.ipynb]" time="0.001" /><testcase classname="tests.notebooks.test_notebook_execution_comprehensive.TestNotebookPerformance" name="test_notebook_not_too_many_cells[G2_ML/1.0e/K7_G2_TCS_ExplicitMetric_v1_0e_trained.ipynb]" time="0.001" /><testcase classname="tests.notebooks.test_notebook_execution_comprehensive.TestNotebookPerformance" name="test_notebook_not_too_many_cells[G2_ML/1.0f/K7_G2_TCS_ExplicitMetric_v1_0f.ipynb]" time="0.003" /><testcase classname="tests.notebooks.test_notebook_execution_comprehensive.TestNotebookPerformance" name="test_notebook_not_too_many_cells[G2_ML/1_1/K7_G2_TCS_ExplicitMetric_v1_1.ipynb]" time="0.002" /><testcase classname="tests.notebooks.test_notebook_execution_comprehensive.TestNotebookPerformance" name="test_notebook_not_too_many_cells[G2_ML/1_1a/K7_G2_TCS_ExplicitMetric_v1_1a.ipynb]" time="0.002" /><testcase classname="tests.notebooks.test_notebook_execution_comprehensive.TestNotebookPerformance" name="test_notebook_not_too_many_cells[G2_ML/1_1b/K7_G2_TCS_RGFlow_v1_1b.ipynb]" time="0.002" /><testcase classname="tests.notebooks.test_notebook_execution_comprehensive.TestNotebookPerformance" name="test_notebook_not_too_many_cells[G2_ML/1_1c/K7_G2_TCS_v1_1c.ipynb]" time="0.002" /><testcase classname="tests.notebooks.test_notebook_execution_comprehensive.TestNotebookPerformance" name="test_notebook_not_too_many_cells[G2_ML/1_2/K7_G2_TCS_GIFT_Full_v1_2.ipynb]" time="0.002" /><testcase classname="tests.notebooks.test_notebook_execution_comprehensive.TestNotebookPerformance" name="test_notebook_not_too_many_cells[G2_ML/1_2/K7_G2_TCS_GIFT_Full_v1_2a.ipynb]" time="0.002" /><testcase classname="tests.notebooks.test_notebook_execution_comprehensive.TestNotebookPerformance" name="test_notebook_not_too_many_cells[G2_ML/1_2a/K7_G2_TCS_GIFT_Full_v1_2a.ipynb]" time="0.002" /><testcase classname="tests.notebooks.test_notebook_execution_comprehensive.TestNotebookPerformance" name="test_notebook_not_too_many_cells[G2_ML/1_2b/K7_G2_TCS_GIFT_Full_v1_2b.ipynb]" time="0.002" /><testcase classname="tests.notebooks.test_notebook_execution_comprehensive.TestNotebookPerformance" name="test_notebook_not_too_many_cells[G2_ML/1_2c/K7_G2_TCS_GIFT_Full_v1_2c.ipynb]" time="0.002" /><testcase classname="tests.notebooks.test_notebook_execution_comprehensive.TestNotebookPerformance" name="test_notebook_not_too_many_cells[G2_ML/1_3/K7_GIFT_v1_3_zero_param.ipynb]" time="0.001" /><testcase classname="tests.notebooks.test_notebook_execution_comprehensive.TestNotebookPerformance" name="test_notebook_not_too_many_cells[G2_ML/1_3/K7_GIFT_v1_3b_rigorous.ipynb]" time="0.001" /><testcase classname="tests.notebooks.test_notebook_execution_comprehensive.TestNotebookPerformance" name="test_notebook_not_too_many_cells[G2_ML/1_3b/K7_GIFT_v1_3b_rigorous.ipynb]" time="0.001" /><testcase classname="tests.notebooks.test_notebook_execution_comprehensive.TestNotebookPerformance" name="test_notebook_not_too_many_cells[G2_ML/1_3c/K7_GIFT_v1_3c_rigorous_full.ipynb]" time="0.001" /><testcase classname="tests.notebooks.test_notebook_execution_comprehensive.TestNotebookPerformance" name="test_notebook_not_too_many_cells[G2_ML/1_4/K7_GIFT_v1_4_TCS_full.ipynb]" time="0.002" /><testcase classname="tests.notebooks.test_notebook_execution_comprehensive.TestNotebookPerformance" name="test_notebook_not_too_many_cells[G2_ML/1_5/K7_GIFT_v1_5.ipynb]" time="0.002" /><testcase classname="tests.notebooks.test_notebook_execution_comprehensive.TestNotebookPerformance" name="test_notebook_not_too_many_cells[G2_ML/1_6/K7_GIFT_v1_6.ipynb]" time="0.002" /><testcase classname="tests.notebooks.test_notebook_execution_comprehensive.TestNotebookPerformance" name="test_notebook_not_too_many_cells[G2_ML/1_6/K7_GIFT_v1_6_analysed.ipynb]" time="0.003" /><testcase classname="tests.notebooks.test_notebook_execution_comprehensive.TestNotebookPerformance" name="test_notebook_not_too_many_cells[G2_ML/1_7/K7_GIFT_v1_7_hybrid_analytic.ipynb]" time="0.001" /><testcase classname="tests.notebooks.test_notebook_execution_comprehensive.TestNotebookPerformance" name="test_notebook_not_too_many_cells[G2_ML/1_7b/K7_GIFT_v1_7b_tuned.ipynb]" time="0.002" /><testcase classname="tests.notebooks.test_notebook_execution_comprehensive.TestNotebookPerformance" name="test_notebook_not_too_many_cells[assets/visualizations/dimensional_reduction_flow.ipynb]" time="0.001" /><testcase classname="tests.notebooks.test_notebook_execution_comprehensive.TestNotebookPerformance" name="test_notebook_not_too_many_cells[assets/visualizations/e8_root_system_3d.ipynb]" time="0.001" /><testcase classname="tests.notebooks.test_notebook_execution_comprehensive.TestNotebookPerformance" name="test_notebook_not_too_many_cells[assets/visualizations/precision_dashboard.ipynb]" time="0.001" /><testcase classname="tests.notebooks.test_notebooks.TestPublicationNotebooks" name="test_gift_v2_notebook_executes" time="0.002"><skipped type="pytest.skip" message="Notebook not found: /home/user/GIFT/publications/gift_v2_notebook.ipynb">/home/user/GIFT/tests/notebooks/test_notebooks.py:61: Notebook not found: /home/user/GIFT/publications/gift_v2_notebook.ipynb</skipped></testcase><testcase classname="tests.notebooks.test_notebooks.TestPublicationNotebooks" name="test_statistical_validation_notebook_executes" time="0.001"><skipped type="pytest.skip" message="Notebook not found: /home/user/GIFT/publications/gift_statistical_validation.ipynb">/home/user/GIFT/tests/notebooks/test_notebooks.py:72: Notebook not found: /home/user/GIFT/publications/gift_statistical_validation.ipynb</skipped></testcase><testcase classname="tests.notebooks.test_notebooks.TestPublicationNotebooks" name="test_experimental_predictions_notebook_exists" time="0.001"><skipped type="pytest.skip" message="Notebook not found: /home/user/GIFT/publications/gift_experimental_predictions.ipynb">/home/user/GIFT/tests/notebooks/test_notebooks.py:86: Notebook not found: /home/user/GIFT/publications/gift_experimental_predictions.ipynb</skipped></testcase><testcase classname="tests.notebooks.test_notebooks.TestNotebookStructure" name="test_all_notebooks_valid_format" time="0.280" /><testcase classname="tests.notebooks.test_notebooks.TestNotebookStructure" name="test_notebooks_have_markdown_cells" time="0.001" /><testcase classname="tests.notebooks.test_notebooks.TestNotebookStructure" name="test_notebooks_no_empty_outputs" time="0.001" /><testcase classname="tests.notebooks.test_notebooks.TestG2Notebooks" name="test_latest_g2_notebook_exists" time="0.014" /><testcase classname="tests.notebooks.test_notebooks.TestG2Notebooks" name="test_g2_integration_test_exists" time="0.001" /><testcase classname="tests.notebooks.test_notebooks.TestVisualizationNotebooks" name="test_visualization_notebooks_exist" time="0.004" /><testcase classname="tests.notebooks.test_notebooks.TestNotebookOutputs" name="test_main_notebook_produces_observables" time="0.001"><skipped type="pytest.skip" message="Notebook not found: /home/user/GIFT/publications/gift_v2_notebook.ipynb">/home/user/GIFT/tests/notebooks/test_notebooks.py:216: Notebook not found: /home/user/GIFT/publications/gift_v2_notebook.ipynb</skipped></testcase><testcase classname="tests.notebooks.test_notebooks.TestNotebookPerformance" name="test_notebook_execution_time_reasonable" time="0.001" /><testcase classname="tests.notebooks.test_notebooks.TestNotebookPerformance" name="test_notebook_memory_usage_reasonable" time="0.001" /><testcase classname="tests.performance.test_benchmarks.TestComputationTiming" name="test_framework_initialization_time" time="0.001" /><testcase classname="tests.performance.test_benchmarks.TestComputationTiming" name="test_observable_computation_time" time="0.001" /><testcase classname="tests.performance.test_benchmarks.TestComputationTiming" name="test_repeated_computation_overhead" time="0.001" /><testcase classname="tests.performance.test_benchmarks.TestComputationTiming" name="test_single_framework_instance_overhead" time="0.002" /><testcase classname="tests.performance.test_benchmarks.TestMemoryUsage" name="test_framework_memory_footprint" time="0.005"><skipped type="pytest.skip" message="psutil not available for memory profiling">/home/user/GIFT/tests/performance/test_benchmarks.py:156: psutil not available for memory profiling</skipped></testcase><testcase classname="tests.performance.test_benchmarks.TestMemoryUsage" name="test_memory_cleanup_after_computation" time="0.005"><skipped type="pytest.skip" message="psutil not available">/home/user/GIFT/tests/performance/test_benchmarks.py:189: psutil not available</skipped></testcase><testcase classname="tests.performance.test_benchmarks.TestMemoryUsage" name="test_large_monte_carlo_memory_efficiency" time="0.006"><skipped type="pytest.skip" message="psutil not available">/home/user/GIFT/tests/performance/test_benchmarks.py:234: psutil not available</skipped></testcase><testcase classname="tests.performance.test_benchmarks.TestScalability" name="test_parameter_sweep_scalability" time="0.004" /><testcase classname="tests.performance.test_benchmarks.TestScalability" name="test_parallel_potential" time="0.001" /><testcase classname="tests.performance.test_benchmarks.TestPerformanceRegression" name="test_computation_time_regression" time="0.001" /><testcase classname="tests.performance.test_benchmarks.TestPerformanceRegression" name="test_no_quadratic_slowdown" time="0.003"><failure message="AssertionError: Non-linear scaling detected: R²=0.739&#10;assert np.float64(0.7385421227738171) &gt; 0.8">tests/performance/test_benchmarks.py:346: in test_no_quadratic_slowdown
    assert r_squared &gt; 0.8, (
E   AssertionError: Non-linear scaling detected: R²=0.739
E   assert np.float64(0.7385421227738171) &gt; 0.8</failure></testcase><testcase classname="tests.performance.test_benchmarks.TestBottleneckIdentification" name="test_identify_slowest_observables" time="0.001" /><testcase classname="tests.performance.test_benchmarks.TestBottleneckIdentification" name="test_initialization_overhead" time="0.001"><failure message="AssertionError: Initialization overhead too high&#10;assert 2.86102294921875e-05 &lt; (0.5 * 4.7206878662109375e-05)">tests/performance/test_benchmarks.py:386: in test_initialization_overhead
    assert init_time &lt; 0.5 * compute_time, (
E   AssertionError: Initialization overhead too high
E   assert 2.86102294921875e-05 &lt; (0.5 * 4.7206878662109375e-05)</failure></testcase><testcase classname="tests.performance.test_benchmarks.TestCachingEffectiveness" name="test_repeated_access_performance" time="0.001" /><testcase classname="tests.performance.test_benchmarks.TestNumericalPrecisionVsSpeed" name="test_precision_maintained_despite_optimizations" time="0.001" /><testcase classname="tests.performance.test_benchmarks.TestConcurrentPerformance" name="test_no_interference_between_instances" time="0.001" /><testcase classname="tests.performance.test_benchmarks.TestBenchmarkReporting" name="test_generate_performance_report" time="0.003" /><testcase classname="tests.property.test_property_based.TestMathematicalInvariants" name="test_topological_observables_parameter_independent" time="1.304" /><testcase classname="tests.property.test_property_based.TestMathematicalInvariants" name="test_all_observables_finite" time="0.026" /><testcase classname="tests.property.test_property_based.TestMathematicalInvariants" name="test_mass_ratios_positive" time="0.016" /><testcase classname="tests.property.test_property_based.TestMathematicalInvariants" name="test_ckm_elements_bounded" time="0.016" /><testcase classname="tests.property.test_property_based.TestComputationalProperties" name="test_deterministic_computation" time="0.012" /><testcase classname="tests.property.test_property_based.TestComputationalProperties" name="test_idempotent_computation" time="0.013" /><testcase classname="tests.property.test_property_based.TestComputationalProperties" name="test_order_independence" time="0.015" /><testcase classname="tests.property.test_property_based.TestPhysicalConstraints" name="test_cosmological_densities_sum_to_one" time="0.018" /><testcase classname="tests.property.test_property_based.TestPhysicalConstraints" name="test_mixing_angles_physical_range" time="0.017" /><testcase classname="tests.property.test_property_based.TestPhysicalConstraints" name="test_gauge_couplings_positive" time="0.016" /><testcase classname="tests.property.test_property_based.TestNumericalStability" name="test_continuous_dependence" time="0.015" /><testcase classname="tests.property.test_property_based.TestNumericalStability" name="test_no_numerical_cancellation" time="0.011" /><testcase classname="tests.property.test_property_based.TestSymmetryProperties" name="test_parameter_sign_invariance" time="0.007"><failure message="hypothesis.errors.Unsatisfiable: Unable to satisfy assumptions of test_parameter_sign_invariance. 2 of 2 examples failed a .filter() or assume() condition. Try making your filters or assumes less strict, or rewrite using strategy parameters: st.integers().filter(lambda x: x &gt; 0) fails less often (that is, never) when rewritten as st.integers(min_value=1).">tests/property/test_property_based.py:364: in test_parameter_sign_invariance
    sign=st.sampled_from([-1, 1])
           ^^^^^^^
E   hypothesis.errors.Unsatisfiable: Unable to satisfy assumptions of test_parameter_sign_invariance. 2 of 2 examples failed a .filter() or assume() condition. Try making your filters or assumes less strict, or rewrite using strategy parameters: st.integers().filter(lambda x: x &gt; 0) fails less often (that is, never) when rewritten as st.integers(min_value=1).</failure></testcase><testcase classname="tests.property.test_property_based.TestMonotonicity" name="test_monotonic_parameter_dependence" time="0.011" /><testcase classname="tests.property.test_property_based.TestComposition" name="test_framework_composition" time="0.013" /><testcase classname="tests.property.test_property_based.TestHypothesisFeatures" name="test_interactive_strategy" time="0.008" /><testcase classname="tests.regression.test_enhanced_observable_regression.TestObservableStabilityRegression" name="test_observable_regression_vs_baseline[alpha_inv_MZ-137.033]" time="0.002"><failure message="AssertionError: alpha_inv_MZ REGRESSION DETECTED:&#10;    Baseline: 137.033&#10;    Current:  127.9583333&#10;    Abs diff: 9.07e+00&#10;    Rel diff: 6.62e-02&#10;    Tolerance: 1.00e-06&#10;assert (9.074666666666658 &lt; 1e-06 or 0.06622249141934176 &lt; 1e-06)">tests/regression/test_enhanced_observable_regression.py:149: in test_observable_regression_vs_baseline
    assert abs_diff &lt; tolerance or rel_diff &lt; tolerance, (
E   AssertionError: alpha_inv_MZ REGRESSION DETECTED:
E       Baseline: 137.033
E       Current:  127.9583333
E       Abs diff: 9.07e+00
E       Rel diff: 6.62e-02
E       Tolerance: 1.00e-06
E   assert (9.074666666666658 &lt; 1e-06 or 0.06622249141934176 &lt; 1e-06)</failure></testcase><testcase classname="tests.regression.test_enhanced_observable_regression.TestObservableStabilityRegression" name="test_observable_regression_vs_baseline[sin2thetaW-0.23128]" time="0.001"><failure message="AssertionError: sin2thetaW REGRESSION DETECTED:&#10;    Baseline: 0.23128&#10;    Current:  0.2312820249&#10;    Abs diff: 2.02e-06&#10;    Rel diff: 8.76e-06&#10;    Tolerance: 1.00e-06&#10;assert (2.0248689142077225e-06 &lt; 1e-06 or 8.755054108473337e-06 &lt; 1e-06)">tests/regression/test_enhanced_observable_regression.py:149: in test_observable_regression_vs_baseline
    assert abs_diff &lt; tolerance or rel_diff &lt; tolerance, (
E   AssertionError: sin2thetaW REGRESSION DETECTED:
E       Baseline: 0.23128
E       Current:  0.2312820249
E       Abs diff: 2.02e-06
E       Rel diff: 8.76e-06
E       Tolerance: 1.00e-06
E   assert (2.0248689142077225e-06 &lt; 1e-06 or 8.755054108473337e-06 &lt; 1e-06)</failure></testcase><testcase classname="tests.regression.test_enhanced_observable_regression.TestObservableStabilityRegression" name="test_observable_regression_vs_baseline[alpha_s_MZ-0.11785]" time="0.001"><failure message="AssertionError: alpha_s_MZ REGRESSION DETECTED:&#10;    Baseline: 0.11785&#10;    Current:  0.1178511302&#10;    Abs diff: 1.13e-06&#10;    Rel diff: 9.59e-06&#10;    Tolerance: 1.00e-06&#10;assert (np.float64(1.1301977579369904e-06) &lt; 1e-06 or np.float64(9.590137954492837e-06) &lt; 1e-06)">tests/regression/test_enhanced_observable_regression.py:149: in test_observable_regression_vs_baseline
    assert abs_diff &lt; tolerance or rel_diff &lt; tolerance, (
E   AssertionError: alpha_s_MZ REGRESSION DETECTED:
E       Baseline: 0.11785
E       Current:  0.1178511302
E       Abs diff: 1.13e-06
E       Rel diff: 9.59e-06
E       Tolerance: 1.00e-06
E   assert (np.float64(1.1301977579369904e-06) &lt; 1e-06 or np.float64(9.590137954492837e-06) &lt; 1e-06)</failure></testcase><testcase classname="tests.regression.test_enhanced_observable_regression.TestObservableStabilityRegression" name="test_observable_regression_vs_baseline[theta12-33.69]" time="0.002"><failure message="AssertionError: theta12 REGRESSION DETECTED:&#10;    Baseline: 33.69&#10;    Current:  33.40004993&#10;    Abs diff: 2.90e-01&#10;    Rel diff: 8.61e-03&#10;    Tolerance: 1.00e-04&#10;assert (np.float64(0.28995006995086214) &lt; 0.0001 or np.float64(0.008606413474350316) &lt; 0.0001)">tests/regression/test_enhanced_observable_regression.py:149: in test_observable_regression_vs_baseline
    assert abs_diff &lt; tolerance or rel_diff &lt; tolerance, (
E   AssertionError: theta12 REGRESSION DETECTED:
E       Baseline: 33.69
E       Current:  33.40004993
E       Abs diff: 2.90e-01
E       Rel diff: 8.61e-03
E       Tolerance: 1.00e-04
E   assert (np.float64(0.28995006995086214) &lt; 0.0001 or np.float64(0.008606413474350316) &lt; 0.0001)</failure></testcase><testcase classname="tests.regression.test_enhanced_observable_regression.TestObservableStabilityRegression" name="test_observable_regression_vs_baseline[theta13-8.571]" time="0.001" /><testcase classname="tests.regression.test_enhanced_observable_regression.TestObservableStabilityRegression" name="test_observable_regression_vs_baseline[theta23-48.63]" time="0.001"><failure message="AssertionError: theta23 REGRESSION DETECTED:&#10;    Baseline: 48.63&#10;    Current:  49.19334605&#10;    Abs diff: 5.63e-01&#10;    Rel diff: 1.16e-02&#10;    Tolerance: 1.00e-04&#10;assert (0.5633460465858278 &lt; 0.0001 or 0.011584331618051157 &lt; 0.0001)">tests/regression/test_enhanced_observable_regression.py:149: in test_observable_regression_vs_baseline
    assert abs_diff &lt; tolerance or rel_diff &lt; tolerance, (
E   AssertionError: theta23 REGRESSION DETECTED:
E       Baseline: 48.63
E       Current:  49.19334605
E       Abs diff: 5.63e-01
E       Rel diff: 1.16e-02
E       Tolerance: 1.00e-04
E   assert (0.5633460465858278 &lt; 0.0001 or 0.011584331618051157 &lt; 0.0001)</failure></testcase><testcase classname="tests.regression.test_enhanced_observable_regression.TestObservableStabilityRegression" name="test_observable_regression_vs_baseline[delta_CP-197.0]" time="0.001" /><testcase classname="tests.regression.test_enhanced_observable_regression.TestObservableStabilityRegression" name="test_observable_regression_vs_baseline[Q_Koide-0.666667]" time="0.001"><failure message="AssertionError: Q_Koide REGRESSION DETECTED:&#10;    Baseline: 0.666667&#10;    Current:  0.6666666667&#10;    Abs diff: 3.33e-07&#10;    Rel diff: 5.00e-07&#10;    Tolerance: 1.00e-10&#10;assert (3.33333333379926e-07 &lt; 1e-10 or 4.999997500700132e-07 &lt; 1e-10)">tests/regression/test_enhanced_observable_regression.py:149: in test_observable_regression_vs_baseline
    assert abs_diff &lt; tolerance or rel_diff &lt; tolerance, (
E   AssertionError: Q_Koide REGRESSION DETECTED:
E       Baseline: 0.666667
E       Current:  0.6666666667
E       Abs diff: 3.33e-07
E       Rel diff: 5.00e-07
E       Tolerance: 1.00e-10
E   assert (3.33333333379926e-07 &lt; 1e-10 or 4.999997500700132e-07 &lt; 1e-10)</failure></testcase><testcase classname="tests.regression.test_enhanced_observable_regression.TestObservableStabilityRegression" name="test_observable_regression_vs_baseline[m_mu_m_e-206.795]" time="0.001"><failure message="AssertionError: m_mu_m_e REGRESSION DETECTED:&#10;    Baseline: 206.795&#10;    Current:  206.7654141&#10;    Abs diff: 2.96e-02&#10;    Rel diff: 1.43e-04&#10;    Tolerance: 1.00e-04&#10;assert (np.float64(0.02958594499361311) &lt; 0.0001 or np.float64(0.00014306895714893064) &lt; 0.0001)">tests/regression/test_enhanced_observable_regression.py:149: in test_observable_regression_vs_baseline
    assert abs_diff &lt; tolerance or rel_diff &lt; tolerance, (
E   AssertionError: m_mu_m_e REGRESSION DETECTED:
E       Baseline: 206.795
E       Current:  206.7654141
E       Abs diff: 2.96e-02
E       Rel diff: 1.43e-04
E       Tolerance: 1.00e-04
E   assert (np.float64(0.02958594499361311) &lt; 0.0001 or np.float64(0.00014306895714893064) &lt; 0.0001)</failure></testcase><testcase classname="tests.regression.test_enhanced_observable_regression.TestObservableStabilityRegression" name="test_observable_regression_vs_baseline[m_tau_m_e-3477.0]" time="0.001" /><testcase classname="tests.regression.test_enhanced_observable_regression.TestObservableStabilityRegression" name="test_observable_regression_vs_baseline[m_s_m_d-20.0]" time="0.001" /><testcase classname="tests.regression.test_enhanced_observable_regression.TestObservableStabilityRegression" name="test_observable_regression_vs_baseline[m_c_m_s-13.56]" time="0.001"><failure message="AssertionError: m_c_m_s REGRESSION DETECTED:&#10;    Baseline: 13.56&#10;    Current:  13.46442511&#10;    Abs diff: 9.56e-02&#10;    Rel diff: 7.05e-03&#10;    Tolerance: 1.00e-04&#10;assert (0.09557489045134382 &lt; 0.0001 or 0.007048295755998806 &lt; 0.0001)">tests/regression/test_enhanced_observable_regression.py:149: in test_observable_regression_vs_baseline
    assert abs_diff &lt; tolerance or rel_diff &lt; tolerance, (
E   AssertionError: m_c_m_s REGRESSION DETECTED:
E       Baseline: 13.56
E       Current:  13.46442511
E       Abs diff: 9.56e-02
E       Rel diff: 7.05e-03
E       Tolerance: 1.00e-04
E   assert (0.09557489045134382 &lt; 0.0001 or 0.007048295755998806 &lt; 0.0001)</failure></testcase><testcase classname="tests.regression.test_enhanced_observable_regression.TestObservableStabilityRegression" name="test_observable_regression_vs_baseline[m_b_m_u-1934.8]" time="0.001"><failure message="AssertionError: m_b_m_u REGRESSION DETECTED:&#10;    Baseline: 1934.8&#10;    Current:  1936.55&#10;    Abs diff: 1.75e+00&#10;    Rel diff: 9.04e-04&#10;    Tolerance: 1.00e-04&#10;assert (1.7500000000002274 &lt; 0.0001 or 0.00090448625180909 &lt; 0.0001)">tests/regression/test_enhanced_observable_regression.py:149: in test_observable_regression_vs_baseline
    assert abs_diff &lt; tolerance or rel_diff &lt; tolerance, (
E   AssertionError: m_b_m_u REGRESSION DETECTED:
E       Baseline: 1934.8
E       Current:  1936.55
E       Abs diff: 1.75e+00
E       Rel diff: 9.04e-04
E       Tolerance: 1.00e-04
E   assert (1.7500000000002274 &lt; 0.0001 or 0.00090448625180909 &lt; 0.0001)</failure></testcase><testcase classname="tests.regression.test_enhanced_observable_regression.TestObservableStabilityRegression" name="test_observable_regression_vs_baseline[m_t_m_b-41.32]" time="0.001"><failure message="AssertionError: m_t_m_b REGRESSION DETECTED:&#10;    Baseline: 41.32&#10;    Current:  41.33008226&#10;    Abs diff: 1.01e-02&#10;    Rel diff: 2.44e-04&#10;    Tolerance: 1.00e-04&#10;assert (np.float64(0.010082264616897874) &lt; 0.0001 or np.float64(0.00024400446797913537) &lt; 0.0001)">tests/regression/test_enhanced_observable_regression.py:149: in test_observable_regression_vs_baseline
    assert abs_diff &lt; tolerance or rel_diff &lt; tolerance, (
E   AssertionError: m_t_m_b REGRESSION DETECTED:
E       Baseline: 41.32
E       Current:  41.33008226
E       Abs diff: 1.01e-02
E       Rel diff: 2.44e-04
E       Tolerance: 1.00e-04
E   assert (np.float64(0.010082264616897874) &lt; 0.0001 or np.float64(0.00024400446797913537) &lt; 0.0001)</failure></testcase><testcase classname="tests.regression.test_enhanced_observable_regression.TestObservableStabilityRegression" name="test_observable_regression_vs_baseline[m_d_m_u-2.163]" time="0.001" /><testcase classname="tests.regression.test_enhanced_observable_regression.TestObservableStabilityRegression" name="test_observable_regression_vs_baseline[m_c_m_u-587.9]" time="0.002"><failure message="AssertionError: m_c_m_u REGRESSION DETECTED:&#10;    Baseline: 587.9&#10;    Current:  582.4978053&#10;    Abs diff: 5.40e+00&#10;    Rel diff: 9.19e-03&#10;    Tolerance: 1.00e-04&#10;assert (np.float64(5.402194709236028) &lt; 0.0001 or np.float64(0.009188968717870434) &lt; 0.0001)">tests/regression/test_enhanced_observable_regression.py:149: in test_observable_regression_vs_baseline
    assert abs_diff &lt; tolerance or rel_diff &lt; tolerance, (
E   AssertionError: m_c_m_u REGRESSION DETECTED:
E       Baseline: 587.9
E       Current:  582.4978053
E       Abs diff: 5.40e+00
E       Rel diff: 9.19e-03
E       Tolerance: 1.00e-04
E   assert (np.float64(5.402194709236028) &lt; 0.0001 or np.float64(0.009188968717870434) &lt; 0.0001)</failure></testcase><testcase classname="tests.regression.test_enhanced_observable_regression.TestObservableStabilityRegression" name="test_observable_regression_vs_baseline[m_b_m_d-894.5]" time="0.002"><failure message="AssertionError: m_b_m_d REGRESSION DETECTED:&#10;    Baseline: 894.5&#10;    Current:  895.2662897&#10;    Abs diff: 7.66e-01&#10;    Rel diff: 8.57e-04&#10;    Tolerance: 1.00e-04&#10;assert (np.float64(0.7662897289679904) &lt; 0.0001 or np.float64(0.000856668226906641) &lt; 0.0001)">tests/regression/test_enhanced_observable_regression.py:149: in test_observable_regression_vs_baseline
    assert abs_diff &lt; tolerance or rel_diff &lt; tolerance, (
E   AssertionError: m_b_m_d REGRESSION DETECTED:
E       Baseline: 894.5
E       Current:  895.2662897
E       Abs diff: 7.66e-01
E       Rel diff: 8.57e-04
E       Tolerance: 1.00e-04
E   assert (np.float64(0.7662897289679904) &lt; 0.0001 or np.float64(0.000856668226906641) &lt; 0.0001)</failure></testcase><testcase classname="tests.regression.test_enhanced_observable_regression.TestObservableStabilityRegression" name="test_observable_regression_vs_baseline[m_t_m_s-1849.3]" time="0.001"><failure message="AssertionError: m_t_m_s REGRESSION DETECTED:&#10;    Baseline: 1849.3&#10;    Current:  1850.07147&#10;    Abs diff: 7.71e-01&#10;    Rel diff: 4.17e-04&#10;    Tolerance: 1.00e-04&#10;assert (np.float64(0.7714701618297113) &lt; 0.0001 or np.float64(0.00041716874591992174) &lt; 0.0001)">tests/regression/test_enhanced_observable_regression.py:149: in test_observable_regression_vs_baseline
    assert abs_diff &lt; tolerance or rel_diff &lt; tolerance, (
E   AssertionError: m_t_m_s REGRESSION DETECTED:
E       Baseline: 1849.3
E       Current:  1850.07147
E       Abs diff: 7.71e-01
E       Rel diff: 4.17e-04
E       Tolerance: 1.00e-04
E   assert (np.float64(0.7714701618297113) &lt; 0.0001 or np.float64(0.00041716874591992174) &lt; 0.0001)</failure></testcase><testcase classname="tests.regression.test_enhanced_observable_regression.TestObservableStabilityRegression" name="test_observable_regression_vs_baseline[m_t_m_d-36981.0]" time="0.001"><failure message="AssertionError: m_t_m_d REGRESSION DETECTED:&#10;    Baseline: 36981&#10;    Current:  37001.4294&#10;    Abs diff: 2.04e+01&#10;    Rel diff: 5.52e-04&#10;    Tolerance: 1.00e-04&#10;assert (np.float64(20.429403236594226) &lt; 0.0001 or np.float64(0.0005524297135446371) &lt; 0.0001)">tests/regression/test_enhanced_observable_regression.py:149: in test_observable_regression_vs_baseline
    assert abs_diff &lt; tolerance or rel_diff &lt; tolerance, (
E   AssertionError: m_t_m_d REGRESSION DETECTED:
E       Baseline: 36981
E       Current:  37001.4294
E       Abs diff: 2.04e+01
E       Rel diff: 5.52e-04
E       Tolerance: 1.00e-04
E   assert (np.float64(20.429403236594226) &lt; 0.0001 or np.float64(0.0005524297135446371) &lt; 0.0001)</failure></testcase><testcase classname="tests.regression.test_enhanced_observable_regression.TestObservableStabilityRegression" name="test_observable_regression_vs_baseline[m_t_m_c-136.08]" time="0.001"><failure message="AssertionError: m_t_m_c REGRESSION DETECTED:&#10;    Baseline: 136.08&#10;    Current:  137.4044161&#10;    Abs diff: 1.32e+00&#10;    Rel diff: 9.73e-03&#10;    Tolerance: 1.00e-04&#10;assert (np.float64(1.3244160897595236) &lt; 0.0001 or np.float64(0.00973262852556969) &lt; 0.0001)">tests/regression/test_enhanced_observable_regression.py:149: in test_observable_regression_vs_baseline
    assert abs_diff &lt; tolerance or rel_diff &lt; tolerance, (
E   AssertionError: m_t_m_c REGRESSION DETECTED:
E       Baseline: 136.08
E       Current:  137.4044161
E       Abs diff: 1.32e+00
E       Rel diff: 9.73e-03
E       Tolerance: 1.00e-04
E   assert (np.float64(1.3244160897595236) &lt; 0.0001 or np.float64(0.00973262852556969) &lt; 0.0001)</failure></testcase><testcase classname="tests.regression.test_enhanced_observable_regression.TestObservableStabilityRegression" name="test_observable_regression_vs_baseline[V_us-0.2244]" time="0.001"><failure message="AssertionError: V_us REGRESSION DETECTED:&#10;    Baseline: 0.2244&#10;    Current:  0.2245462091&#10;    Abs diff: 1.46e-04&#10;    Rel diff: 6.52e-04&#10;    Tolerance: 1.00e-04&#10;assert (np.float64(0.00014620905283616037) &lt; 0.0001 or np.float64(0.0006515554939222804) &lt; 0.0001)">tests/regression/test_enhanced_observable_regression.py:149: in test_observable_regression_vs_baseline
    assert abs_diff &lt; tolerance or rel_diff &lt; tolerance, (
E   AssertionError: V_us REGRESSION DETECTED:
E       Baseline: 0.2244
E       Current:  0.2245462091
E       Abs diff: 1.46e-04
E       Rel diff: 6.52e-04
E       Tolerance: 1.00e-04
E   assert (np.float64(0.00014620905283616037) &lt; 0.0001 or np.float64(0.0006515554939222804) &lt; 0.0001)</failure></testcase><testcase classname="tests.regression.test_enhanced_observable_regression.TestObservableStabilityRegression" name="test_observable_regression_vs_baseline[V_cb-0.0421]" time="0.001"><failure message="AssertionError: V_cb REGRESSION DETECTED:&#10;    Baseline: 0.0421&#10;    Current:  0.03905923172&#10;    Abs diff: 3.04e-03&#10;    Rel diff: 7.22e-02&#10;    Tolerance: 1.00e-04&#10;assert (np.float64(0.003040768277314511) &lt; 0.0001 or np.float64(0.07222727499559237) &lt; 0.0001)">tests/regression/test_enhanced_observable_regression.py:149: in test_observable_regression_vs_baseline
    assert abs_diff &lt; tolerance or rel_diff &lt; tolerance, (
E   AssertionError: V_cb REGRESSION DETECTED:
E       Baseline: 0.0421
E       Current:  0.03905923172
E       Abs diff: 3.04e-03
E       Rel diff: 7.22e-02
E       Tolerance: 1.00e-04
E   assert (np.float64(0.003040768277314511) &lt; 0.0001 or np.float64(0.07222727499559237) &lt; 0.0001)</failure></testcase><testcase classname="tests.regression.test_enhanced_observable_regression.TestObservableStabilityRegression" name="test_observable_regression_vs_baseline[V_ub-0.00393]" time="0.001"><failure message="AssertionError: V_ub REGRESSION DETECTED:&#10;    Baseline: 0.00393&#10;    Current:  0.003262007576&#10;    Abs diff: 6.68e-04&#10;    Rel diff: 1.70e-01&#10;    Tolerance: 1.00e-04&#10;assert (np.float64(0.0006679924237531832) &lt; 0.0001 or np.float64(0.16997262690916365) &lt; 0.0001)">tests/regression/test_enhanced_observable_regression.py:149: in test_observable_regression_vs_baseline
    assert abs_diff &lt; tolerance or rel_diff &lt; tolerance, (
E   AssertionError: V_ub REGRESSION DETECTED:
E       Baseline: 0.00393
E       Current:  0.003262007576
E       Abs diff: 6.68e-04
E       Rel diff: 1.70e-01
E       Tolerance: 1.00e-04
E   assert (np.float64(0.0006679924237531832) &lt; 0.0001 or np.float64(0.16997262690916365) &lt; 0.0001)</failure></testcase><testcase classname="tests.regression.test_enhanced_observable_regression.TestObservableStabilityRegression" name="test_observable_regression_vs_baseline[V_cd-0.2178]" time="0.001"><failure message="AssertionError: V_cd REGRESSION DETECTED:&#10;    Baseline: 0.2178&#10;    Current:  0.2182178902&#10;    Abs diff: 4.18e-04&#10;    Rel diff: 1.92e-03&#10;    Tolerance: 1.00e-04&#10;assert (np.float64(0.0004178902359923964) &lt; 0.0001 or np.float64(0.0019186879522148507) &lt; 0.0001)">tests/regression/test_enhanced_observable_regression.py:149: in test_observable_regression_vs_baseline
    assert abs_diff &lt; tolerance or rel_diff &lt; tolerance, (
E   AssertionError: V_cd REGRESSION DETECTED:
E       Baseline: 0.2178
E       Current:  0.2182178902
E       Abs diff: 4.18e-04
E       Rel diff: 1.92e-03
E       Tolerance: 1.00e-04
E   assert (np.float64(0.0004178902359923964) &lt; 0.0001 or np.float64(0.0019186879522148507) &lt; 0.0001)</failure></testcase><testcase classname="tests.regression.test_enhanced_observable_regression.TestObservableStabilityRegression" name="test_observable_regression_vs_baseline[V_cs-0.9972]" time="0.002"><failure message="AssertionError: V_cs REGRESSION DETECTED:&#10;    Baseline: 0.9972&#10;    Current:  0.9761904762&#10;    Abs diff: 2.10e-02&#10;    Rel diff: 2.11e-02&#10;    Tolerance: 1.00e-04&#10;assert (np.float64(0.02100952380952381) &lt; 0.0001 or np.float64(0.02106851565335318) &lt; 0.0001)">tests/regression/test_enhanced_observable_regression.py:149: in test_observable_regression_vs_baseline
    assert abs_diff &lt; tolerance or rel_diff &lt; tolerance, (
E   AssertionError: V_cs REGRESSION DETECTED:
E       Baseline: 0.9972
E       Current:  0.9761904762
E       Abs diff: 2.10e-02
E       Rel diff: 2.11e-02
E       Tolerance: 1.00e-04
E   assert (np.float64(0.02100952380952381) &lt; 0.0001 or np.float64(0.02106851565335318) &lt; 0.0001)</failure></testcase><testcase classname="tests.regression.test_enhanced_observable_regression.TestObservableStabilityRegression" name="test_observable_regression_vs_baseline[V_td-0.00809]" time="0.001"><failure message="AssertionError: V_td REGRESSION DETECTED:&#10;    Baseline: 0.00809&#10;    Current:  0.006967898418&#10;    Abs diff: 1.12e-03&#10;    Rel diff: 1.39e-01&#10;    Tolerance: 1.00e-04&#10;assert (np.float64(0.0011221015824261068) &lt; 0.0001 or np.float64(0.13870229696241881) &lt; 0.0001)">tests/regression/test_enhanced_observable_regression.py:149: in test_observable_regression_vs_baseline
    assert abs_diff &lt; tolerance or rel_diff &lt; tolerance, (
E   AssertionError: V_td REGRESSION DETECTED:
E       Baseline: 0.00809
E       Current:  0.006967898418
E       Abs diff: 1.12e-03
E       Rel diff: 1.39e-01
E       Tolerance: 1.00e-04
E   assert (np.float64(0.0011221015824261068) &lt; 0.0001 or np.float64(0.13870229696241881) &lt; 0.0001)</failure></testcase><testcase classname="tests.regression.test_enhanced_observable_regression.TestObservableStabilityRegression" name="test_observable_regression_vs_baseline[lambda_H-0.1287]" time="0.001"><failure message="AssertionError: lambda_H REGRESSION DETECTED:&#10;    Baseline: 0.1287&#10;    Current:  0.1288470508&#10;    Abs diff: 1.47e-04&#10;    Rel diff: 1.14e-03&#10;    Tolerance: 1.00e-10&#10;assert (np.float64(0.00014705080055188446) &lt; 1e-10 or np.float64(0.0011425858628739962) &lt; 1e-10)">tests/regression/test_enhanced_observable_regression.py:149: in test_observable_regression_vs_baseline
    assert abs_diff &lt; tolerance or rel_diff &lt; tolerance, (
E   AssertionError: lambda_H REGRESSION DETECTED:
E       Baseline: 0.1287
E       Current:  0.1288470508
E       Abs diff: 1.47e-04
E       Rel diff: 1.14e-03
E       Tolerance: 1.00e-10
E   assert (np.float64(0.00014705080055188446) &lt; 1e-10 or np.float64(0.0011425858628739962) &lt; 1e-10)</failure></testcase><testcase classname="tests.regression.test_enhanced_observable_regression.TestObservableStabilityRegression" name="test_observable_regression_vs_baseline[Omega_DE-0.6861]" time="0.001"><failure message="AssertionError: Omega_DE REGRESSION DETECTED:&#10;    Baseline: 0.6861&#10;    Current:  0.6861456939&#10;    Abs diff: 4.57e-05&#10;    Rel diff: 6.66e-05&#10;    Tolerance: 1.00e-10&#10;assert (np.float64(4.569388762254434e-05) &lt; 1e-10 or np.float64(6.659945725483788e-05) &lt; 1e-10)">tests/regression/test_enhanced_observable_regression.py:149: in test_observable_regression_vs_baseline
    assert abs_diff &lt; tolerance or rel_diff &lt; tolerance, (
E   AssertionError: Omega_DE REGRESSION DETECTED:
E       Baseline: 0.6861
E       Current:  0.6861456939
E       Abs diff: 4.57e-05
E       Rel diff: 6.66e-05
E       Tolerance: 1.00e-10
E   assert (np.float64(4.569388762254434e-05) &lt; 1e-10 or np.float64(6.659945725483788e-05) &lt; 1e-10)</failure></testcase><testcase classname="tests.regression.test_enhanced_observable_regression.TestObservableStabilityRegression" name="test_observable_regression_vs_baseline[Omega_DM-0.2653]" time="0.001"><failure message="AssertionError: Omega_DM REGRESSION DETECTED:&#10;    Baseline: 0.2653&#10;    Current:  0.2638543061&#10;    Abs diff: 1.45e-03&#10;    Rel diff: 5.45e-03&#10;    Tolerance: 1.00e-04&#10;assert (np.float64(0.0014456938876225567) &lt; 0.0001 or np.float64(0.005449279636722772) &lt; 0.0001)">tests/regression/test_enhanced_observable_regression.py:149: in test_observable_regression_vs_baseline
    assert abs_diff &lt; tolerance or rel_diff &lt; tolerance, (
E   AssertionError: Omega_DM REGRESSION DETECTED:
E       Baseline: 0.2653
E       Current:  0.2638543061
E       Abs diff: 1.45e-03
E       Rel diff: 5.45e-03
E       Tolerance: 1.00e-04
E   assert (np.float64(0.0014456938876225567) &lt; 0.0001 or np.float64(0.005449279636722772) &lt; 0.0001)</failure></testcase><testcase classname="tests.regression.test_enhanced_observable_regression.TestObservableStabilityRegression" name="test_observable_regression_vs_baseline[Omega_b-0.0494]" time="0.001"><failure message="AssertionError: Omega_b REGRESSION DETECTED:&#10;    Baseline: 0.0494&#10;    Current:  0.05066059182&#10;    Abs diff: 1.26e-03&#10;    Rel diff: 2.55e-02&#10;    Tolerance: 1.00e-04&#10;assert (0.0012605918211688882 &lt; 0.0001 or 0.025518053060098436 &lt; 0.0001)">tests/regression/test_enhanced_observable_regression.py:149: in test_observable_regression_vs_baseline
    assert abs_diff &lt; tolerance or rel_diff &lt; tolerance, (
E   AssertionError: Omega_b REGRESSION DETECTED:
E       Baseline: 0.0494
E       Current:  0.05066059182
E       Abs diff: 1.26e-03
E       Rel diff: 2.55e-02
E       Tolerance: 1.00e-04
E   assert (0.0012605918211688882 &lt; 0.0001 or 0.025518053060098436 &lt; 0.0001)</failure></testcase><testcase classname="tests.regression.test_enhanced_observable_regression.TestObservableStabilityRegression" name="test_observable_regression_vs_baseline[n_s-0.9651]" time="0.001"><failure message="AssertionError: n_s REGRESSION DETECTED:&#10;    Baseline: 0.9651&#10;    Current:  0.9743589744&#10;    Abs diff: 9.26e-03&#10;    Rel diff: 9.59e-03&#10;    Tolerance: 1.00e-04&#10;assert (0.009258974358974381 &lt; 0.0001 or 0.00959379790588993 &lt; 0.0001)">tests/regression/test_enhanced_observable_regression.py:149: in test_observable_regression_vs_baseline
    assert abs_diff &lt; tolerance or rel_diff &lt; tolerance, (
E   AssertionError: n_s REGRESSION DETECTED:
E       Baseline: 0.9651
E       Current:  0.9743589744
E       Abs diff: 9.26e-03
E       Rel diff: 9.59e-03
E       Tolerance: 1.00e-04
E   assert (0.009258974358974381 &lt; 0.0001 or 0.00959379790588993 &lt; 0.0001)</failure></testcase><testcase classname="tests.regression.test_enhanced_observable_regression.TestObservableStabilityRegression" name="test_observable_regression_vs_baseline[sigma_8-0.812]" time="0.001"><failure message="AssertionError: sigma_8 REGRESSION DETECTED:&#10;    Baseline: 0.812&#10;    Current:  0.8133774649&#10;    Abs diff: 1.38e-03&#10;    Rel diff: 1.70e-03&#10;    Tolerance: 1.00e-04&#10;assert (np.float64(0.0013774648961248914) &lt; 0.0001 or np.float64(0.0016963853400552829) &lt; 0.0001)">tests/regression/test_enhanced_observable_regression.py:149: in test_observable_regression_vs_baseline
    assert abs_diff &lt; tolerance or rel_diff &lt; tolerance, (
E   AssertionError: sigma_8 REGRESSION DETECTED:
E       Baseline: 0.812
E       Current:  0.8133774649
E       Abs diff: 1.38e-03
E       Rel diff: 1.70e-03
E       Tolerance: 1.00e-04
E   assert (np.float64(0.0013774648961248914) &lt; 0.0001 or np.float64(0.0016963853400552829) &lt; 0.0001)</failure></testcase><testcase classname="tests.regression.test_enhanced_observable_regression.TestObservableStabilityRegression" name="test_observable_regression_vs_baseline[A_s-2.098e-09]" time="0.001" /><testcase classname="tests.regression.test_enhanced_observable_regression.TestObservableStabilityRegression" name="test_observable_regression_vs_baseline[Omega_gamma-5.39e-05]" time="0.001" /><testcase classname="tests.regression.test_enhanced_observable_regression.TestObservableStabilityRegression" name="test_observable_regression_vs_baseline[Omega_nu-0.00063]" time="0.001" /><testcase classname="tests.regression.test_enhanced_observable_regression.TestObservableStabilityRegression" name="test_observable_regression_vs_baseline[Y_p-0.2448]" time="0.001"><failure message="AssertionError: Y_p REGRESSION DETECTED:&#10;    Baseline: 0.2448&#10;    Current:  0.25&#10;    Abs diff: 5.20e-03&#10;    Rel diff: 2.12e-02&#10;    Tolerance: 1.00e-04&#10;assert (0.00520000000000001 &lt; 0.0001 or 0.021241830065359433 &lt; 0.0001)">tests/regression/test_enhanced_observable_regression.py:149: in test_observable_regression_vs_baseline
    assert abs_diff &lt; tolerance or rel_diff &lt; tolerance, (
E   AssertionError: Y_p REGRESSION DETECTED:
E       Baseline: 0.2448
E       Current:  0.25
E       Abs diff: 5.20e-03
E       Rel diff: 2.12e-02
E       Tolerance: 1.00e-04
E   assert (0.00520000000000001 &lt; 0.0001 or 0.021241830065359433 &lt; 0.0001)</failure></testcase><testcase classname="tests.regression.test_enhanced_observable_regression.TestObservableStabilityRegression" name="test_observable_regression_vs_baseline[D_H-2.545e-05]" time="0.001" /><testcase classname="tests.regression.test_enhanced_observable_regression.TestObservableStabilityRegression" name="test_observable_regression_vs_baseline[v_EW-246.23]" time="0.001"><failure message="AssertionError: v_EW REGRESSION DETECTED:&#10;    Baseline: 246.23&#10;    Current:  246.1251374&#10;    Abs diff: 1.05e-01&#10;    Rel diff: 4.26e-04&#10;    Tolerance: 1.00e-04&#10;assert (np.float64(0.10486257069072735) &lt; 0.0001 or np.float64(0.0004258724391452193) &lt; 0.0001)">tests/regression/test_enhanced_observable_regression.py:149: in test_observable_regression_vs_baseline
    assert abs_diff &lt; tolerance or rel_diff &lt; tolerance, (
E   AssertionError: v_EW REGRESSION DETECTED:
E       Baseline: 246.23
E       Current:  246.1251374
E       Abs diff: 1.05e-01
E       Rel diff: 4.26e-04
E       Tolerance: 1.00e-04
E   assert (np.float64(0.10486257069072735) &lt; 0.0001 or np.float64(0.0004258724391452193) &lt; 0.0001)</failure></testcase><testcase classname="tests.regression.test_enhanced_observable_regression.TestObservableStabilityRegression" name="test_observable_regression_vs_baseline[M_W-80.371]" time="0.001" /><testcase classname="tests.regression.test_enhanced_observable_regression.TestObservableStabilityRegression" name="test_observable_regression_vs_baseline[M_Z-91.189]" time="0.001" /><testcase classname="tests.regression.test_enhanced_observable_regression.TestObservableStabilityRegression" name="test_observable_regression_vs_baseline[m_u_MeV-2.17]" time="0.001"><failure message="AssertionError: m_u_MeV REGRESSION DETECTED:&#10;    Baseline: 2.17&#10;    Current:  2.160246899&#10;    Abs diff: 9.75e-03&#10;    Rel diff: 4.49e-03&#10;    Tolerance: 1.00e-04&#10;assert (np.float64(0.009753100530712988) &lt; 0.0001 or np.float64(0.004494516373600454) &lt; 0.0001)">tests/regression/test_enhanced_observable_regression.py:149: in test_observable_regression_vs_baseline
    assert abs_diff &lt; tolerance or rel_diff &lt; tolerance, (
E   AssertionError: m_u_MeV REGRESSION DETECTED:
E       Baseline: 2.17
E       Current:  2.160246899
E       Abs diff: 9.75e-03
E       Rel diff: 4.49e-03
E       Tolerance: 1.00e-04
E   assert (np.float64(0.009753100530712988) &lt; 0.0001 or np.float64(0.004494516373600454) &lt; 0.0001)</failure></testcase><testcase classname="tests.regression.test_enhanced_observable_regression.TestObservableStabilityRegression" name="test_observable_regression_vs_baseline[m_d_MeV-4.69]" time="0.001"><failure message="AssertionError: m_d_MeV REGRESSION DETECTED:&#10;    Baseline: 4.69&#10;    Current:  4.672828834&#10;    Abs diff: 1.72e-02&#10;    Rel diff: 3.66e-03&#10;    Tolerance: 1.00e-04&#10;assert (np.float64(0.017171165538094613) &lt; 0.0001 or np.float64(0.003661229325819746) &lt; 0.0001)">tests/regression/test_enhanced_observable_regression.py:149: in test_observable_regression_vs_baseline
    assert abs_diff &lt; tolerance or rel_diff &lt; tolerance, (
E   AssertionError: m_d_MeV REGRESSION DETECTED:
E       Baseline: 4.69
E       Current:  4.672828834
E       Abs diff: 1.72e-02
E       Rel diff: 3.66e-03
E       Tolerance: 1.00e-04
E   assert (np.float64(0.017171165538094613) &lt; 0.0001 or np.float64(0.003661229325819746) &lt; 0.0001)</failure></testcase><testcase classname="tests.regression.test_enhanced_observable_regression.TestObservableStabilityRegression" name="test_observable_regression_vs_baseline[m_s_MeV-93.8]" time="0.002"><failure message="AssertionError: m_s_MeV REGRESSION DETECTED:&#10;    Baseline: 93.8&#10;    Current:  93.45657669&#10;    Abs diff: 3.43e-01&#10;    Rel diff: 3.66e-03&#10;    Tolerance: 1.00e-04&#10;assert (np.float64(0.34342331076187804) &lt; 0.0001 or np.float64(0.0036612293258195955) &lt; 0.0001)">tests/regression/test_enhanced_observable_regression.py:149: in test_observable_regression_vs_baseline
    assert abs_diff &lt; tolerance or rel_diff &lt; tolerance, (
E   AssertionError: m_s_MeV REGRESSION DETECTED:
E       Baseline: 93.8
E       Current:  93.45657669
E       Abs diff: 3.43e-01
E       Rel diff: 3.66e-03
E       Tolerance: 1.00e-04
E   assert (np.float64(0.34342331076187804) &lt; 0.0001 or np.float64(0.0036612293258195955) &lt; 0.0001)</failure></testcase><testcase classname="tests.regression.test_enhanced_observable_regression.TestObservableStabilityRegression" name="test_observable_regression_vs_baseline[m_c_MeV-1272.0]" time="0.002"><failure message="AssertionError: m_c_MeV REGRESSION DETECTED:&#10;    Baseline: 1272&#10;    Current:  1258.339078&#10;    Abs diff: 1.37e+01&#10;    Rel diff: 1.07e-02&#10;    Tolerance: 1.00e-04&#10;assert (np.float64(13.6609221729625) &lt; 0.0001 or np.float64(0.010739718689435927) &lt; 0.0001)">tests/regression/test_enhanced_observable_regression.py:149: in test_observable_regression_vs_baseline
    assert abs_diff &lt; tolerance or rel_diff &lt; tolerance, (
E   AssertionError: m_c_MeV REGRESSION DETECTED:
E       Baseline: 1272
E       Current:  1258.339078
E       Abs diff: 1.37e+01
E       Rel diff: 1.07e-02
E       Tolerance: 1.00e-04
E   assert (np.float64(13.6609221729625) &lt; 0.0001 or np.float64(0.010739718689435927) &lt; 0.0001)</failure></testcase><testcase classname="tests.regression.test_enhanced_observable_regression.TestObservableStabilityRegression" name="test_observable_regression_vs_baseline[m_b_MeV-4182.0]" time="0.001"><failure message="AssertionError: m_b_MeV REGRESSION DETECTED:&#10;    Baseline: 4182&#10;    Current:  4183.426133&#10;    Abs diff: 1.43e+00&#10;    Rel diff: 3.41e-04&#10;    Tolerance: 1.00e-04&#10;assert (np.float64(1.4261331672478263) &lt; 0.0001 or np.float64(0.00034101701751502306) &lt; 0.0001)">tests/regression/test_enhanced_observable_regression.py:149: in test_observable_regression_vs_baseline
    assert abs_diff &lt; tolerance or rel_diff &lt; tolerance, (
E   AssertionError: m_b_MeV REGRESSION DETECTED:
E       Baseline: 4182
E       Current:  4183.426133
E       Abs diff: 1.43e+00
E       Rel diff: 3.41e-04
E       Tolerance: 1.00e-04
E   assert (np.float64(1.4261331672478263) &lt; 0.0001 or np.float64(0.00034101701751502306) &lt; 0.0001)</failure></testcase><testcase classname="tests.regression.test_enhanced_observable_regression.TestObservableStabilityRegression" name="test_observable_regression_vs_baseline[m_t_GeV-172.78]" time="0.001"><failure message="AssertionError: m_t_GeV REGRESSION DETECTED:&#10;    Baseline: 172.78&#10;    Current:  172.9013462&#10;    Abs diff: 1.21e-01&#10;    Rel diff: 7.02e-04&#10;    Tolerance: 1.00e-04&#10;assert (np.float64(0.12134623175052184) &lt; 0.0001 or np.float64(0.0007023164240683056) &lt; 0.0001)">tests/regression/test_enhanced_observable_regression.py:149: in test_observable_regression_vs_baseline
    assert abs_diff &lt; tolerance or rel_diff &lt; tolerance, (
E   AssertionError: m_t_GeV REGRESSION DETECTED:
E       Baseline: 172.78
E       Current:  172.9013462
E       Abs diff: 1.21e-01
E       Rel diff: 7.02e-04
E       Tolerance: 1.00e-04
E   assert (np.float64(0.12134623175052184) &lt; 0.0001 or np.float64(0.0007023164240683056) &lt; 0.0001)</failure></testcase><testcase classname="tests.regression.test_enhanced_observable_regression.TestObservableStabilityRegression" name="test_observable_regression_vs_baseline[H0-69.8]" time="0.002"><failure message="AssertionError: H0 REGRESSION DETECTED:&#10;    Baseline: 69.8&#10;    Current:  70&#10;    Abs diff: 2.00e-01&#10;    Rel diff: 2.87e-03&#10;    Tolerance: 1.00e-04&#10;assert (0.20000000000000284 &lt; 0.0001 or 0.0028653295128940235 &lt; 0.0001)">tests/regression/test_enhanced_observable_regression.py:149: in test_observable_regression_vs_baseline
    assert abs_diff &lt; tolerance or rel_diff &lt; tolerance, (
E   AssertionError: H0 REGRESSION DETECTED:
E       Baseline: 69.8
E       Current:  70
E       Abs diff: 2.00e-01
E       Rel diff: 2.87e-03
E       Tolerance: 1.00e-04
E   assert (0.20000000000000284 &lt; 0.0001 or 0.0028653295128940235 &lt; 0.0001)</failure></testcase><testcase classname="tests.regression.test_enhanced_observable_regression.TestObservableStabilityRegression" name="test_all_baseline_observables_present" time="0.001" /><testcase classname="tests.regression.test_enhanced_observable_regression.TestObservableStabilityRegression" name="test_no_new_nan_values" time="0.001" /><testcase classname="tests.regression.test_enhanced_observable_regression.TestObservableStabilityRegression" name="test_no_new_inf_values" time="0.001" /><testcase classname="tests.regression.test_enhanced_observable_regression.TestObservableChangeDetection" name="test_proven_exact_unchanged" time="0.001"><failure message="AssertionError: PROVEN EXACT values changed (should be mathematically exact):&#10;  {&#10;    &quot;Q_Koide&quot;: {&#10;      &quot;baseline&quot;: 0.666667,&#10;      &quot;current&quot;: 0.6666666666666666,&#10;      &quot;diff&quot;: -3.33333333379926e-07&#10;    },&#10;    &quot;lambda_H&quot;: {&#10;      &quot;baseline&quot;: 0.1287,&#10;      &quot;current&quot;: 0.1288470508005519,&#10;      &quot;diff&quot;: 0.00014705080055188446&#10;    },&#10;    &quot;Omega_DE&quot;: {&#10;      &quot;baseline&quot;: 0.6861,&#10;      &quot;current&quot;: 0.6861456938876226,&#10;      &quot;diff&quot;: 4.569388762254434e-05&#10;    }&#10;  }&#10;assert 3 == 0&#10; +  where 3 = len({'Omega_DE': {'baseline': 0.6861, 'current': np.float64(0.6861456938876226), 'diff': np.float64(4.569388762254434e-05)}, 'Q_Koide': {'baseline': 0.666667, 'current': 0.6666666666666666, 'diff': -3.33333333379926e-07}, 'lambda_H': {'baseline': 0.1287, 'current': np.float64(0.1288470508005519), 'diff': np.float64(0.00014705080055188446)}})">tests/regression/test_enhanced_observable_regression.py:218: in test_proven_exact_unchanged
    assert len(changes) == 0, (
E   AssertionError: PROVEN EXACT values changed (should be mathematically exact):
E     {
E       "Q_Koide": {
E         "baseline": 0.666667,
E         "current": 0.6666666666666666,
E         "diff": -3.33333333379926e-07
E       },
E       "lambda_H": {
E         "baseline": 0.1287,
E         "current": 0.1288470508005519,
E         "diff": 0.00014705080055188446
E       },
E       "Omega_DE": {
E         "baseline": 0.6861,
E         "current": 0.6861456938876226,
E         "diff": 4.569388762254434e-05
E       }
E     }
E   assert 3 == 0
E    +  where 3 = len({'Omega_DE': {'baseline': 0.6861, 'current': np.float64(0.6861456938876226), 'diff': np.float64(4.569388762254434e-05)}, 'Q_Koide': {'baseline': 0.666667, 'current': 0.6666666666666666, 'diff': -3.33333333379926e-07}, 'lambda_H': {'baseline': 0.1287, 'current': np.float64(0.1288470508005519), 'diff': np.float64(0.00014705080055188446)}})</failure></testcase><testcase classname="tests.regression.test_enhanced_observable_regression.TestObservableChangeDetection" name="test_identify_significant_changes" time="0.002" /><testcase classname="tests.regression.test_enhanced_observable_regression.TestCrossVersionCompatibility" name="test_default_params_give_baseline_results" time="0.001"><failure message="AssertionError: alpha_inv_MZ: default params don't reproduce baseline&#10;assert 9.074666666666658 &lt; 1e-06&#10; +  where 9.074666666666658 = abs((127.95833333333333 - 137.033))">tests/regression/test_enhanced_observable_regression.py:277: in test_default_params_give_baseline_results
    assert abs(current - baseline) &lt; tolerance, (
E   AssertionError: alpha_inv_MZ: default params don't reproduce baseline
E   assert 9.074666666666658 &lt; 1e-06
E    +  where 9.074666666666658 = abs((127.95833333333333 - 137.033))</failure></testcase><testcase classname="tests.regression.test_enhanced_observable_regression.TestCrossVersionCompatibility" name="test_parameter_variation_bounds" time="0.001" /><testcase classname="tests.regression.test_enhanced_observable_regression.TestObservableHistory" name="test_save_current_values_for_history" time="0.003" /><testcase classname="tests.regression.test_enhanced_observable_regression.TestObservableHistory" name="test_compare_with_reference_file" time="0.003" /><testcase classname="tests.regression.test_enhanced_observable_regression.TestObservableStatistics" name="test_observable_variance_across_runs" time="0.002"><failure message="AssertionError: sin2thetaW has non-zero variance across runs: std=2.7755575615628914e-17&#10;assert np.float64(2.7755575615628914e-17) == 0">tests/regression/test_enhanced_observable_regression.py:417: in test_observable_variance_across_runs
    assert std_val == 0, (
E   AssertionError: sin2thetaW has non-zero variance across runs: std=2.7755575615628914e-17
E   assert np.float64(2.7755575615628914e-17) == 0</failure></testcase><testcase classname="tests.regression.test_enhanced_observable_regression.TestObservableStatistics" name="test_observable_correlation_structure" time="0.004"><failure message="AssertionError: assert np.False_&#10; +  where np.False_ = &lt;function all at 0x7ebbe4fa69b0&gt;(array([[ True, False,  True],\n       [False, False, False],\n       [ True, False,  True]]))&#10; +    where &lt;function all at 0x7ebbe4fa69b0&gt; = np.all&#10; +    and   array([[ True, False,  True],\n       [False, False, False],\n       [ True, False,  True]]) = &lt;ufunc 'isfinite'&gt;(array([[ 1., nan,  1.],\n       [nan, nan, nan],\n       [ 1., nan,  1.]]))&#10; +      where &lt;ufunc 'isfinite'&gt; = np.isfinite">tests/regression/test_enhanced_observable_regression.py:450: in test_observable_correlation_structure
    assert np.all(np.isfinite(corr_matrix))
E   AssertionError: assert np.False_
E    +  where np.False_ = &lt;function all at 0x7ebbe4fa69b0&gt;(array([[ True, False,  True],\n       [False, False, False],\n       [ True, False,  True]]))
E    +    where &lt;function all at 0x7ebbe4fa69b0&gt; = np.all
E    +    and   array([[ True, False,  True],\n       [False, False, False],\n       [ True, False,  True]]) = &lt;ufunc 'isfinite'&gt;(array([[ 1., nan,  1.],\n       [nan, nan, nan],\n       [ 1., nan,  1.]]))
E    +      where &lt;ufunc 'isfinite'&gt; = np.isfinite</failure></testcase><testcase classname="tests.regression.test_enhanced_observable_regression.TestRegressionReporting" name="test_generate_regression_report" time="0.003"><failure message="TypeError: Object of type bool is not JSON serializable">tests/regression/test_enhanced_observable_regression.py:502: in test_generate_regression_report
    json.dump(report, f, indent=2)
/usr/lib/python3.11/json/__init__.py:179: in dump
    for chunk in iterable:
/usr/lib/python3.11/json/encoder.py:432: in _iterencode
    yield from _iterencode_dict(o, _current_indent_level)
/usr/lib/python3.11/json/encoder.py:406: in _iterencode_dict
    yield from chunks
/usr/lib/python3.11/json/encoder.py:406: in _iterencode_dict
    yield from chunks
/usr/lib/python3.11/json/encoder.py:406: in _iterencode_dict
    yield from chunks
/usr/lib/python3.11/json/encoder.py:439: in _iterencode
    o = _default(o)
        ^^^^^^^^^^^
/usr/lib/python3.11/json/encoder.py:180: in default
    raise TypeError(f'Object of type {o.__class__.__name__} '
E   TypeError: Object of type bool is not JSON serializable</failure></testcase><testcase classname="tests.unit.test_agent_utilities.TestMarkdownLinkParsing" name="test_parse_single_link" time="0.002" /><testcase classname="tests.unit.test_agent_utilities.TestMarkdownLinkParsing" name="test_parse_multiple_links" time="0.001" /><testcase classname="tests.unit.test_agent_utilities.TestMarkdownLinkParsing" name="test_parse_link_with_special_characters" time="0.001" /><testcase classname="tests.unit.test_agent_utilities.TestMarkdownLinkParsing" name="test_parse_no_links" time="0.001" /><testcase classname="tests.unit.test_agent_utilities.TestMarkdownLinkParsing" name="test_parse_inline_code_not_link" time="0.001" /><testcase classname="tests.unit.test_agent_utilities.TestMarkdownLinkParsing" name="test_parse_link_with_anchor" time="0.001" /><testcase classname="tests.unit.test_agent_utilities.TestMarkdownHeadingExtraction" name="test_collect_h1_heading" time="0.001" /><testcase classname="tests.unit.test_agent_utilities.TestMarkdownHeadingExtraction" name="test_collect_multiple_heading_levels" time="0.001" /><testcase classname="tests.unit.test_agent_utilities.TestMarkdownHeadingExtraction" name="test_collect_headings_with_special_characters" time="0.001" /><testcase classname="tests.unit.test_agent_utilities.TestMarkdownHeadingExtraction" name="test_collect_no_headings" time="0.001" /><testcase classname="tests.unit.test_agent_utilities.TestSlugification" name="test_slugify_basic" time="0.001" /><testcase classname="tests.unit.test_agent_utilities.TestSlugification" name="test_slugify_with_numbers" time="0.001" /><testcase classname="tests.unit.test_agent_utilities.TestSlugification" name="test_slugify_removes_special_chars" time="0.001" /><testcase classname="tests.unit.test_agent_utilities.TestSlugification" name="test_slugify_spaces_to_hyphens" time="0.001" /><testcase classname="tests.unit.test_agent_utilities.TestSlugification" name="test_slugify_lowercase" time="0.001" /><testcase classname="tests.unit.test_agent_utilities.TestSlugification" name="test_slugify_empty_string" time="0.001" /><testcase classname="tests.unit.test_agent_utilities.TestSlugification" name="test_slugify_unicode" time="0.001" /><testcase classname="tests.unit.test_agent_utilities.TestStatusTagExtraction" name="test_extract_single_status_tag" time="0.001" /><testcase classname="tests.unit.test_agent_utilities.TestStatusTagExtraction" name="test_extract_multiple_status_tags" time="0.001" /><testcase classname="tests.unit.test_agent_utilities.TestStatusTagExtraction" name="test_extract_all_status_types" time="0.001" /><testcase classname="tests.unit.test_agent_utilities.TestStatusTagExtraction" name="test_extract_no_status_tags" time="0.001" /><testcase classname="tests.unit.test_agent_utilities.TestStatusTagExtraction" name="test_extract_case_sensitive" time="0.001" /><testcase classname="tests.unit.test_agent_utilities.TestCLIArgumentParsing" name="test_cli_list_command" time="0.001" /><testcase classname="tests.unit.test_agent_utilities.TestCLIArgumentParsing" name="test_cli_run_command" time="0.001" /><testcase classname="tests.unit.test_agent_utilities.TestCLIArgumentParsing" name="test_cli_shorthand_commands" time="0.001" /><testcase classname="tests.unit.test_agent_utilities.TestReportGeneration" name="test_report_json_structure" time="0.003" /><testcase classname="tests.unit.test_agent_utilities.TestReportGeneration" name="test_report_with_issues" time="0.003" /><testcase classname="tests.unit.test_agent_utilities.TestReportGeneration" name="test_report_timestamp_format" time="0.001" /><testcase classname="tests.unit.test_agent_utilities.TestFileDiscoveryUtilities" name="test_markdown_file_discovery" time="0.004" /><testcase classname="tests.unit.test_agent_utilities.TestFileDiscoveryUtilities" name="test_recursive_file_discovery" time="0.005" /><testcase classname="tests.unit.test_agent_utilities.TestFileDiscoveryUtilities" name="test_file_filtering_by_pattern" time="0.003" /><testcase classname="tests.unit.test_agent_utilities.TestUtilityEdgeCases" name="test_parse_links_malformed_markdown" time="0.001" /><testcase classname="tests.unit.test_agent_utilities.TestUtilityEdgeCases" name="test_collect_headings_with_empty_lines" time="0.001" /><testcase classname="tests.unit.test_agent_utilities.TestUtilityEdgeCases" name="test_slugify_with_only_special_chars" time="0.001" /><testcase classname="tests.unit.test_agent_utilities.TestUtilityEdgeCases" name="test_extract_status_tags_with_formatting" time="0.001" /><testcase classname="tests.unit.test_agent_utilities.TestPathHandling" name="test_relative_path_resolution" time="0.003" /><testcase classname="tests.unit.test_agent_utilities.TestPathHandling" name="test_path_normalization" time="0.001" /><testcase classname="tests.unit.test_agent_utilities.TestPathHandling" name="test_symlink_handling" time="0.004" /><testcase classname="tests.unit.test_agents.TestAgentResult" name="test_agent_result_creation" time="0.001" /><testcase classname="tests.unit.test_agents.TestAgentResult" name="test_agent_result_with_issues" time="0.001" /><testcase classname="tests.unit.test_agents.TestMarkdownUtils" name="test_parse_links_simple" time="0.001" /><testcase classname="tests.unit.test_agents.TestMarkdownUtils" name="test_parse_links_multiple" time="0.001" /><testcase classname="tests.unit.test_agents.TestMarkdownUtils" name="test_parse_links_relative" time="0.001" /><testcase classname="tests.unit.test_agents.TestMarkdownUtils" name="test_extract_status_tags" time="0.001" /><testcase classname="tests.unit.test_agents.TestMarkdownUtils" name="test_extract_status_tags_various_formats" time="0.001" /><testcase classname="tests.unit.test_agents.TestFileSystemUtils" name="test_discover_files_pattern" time="0.002" /><testcase classname="tests.unit.test_agents.TestFileSystemUtils" name="test_discover_files_glob" time="0.012" /><testcase classname="tests.unit.test_agents.TestVerifierAgent" name="test_verifier_initialization" time="0.001" /><testcase classname="tests.unit.test_agents.TestVerifierAgent" name="test_verifier_run_on_temp_directory" time="0.002" /><testcase classname="tests.unit.test_agents.TestVerifierAgent" name="test_verifier_detects_missing_local_file" time="0.001"><skipped type="pytest.skip" message="Verifier agent uses specific patterns for file discovery. Test needs adjustment for proper pattern matching.">/home/user/GIFT/tests/unit/test_agents.py:168: Verifier agent uses specific patterns for file discovery. Test needs adjustment for proper pattern matching.</skipped></testcase><testcase classname="tests.unit.test_agents.TestVerifierAgent" name="test_verifier_ignores_mailto_links" time="0.002" /><testcase classname="tests.unit.test_agents.TestDocsIntegrityAgent" name="test_docs_integrity_initialization" time="0.001" /><testcase classname="tests.unit.test_agents.TestDocsIntegrityAgent" name="test_docs_integrity_run" time="0.002" /><testcase classname="tests.unit.test_agents.TestUnicodeSanitizerAgent" name="test_unicode_sanitizer_initialization" time="0.001" /><testcase classname="tests.unit.test_agents.TestUnicodeSanitizerAgent" name="test_unicode_sanitizer_run" time="0.002" /><testcase classname="tests.unit.test_agents.TestUnicodeSanitizerAgent" name="test_unicode_sanitizer_detects_special_chars" time="0.002" /><testcase classname="tests.unit.test_agents.TestAgentIntegration" name="test_run_verifier_on_project" time="0.463" /><testcase classname="tests.unit.test_agents.TestAgentIntegration" name="test_run_docs_integrity_on_project" time="0.020" /><testcase classname="tests.unit.test_agents_cli.TestRegistry" name="test_get_registry_returns_dict" time="0.001" /><testcase classname="tests.unit.test_agents_cli.TestRegistry" name="test_get_registry_contains_agents" time="0.001" /><testcase classname="tests.unit.test_agents_cli.TestRegistry" name="test_registry_values_are_specs" time="0.001" /><testcase classname="tests.unit.test_agents_cli.TestRegistry" name="test_registry_unicode_agent" time="0.001" /><testcase classname="tests.unit.test_agents_cli.TestRegistry" name="test_registry_verify_agent" time="0.001" /><testcase classname="tests.unit.test_agents_cli.TestRegistry" name="test_registry_docs_agent" time="0.001" /><testcase classname="tests.unit.test_agents_cli.TestRegistry" name="test_registry_notebooks_agent" time="0.001" /><testcase classname="tests.unit.test_agents_cli.TestRegistry" name="test_registry_canonical_agent" time="0.001" /><testcase classname="tests.unit.test_agents_cli.TestAgentClassLoading" name="test_load_unicode_agent" time="0.001" /><testcase classname="tests.unit.test_agents_cli.TestAgentClassLoading" name="test_load_verify_agent" time="0.001" /><testcase classname="tests.unit.test_agents_cli.TestAgentClassLoading" name="test_load_docs_agent" time="0.001" /><testcase classname="tests.unit.test_agents_cli.TestAgentClassLoading" name="test_load_notebooks_agent" time="0.003" /><testcase classname="tests.unit.test_agents_cli.TestAgentClassLoading" name="test_load_canonical_agent" time="0.001" /><testcase classname="tests.unit.test_agents_cli.TestAgentClassLoading" name="test_load_invalid_module_raises" time="0.007" /><testcase classname="tests.unit.test_agents_cli.TestAgentClassLoading" name="test_load_invalid_class_raises" time="0.001" /><testcase classname="tests.unit.test_agents_cli.TestRunAgent" name="test_run_unknown_agent_exits" time="0.002" /><testcase classname="tests.unit.test_agents_cli.TestRunAgent" name="test_run_unicode_agent" time="0.003" /><testcase classname="tests.unit.test_agents_cli.TestRunAgent" name="test_run_notebooks_agent" time="0.005" /><testcase classname="tests.unit.test_agents_cli.TestRunAgent" name="test_run_agent_with_valid_path" time="0.005" /><testcase classname="tests.unit.test_agents_cli.TestAgentResult" name="test_agent_result_creation" time="0.001" /><testcase classname="tests.unit.test_agents_cli.TestAgentResult" name="test_agent_result_with_issues" time="0.001" /><testcase classname="tests.unit.test_agents_cli.TestAgentResult" name="test_agent_result_to_dict" time="0.001" /><testcase classname="tests.unit.test_agents_cli.TestCLIArgumentParsing" name="test_cli_list_command" time="0.005" /><testcase classname="tests.unit.test_agents_cli.TestCLIArgumentParsing" name="test_cli_default_command_is_list" time="0.002" /><testcase classname="tests.unit.test_agents_cli.TestCLIArgumentParsing" name="test_cli_unknown_command_exits" time="0.001" /><testcase classname="tests.unit.test_agents_cli.TestCLIArgumentParsing" name="test_cli_verify_shortcut" time="0.004" /><testcase classname="tests.unit.test_agents_cli.TestCLIArgumentParsing" name="test_cli_unicode_shortcut" time="0.004" /><testcase classname="tests.unit.test_agents_cli.TestCLIArgumentParsing" name="test_cli_docs_shortcut" time="0.004" /><testcase classname="tests.unit.test_agents_cli.TestCLIArgumentParsing" name="test_cli_notebooks_shortcut" time="0.006" /><testcase classname="tests.unit.test_agents_cli.TestCLIArgumentParsing" name="test_cli_canonical_shortcut" time="0.005" /><testcase classname="tests.unit.test_agents_cli.TestReportSaving" name="test_save_report_creates_directory" time="0.005" /><testcase classname="tests.unit.test_agents_cli.TestReportSaving" name="test_save_report_json_format" time="0.004" /><testcase classname="tests.unit.test_agents_cli.TestReportSaving" name="test_save_report_creates_latest" time="0.004" /><testcase classname="tests.unit.test_agents_cli.TestBaseAgent" name="test_base_agent_is_abstract" time="0.001" /><testcase classname="tests.unit.test_agents_cli.TestBaseAgent" name="test_agent_subclass_implementation" time="0.001" /><testcase classname="tests.unit.test_agents_cli.TestErrorHandling" name="test_run_agent_with_invalid_path" time="0.004" /><testcase classname="tests.unit.test_agents_cli.TestErrorHandling" name="test_registry_immutable" time="0.001" /><testcase classname="tests.unit.test_agents_cli.TestErrorHandling" name="test_load_agent_class_spec_validation" time="0.001" /><testcase classname="tests.unit.test_api_contracts.TestGIFTFrameworkV21Contract" name="test_class_exists" time="0.001" /><testcase classname="tests.unit.test_api_contracts.TestGIFTFrameworkV21Contract" name="test_instantiation_no_args" time="0.001" /><testcase classname="tests.unit.test_api_contracts.TestGIFTFrameworkV21Contract" name="test_has_compute_method" time="0.001" /><testcase classname="tests.unit.test_api_contracts.TestGIFTFrameworkV21Contract" name="test_has_params_attribute" time="0.001" /><testcase classname="tests.unit.test_api_contracts.TestGIFTFrameworkV21Contract" name="test_compute_returns_dict" time="0.001" /><testcase classname="tests.unit.test_api_contracts.TestGIFTFrameworkV21Contract" name="test_compute_returns_non_empty" time="0.001" /><testcase classname="tests.unit.test_api_contracts.TestGIFTFrameworkV21Contract" name="test_observable_values_are_numeric" time="0.001" /><testcase classname="tests.unit.test_api_contracts.TestGIFTFrameworkV21Contract" name="test_observable_names_are_strings" time="0.001" /><testcase classname="tests.unit.test_api_contracts.TestGIFTFrameworkV21Contract" name="test_params_has_p2" time="0.001" /><testcase classname="tests.unit.test_api_contracts.TestGIFTFrameworkV21Contract" name="test_params_has_Weyl_factor" time="0.001" /><testcase classname="tests.unit.test_api_contracts.TestGIFTFrameworkStatisticalContract" name="test_class_exists" time="0.006"><skipped type="pytest.skip" message="GIFTFrameworkStatistical not available">/home/user/GIFT/tests/unit/test_api_contracts.py:149: GIFTFrameworkStatistical not available</skipped></testcase><testcase classname="tests.unit.test_api_contracts.TestGIFTFrameworkStatisticalContract" name="test_instantiation_no_args" time="0.005"><skipped type="pytest.skip" message="GIFTFrameworkStatistical not available">/home/user/GIFT/tests/unit/test_api_contracts.py:158: GIFTFrameworkStatistical not available</skipped></testcase><testcase classname="tests.unit.test_api_contracts.TestGIFTFrameworkStatisticalContract" name="test_has_compute_method" time="0.005"><skipped type="pytest.skip" message="GIFTFrameworkStatistical not available">/home/user/GIFT/tests/unit/test_api_contracts.py:160: GIFTFrameworkStatistical not available</skipped></testcase><testcase classname="tests.unit.test_api_contracts.TestGIFTFrameworkStatisticalContract" name="test_has_p2_attribute" time="0.005"><skipped type="pytest.skip" message="GIFTFrameworkStatistical not available">/home/user/GIFT/tests/unit/test_api_contracts.py:165: GIFTFrameworkStatistical not available</skipped></testcase><testcase classname="tests.unit.test_api_contracts.TestGIFTFrameworkStatisticalContract" name="test_has_Weyl_factor_attribute" time="0.006"><skipped type="pytest.skip" message="GIFTFrameworkStatistical not available">/home/user/GIFT/tests/unit/test_api_contracts.py:169: GIFTFrameworkStatistical not available</skipped></testcase><testcase classname="tests.unit.test_api_contracts.TestGIFTFrameworkStatisticalContract" name="test_has_topological_integers" time="0.006"><skipped type="pytest.skip" message="GIFTFrameworkStatistical not available">/home/user/GIFT/tests/unit/test_api_contracts.py:173: GIFTFrameworkStatistical not available</skipped></testcase><testcase classname="tests.unit.test_api_contracts.TestGiftpyContract" name="test_package_importable" time="0.001" /><testcase classname="tests.unit.test_api_contracts.TestGiftpyContract" name="test_GIFT_class_exists" time="0.001" /><testcase classname="tests.unit.test_api_contracts.TestGiftpyContract" name="test_GIFT_instantiation" time="0.001" /><testcase classname="tests.unit.test_api_contracts.TestGiftpyContract" name="test_has_gauge_sector" time="0.001" /><testcase classname="tests.unit.test_api_contracts.TestGiftpyContract" name="test_has_neutrino_sector" time="0.001" /><testcase classname="tests.unit.test_api_contracts.TestGiftpyContract" name="test_has_lepton_sector" time="0.001" /><testcase classname="tests.unit.test_api_contracts.TestGiftpyContract" name="test_has_quark_sector" time="0.001" /><testcase classname="tests.unit.test_api_contracts.TestGiftpyContract" name="test_has_cosmology_sector" time="0.001" /><testcase classname="tests.unit.test_api_contracts.TestGiftpyContract" name="test_has_compute_all" time="0.001" /><testcase classname="tests.unit.test_api_contracts.TestGiftpyContract" name="test_has_constants" time="0.001" /><testcase classname="tests.unit.test_api_contracts.TestGiftpyContract" name="test_gauge_has_alpha_s" time="0.001" /><testcase classname="tests.unit.test_api_contracts.TestGiftpyContract" name="test_lepton_has_Q_Koide" time="0.001" /><testcase classname="tests.unit.test_api_contracts.TestObservableDictionaryContract" name="test_keys_are_valid_identifiers" time="0.001" /><testcase classname="tests.unit.test_api_contracts.TestObservableDictionaryContract" name="test_no_duplicate_keys" time="0.001" /><testcase classname="tests.unit.test_api_contracts.TestObservableDictionaryContract" name="test_consistent_keys_across_calls" time="0.001" /><testcase classname="tests.unit.test_api_contracts.TestObservableDictionaryContract" name="test_consistent_values_across_calls" time="0.001" /><testcase classname="tests.unit.test_api_contracts.TestReturnTypeContracts" name="test_gauge_alpha_s_returns_float" time="0.001" /><testcase classname="tests.unit.test_api_contracts.TestReturnTypeContracts" name="test_lepton_Q_Koide_returns_float" time="0.001" /><testcase classname="tests.unit.test_api_contracts.TestReturnTypeContracts" name="test_lepton_m_tau_m_e_returns_int" time="0.001" /><testcase classname="tests.unit.test_api_contracts.TestReturnTypeContracts" name="test_quark_m_s_m_d_returns_numeric" time="0.001" /><testcase classname="tests.unit.test_api_contracts.TestMethodSignatureContracts" name="test_alpha_s_accepts_Q_parameter" time="0.001" /><testcase classname="tests.unit.test_api_contracts.TestMethodSignatureContracts" name="test_sin2theta_W_accepts_scheme_parameter" time="0.001" /><testcase classname="tests.unit.test_api_contracts.TestMethodSignatureContracts" name="test_compute_all_observables_no_required_args" time="0.001" /><testcase classname="tests.unit.test_api_contracts.TestConstantsContract" name="test_constants_frozen" time="0.001" /><testcase classname="tests.unit.test_api_contracts.TestConstantsContract" name="test_constants_b2_value" time="0.001" /><testcase classname="tests.unit.test_api_contracts.TestConstantsContract" name="test_constants_b3_value" time="0.001" /><testcase classname="tests.unit.test_api_contracts.TestConstantsContract" name="test_constants_dim_E8_value" time="0.001" /><testcase classname="tests.unit.test_api_contracts.TestErrorContracts" name="test_invalid_sector_access_raises" time="0.001" /><testcase classname="tests.unit.test_api_contracts.TestErrorContracts" name="test_compute_all_doesnt_raise" time="0.001" /><testcase classname="tests.unit.test_api_contracts.TestDeprecationContracts" name="test_no_deprecation_warnings_on_import" time="0.006"><skipped type="pytest.skip" message="Modules not available">/home/user/GIFT/tests/unit/test_api_contracts.py:408: Modules not available</skipped></testcase><testcase classname="tests.unit.test_api_contracts.TestThreadSafetyContracts" name="test_multiple_instances_independent" time="0.001" /><testcase classname="tests.unit.test_api_contracts.TestThreadSafetyContracts" name="test_repeated_calls_consistent" time="0.001" /><testcase classname="tests.unit.test_canonical_monitor.TestStatusRanking" name="test_status_order_defined" time="0.001" /><testcase classname="tests.unit.test_canonical_monitor.TestStatusRanking" name="test_rank_dictionary" time="0.001" /><testcase classname="tests.unit.test_canonical_monitor.TestStatusRanking" name="test_proven_highest_rank" time="0.001" /><testcase classname="tests.unit.test_canonical_monitor.TestStatusRanking" name="test_exploratory_lowest_rank" time="0.001" /><testcase classname="tests.unit.test_canonical_monitor.TestBestStatus" name="test_best_status_empty_list" time="0.001" /><testcase classname="tests.unit.test_canonical_monitor.TestBestStatus" name="test_best_status_single_item" time="0.001" /><testcase classname="tests.unit.test_canonical_monitor.TestBestStatus" name="test_best_status_multiple_items" time="0.001" /><testcase classname="tests.unit.test_canonical_monitor.TestBestStatus" name="test_best_status_all_statuses" time="0.001" /><testcase classname="tests.unit.test_canonical_monitor.TestBestStatus" name="test_best_status_duplicates" time="0.001" /><testcase classname="tests.unit.test_canonical_monitor.TestBestStatus" name="test_best_status_unknown_tag" time="0.001" /><testcase classname="tests.unit.test_canonical_monitor.TestBestStatus" name="test_best_status_only_unknown" time="0.001" /><testcase classname="tests.unit.test_canonical_monitor.TestMonitorInitialization" name="test_monitor_name" time="0.001" /><testcase classname="tests.unit.test_canonical_monitor.TestMonitorInitialization" name="test_monitor_is_base_agent" time="0.001" /><testcase classname="tests.unit.test_canonical_monitor.TestMonitorInitialization" name="test_monitor_has_run_method" time="0.001" /><testcase classname="tests.unit.test_canonical_monitor.TestMonitorRun" name="test_run_empty_directory" time="0.003" /><testcase classname="tests.unit.test_canonical_monitor.TestMonitorRun" name="test_run_with_publications" time="0.007" /><testcase classname="tests.unit.test_canonical_monitor.TestMonitorRun" name="test_run_creates_baseline" time="0.007" /><testcase classname="tests.unit.test_canonical_monitor.TestMonitorRun" name="test_run_updates_baseline" time="0.007" /><testcase classname="tests.unit.test_canonical_monitor.TestMonitorRun" name="test_run_detects_upgrades" time="0.008" /><testcase classname="tests.unit.test_canonical_monitor.TestMonitorRun" name="test_run_creates_addon_on_upgrade" time="0.009" /><testcase classname="tests.unit.test_canonical_monitor.TestBaselinePersistence" name="test_baseline_survives_multiple_runs" time="0.009" /><testcase classname="tests.unit.test_canonical_monitor.TestBaselinePersistence" name="test_baseline_merges_correctly" time="0.010" /><testcase classname="tests.unit.test_canonical_monitor.TestBaselinePersistence" name="test_baseline_handles_corrupt_json" time="0.007" /><testcase classname="tests.unit.test_canonical_monitor.TestStatusTagExtraction" name="test_extract_proven_status" time="0.005" /><testcase classname="tests.unit.test_canonical_monitor.TestStatusTagExtraction" name="test_extract_multiple_statuses" time="0.005" /><testcase classname="tests.unit.test_canonical_monitor.TestAddonGeneration" name="test_addon_format" time="0.009" /><testcase classname="tests.unit.test_canonical_monitor.TestAddonGeneration" name="test_addon_contains_upgrade_info" time="0.008" /><testcase classname="tests.unit.test_canonical_monitor.TestEdgeCases" name="test_empty_publications_directory" time="0.004" /><testcase classname="tests.unit.test_canonical_monitor.TestEdgeCases" name="test_no_publications_directory" time="0.003" /><testcase classname="tests.unit.test_canonical_monitor.TestEdgeCases" name="test_file_with_unicode" time="0.004" /><testcase classname="tests.unit.test_canonical_monitor.TestEdgeCases" name="test_file_with_encoding_issues" time="0.004" /><testcase classname="tests.unit.test_canonical_monitor.TestEdgeCases" name="test_nested_publications" time="0.005" /><testcase classname="tests.unit.test_canonical_monitor.TestResultStructure" name="test_result_has_name" time="0.003" /><testcase classname="tests.unit.test_canonical_monitor.TestResultStructure" name="test_result_has_ok_status" time="0.004" /><testcase classname="tests.unit.test_canonical_monitor.TestResultStructure" name="test_result_has_issues_list" time="0.003" /><testcase classname="tests.unit.test_canonical_monitor.TestResultStructure" name="test_result_has_summary" time="0.003" /><testcase classname="tests.unit.test_edge_cases_errors.TestNumericalEdgeCases" name="test_zero_parameter_handling" time="0.001" /><testcase classname="tests.unit.test_edge_cases_errors.TestNumericalEdgeCases" name="test_large_parameter_values" time="0.001" /><testcase classname="tests.unit.test_edge_cases_errors.TestNumericalEdgeCases" name="test_negative_parameters" time="0.001" /><testcase classname="tests.unit.test_edge_cases_errors.TestNumericalEdgeCases" name="test_nan_parameter_handling" time="0.001"><failure message="Failed: NaN parameter should be rejected or handled">tests/unit/test_edge_cases_errors.py:125: in test_nan_parameter_handling
    pytest.fail("NaN parameter should be rejected or handled")
E   Failed: NaN parameter should be rejected or handled</failure></testcase><testcase classname="tests.unit.test_edge_cases_errors.TestNumericalEdgeCases" name="test_inf_parameter_handling" time="0.001"><failure message="Failed: Inf parameter should be rejected">tests/unit/test_edge_cases_errors.py:143: in test_inf_parameter_handling
    pytest.fail("Inf parameter should be rejected")
E   Failed: Inf parameter should be rejected</failure></testcase><testcase classname="tests.unit.test_edge_cases_errors.TestMissingDataHandling" name="test_partial_observable_computation" time="0.001" /><testcase classname="tests.unit.test_edge_cases_errors.TestMissingDataHandling" name="test_missing_experimental_data" time="0.001" /><testcase classname="tests.unit.test_edge_cases_errors.TestInvalidInputHandling" name="test_invalid_parameter_types" time="0.001" /><testcase classname="tests.unit.test_edge_cases_errors.TestInvalidInputHandling" name="test_none_parameters" time="0.001" /><testcase classname="tests.unit.test_edge_cases_errors.TestDivisionByZeroProtection" name="test_zero_denominator_observables" time="0.001" /><testcase classname="tests.unit.test_edge_cases_errors.TestDivisionByZeroProtection" name="test_small_denominator_stability" time="0.001" /><testcase classname="tests.unit.test_edge_cases_errors.TestOverflowUnderflowHandling" name="test_no_overflow_in_standard_run" time="0.001" /><testcase classname="tests.unit.test_edge_cases_errors.TestOverflowUnderflowHandling" name="test_no_underflow_to_zero" time="0.001" /><testcase classname="tests.unit.test_edge_cases_errors.TestConcurrentExecution" name="test_multiple_framework_instances" time="0.001" /><testcase classname="tests.unit.test_edge_cases_errors.TestConcurrentExecution" name="test_repeated_computation_no_state_corruption" time="0.001" /><testcase classname="tests.unit.test_edge_cases_errors.TestMemoryEfficiency" name="test_framework_cleanup" time="0.005" /><testcase classname="tests.unit.test_edge_cases_errors.TestMemoryEfficiency" name="test_large_monte_carlo_simulation" time="0.042" /><testcase classname="tests.unit.test_edge_cases_errors.TestRobustnessToFloatingPointErrors" name="test_associativity_tolerance" time="0.001" /><testcase classname="tests.unit.test_edge_cases_errors.TestRobustnessToFloatingPointErrors" name="test_numerical_precision_constants" time="0.001" /><testcase classname="tests.unit.test_edge_cases_errors.TestErrorMessageQuality" name="test_invalid_parameter_error_message" time="0.001" /><testcase classname="tests.unit.test_edge_cases_errors.TestBoundaryConditions" name="test_parameter_at_upper_bounds" time="0.001" /><testcase classname="tests.unit.test_edge_cases_errors.TestBoundaryConditions" name="test_parameter_at_lower_bounds" time="0.001" /><testcase classname="tests.unit.test_edge_cases_errors.TestArrayShapeConsistency" name="test_observable_dict_consistency" time="0.001" /><testcase classname="tests.unit.test_edge_cases_errors.TestSpecialValues" name="test_sqrt_negative_handling" time="0.001" /><testcase classname="tests.unit.test_edge_cases_errors.TestSpecialValues" name="test_log_zero_handling" time="0.001" /><testcase classname="tests.unit.test_edge_cases_errors.TestSpecialValues" name="test_arcsin_domain_enforcement" time="0.002" /><testcase classname="tests.unit.test_export_visualization.TestJSONExport" name="test_json_export_basic" time="0.004" /><testcase classname="tests.unit.test_export_visualization.TestJSONExport" name="test_json_schema_validation" time="0.004" /><testcase classname="tests.unit.test_export_visualization.TestJSONExport" name="test_json_round_trip" time="0.003" /><testcase classname="tests.unit.test_export_visualization.TestCSVExport" name="test_csv_export_basic" time="0.003" /><testcase classname="tests.unit.test_export_visualization.TestCSVExport" name="test_csv_with_experimental_comparison" time="0.003" /><testcase classname="tests.unit.test_export_visualization.TestLaTeXExport" name="test_latex_table_basic" time="0.003" /><testcase classname="tests.unit.test_export_visualization.TestLaTeXExport" name="test_latex_special_character_escaping" time="0.003" /><testcase classname="tests.unit.test_export_visualization.TestHTMLExport" name="test_html_table_basic" time="0.004" /><testcase classname="tests.unit.test_export_visualization.TestHTMLExport" name="test_html_styling" time="0.003" /><testcase classname="tests.unit.test_export_visualization.TestFileIOErrorHandling" name="test_json_export_invalid_path" time="0.001" /><testcase classname="tests.unit.test_export_visualization.TestFileIOErrorHandling" name="test_json_import_nonexistent_file" time="0.001" /><testcase classname="tests.unit.test_export_visualization.TestFileIOErrorHandling" name="test_csv_export_permission_error" time="0.003"><failure message="Failed: DID NOT RAISE any of (&lt;class 'PermissionError'&gt;, &lt;class 'OSError'&gt;)">tests/unit/test_export_visualization.py:348: in test_csv_export_permission_error
    with pytest.raises((PermissionError, OSError)):
E   Failed: DID NOT RAISE any of (&lt;class 'PermissionError'&gt;, &lt;class 'OSError'&gt;)</failure></testcase><testcase classname="tests.unit.test_export_visualization.TestVisualizationStructure" name="test_matplotlib_import" time="0.604" /><testcase classname="tests.unit.test_export_visualization.TestVisualizationStructure" name="test_plot_generation_basic" time="0.114" /><testcase classname="tests.unit.test_export_visualization.TestVisualizationStructure" name="test_plot_error_bars" time="0.062" /><testcase classname="tests.unit.test_export_visualization.TestDataFormatConversion" name="test_dict_to_json_to_dict" time="0.001" /><testcase classname="tests.unit.test_export_visualization.TestDataFormatConversion" name="test_numpy_to_python_types" time="0.001" /><testcase classname="tests.unit.test_gift_v21_framework.TestGIFTV21Initialization" name="test_default_initialization" time="0.001" /><testcase classname="tests.unit.test_gift_v21_framework.TestGIFTV21Initialization" name="test_torsional_parameters" time="0.001" /><testcase classname="tests.unit.test_gift_v21_framework.TestGIFTV21Initialization" name="test_topological_integers" time="0.001" /><testcase classname="tests.unit.test_gift_v21_framework.TestGIFTV21Initialization" name="test_scale_bridge" time="0.001"><failure message="assert 22768.231576915852 &gt; 1600000.0&#10; +  where 22768.231576915852 = &lt;gift_v21_core.GIFTFrameworkV21 object at 0x7ebb895b85d0&gt;.Lambda_GIFT">tests/unit/test_gift_v21_framework.py:123: in test_scale_bridge
    assert gift_v21.Lambda_GIFT &gt; 1.6e6
E   assert 22768.231576915852 &gt; 1600000.0
E    +  where 22768.231576915852 = &lt;gift_v21_core.GIFTFrameworkV21 object at 0x7ebb895b85d0&gt;.Lambda_GIFT</failure></testcase><testcase classname="tests.unit.test_gift_v21_framework.TestGaugeSectorV21" name="test_alpha_inv_MZ" time="0.002"><failure message="assert 135 &lt; 127.95833333333333">tests/unit/test_gift_v21_framework.py:145: in test_alpha_inv_MZ
    assert 135 &lt; alpha_inv &lt; 140  # Physical range check
    ^^^^^^^^^^^^^^^^^^^^^^^^^^^^
E   assert 135 &lt; 127.95833333333333</failure></testcase><testcase classname="tests.unit.test_gift_v21_framework.TestGaugeSectorV21" name="test_sin2thetaW" time="0.001" /><testcase classname="tests.unit.test_gift_v21_framework.TestGaugeSectorV21" name="test_alpha_s_MZ" time="0.002" /><testcase classname="tests.unit.test_gift_v21_framework.TestNeutrinoSectorV21" name="test_theta12" time="0.001" /><testcase classname="tests.unit.test_gift_v21_framework.TestNeutrinoSectorV21" name="test_theta13" time="0.002" /><testcase classname="tests.unit.test_gift_v21_framework.TestNeutrinoSectorV21" name="test_theta23" time="0.001" /><testcase classname="tests.unit.test_gift_v21_framework.TestNeutrinoSectorV21" name="test_delta_CP_exact" time="0.001" /><testcase classname="tests.unit.test_gift_v21_framework.TestLeptonSectorV21" name="test_Q_Koide_exact" time="0.001" /><testcase classname="tests.unit.test_gift_v21_framework.TestLeptonSectorV21" name="test_m_mu_m_e" time="0.001" /><testcase classname="tests.unit.test_gift_v21_framework.TestLeptonSectorV21" name="test_m_tau_m_e_exact" time="0.001" /><testcase classname="tests.unit.test_gift_v21_framework.TestQuarkSectorV21" name="test_m_s_m_d_exact" time="0.001" /><testcase classname="tests.unit.test_gift_v21_framework.TestQuarkSectorV21" name="test_m_c_m_s" time="0.001" /><testcase classname="tests.unit.test_gift_v21_framework.TestQuarkSectorV21" name="test_m_b_m_u" time="0.001" /><testcase classname="tests.unit.test_gift_v21_framework.TestQuarkSectorV21" name="test_m_t_m_b" time="0.001" /><testcase classname="tests.unit.test_gift_v21_framework.TestQuarkSectorV21" name="test_m_d_m_u" time="0.001" /><testcase classname="tests.unit.test_gift_v21_framework.TestQuarkSectorV21" name="test_m_c_m_u" time="0.001" /><testcase classname="tests.unit.test_gift_v21_framework.TestQuarkSectorV21" name="test_m_b_m_d" time="0.001" /><testcase classname="tests.unit.test_gift_v21_framework.TestQuarkSectorV21" name="test_m_t_m_s" time="0.001" /><testcase classname="tests.unit.test_gift_v21_framework.TestQuarkSectorV21" name="test_m_t_m_d" time="0.001" /><testcase classname="tests.unit.test_gift_v21_framework.TestQuarkSectorV21" name="test_m_t_m_c" time="0.001" /><testcase classname="tests.unit.test_gift_v21_framework.TestCKMMatrixV21" name="test_V_us" time="0.001" /><testcase classname="tests.unit.test_gift_v21_framework.TestCKMMatrixV21" name="test_V_cb" time="0.002"><failure message="AssertionError: V_cb: predicted=0.039059, reference=0.042100, relative deviation=7.22% (tolerance=2.0%)&#10;assert np.float64(0.07222727499559409) &lt; 0.02">tests/unit/test_gift_v21_framework.py:417: in test_V_cb
    assert_close_to_reference(V_cb, reference_data, 'V_cb', rel_tol=0.02)
tests/unit/test_gift_v21_framework.py:56: in assert_close_to_reference
    assert rel_dev &lt; rel_tol, (
E   AssertionError: V_cb: predicted=0.039059, reference=0.042100, relative deviation=7.22% (tolerance=2.0%)
E   assert np.float64(0.07222727499559409) &lt; 0.02</failure></testcase><testcase classname="tests.unit.test_gift_v21_framework.TestCKMMatrixV21" name="test_V_ub" time="0.002"><failure message="AssertionError: V_ub: predicted=0.003262, reference=0.003930, relative deviation=17.00% (tolerance=5.0%)&#10;assert np.float64(0.16997262690920692) &lt; 0.05">tests/unit/test_gift_v21_framework.py:426: in test_V_ub
    assert_close_to_reference(V_ub, reference_data, 'V_ub', rel_tol=0.05)
tests/unit/test_gift_v21_framework.py:56: in assert_close_to_reference
    assert rel_dev &lt; rel_tol, (
E   AssertionError: V_ub: predicted=0.003262, reference=0.003930, relative deviation=17.00% (tolerance=5.0%)
E   assert np.float64(0.16997262690920692) &lt; 0.05</failure></testcase><testcase classname="tests.unit.test_gift_v21_framework.TestCKMMatrixV21" name="test_V_cd" time="0.002" /><testcase classname="tests.unit.test_gift_v21_framework.TestCKMMatrixV21" name="test_V_cs" time="0.001"><failure message="AssertionError: V_cs: predicted=0.976190, reference=0.997200, relative deviation=2.11% (tolerance=2.0%)&#10;assert np.float64(0.0210685156533532) &lt; 0.02">tests/unit/test_gift_v21_framework.py:444: in test_V_cs
    assert_close_to_reference(V_cs, reference_data, 'V_cs', rel_tol=0.02)
tests/unit/test_gift_v21_framework.py:56: in assert_close_to_reference
    assert rel_dev &lt; rel_tol, (
E   AssertionError: V_cs: predicted=0.976190, reference=0.997200, relative deviation=2.11% (tolerance=2.0%)
E   assert np.float64(0.0210685156533532) &lt; 0.02</failure></testcase><testcase classname="tests.unit.test_gift_v21_framework.TestCKMMatrixV21" name="test_V_td" time="0.002"><failure message="AssertionError: V_td: predicted=0.006968, reference=0.008090, relative deviation=13.87% (tolerance=5.0%)&#10;assert np.float64(0.13870229696243594) &lt; 0.05">tests/unit/test_gift_v21_framework.py:453: in test_V_td
    assert_close_to_reference(V_td, reference_data, 'V_td', rel_tol=0.05)
tests/unit/test_gift_v21_framework.py:56: in assert_close_to_reference
    assert rel_dev &lt; rel_tol, (
E   AssertionError: V_td: predicted=0.006968, reference=0.008090, relative deviation=13.87% (tolerance=5.0%)
E   assert np.float64(0.13870229696243594) &lt; 0.05</failure></testcase><testcase classname="tests.unit.test_gift_v21_framework.TestHiggsSectorV21" name="test_lambda_H_exact" time="0.002" /><testcase classname="tests.unit.test_gift_v21_framework.TestCosmologySectorV21" name="test_Omega_DE_exact" time="0.002" /><testcase classname="tests.unit.test_gift_v21_framework.TestCosmologySectorV21" name="test_Omega_DM" time="0.001" /><testcase classname="tests.unit.test_gift_v21_framework.TestCosmologySectorV21" name="test_Omega_b" time="0.001" /><testcase classname="tests.unit.test_gift_v21_framework.TestCosmologySectorV21" name="test_n_s" time="0.002" /><testcase classname="tests.unit.test_gift_v21_framework.TestCosmologySectorV21" name="test_sigma_8" time="0.001" /><testcase classname="tests.unit.test_gift_v21_framework.TestCosmologySectorV21" name="test_A_s" time="0.001" /><testcase classname="tests.unit.test_gift_v21_framework.TestCosmologySectorV21" name="test_Omega_gamma" time="0.001" /><testcase classname="tests.unit.test_gift_v21_framework.TestCosmologySectorV21" name="test_Omega_nu" time="0.001" /><testcase classname="tests.unit.test_gift_v21_framework.TestCosmologySectorV21" name="test_Y_p" time="0.002"><failure message="AssertionError: Y_p: predicted=0.250000, reference=0.244800, relative deviation=2.12% (tolerance=2.0%)&#10;assert 0.02124183006535952 &lt; 0.02">tests/unit/test_gift_v21_framework.py:587: in test_Y_p
    assert_close_to_reference(Y_p, reference_data, 'Y_p', rel_tol=0.02)
tests/unit/test_gift_v21_framework.py:56: in assert_close_to_reference
    assert rel_dev &lt; rel_tol, (
E   AssertionError: Y_p: predicted=0.250000, reference=0.244800, relative deviation=2.12% (tolerance=2.0%)
E   assert 0.02124183006535952 &lt; 0.02</failure></testcase><testcase classname="tests.unit.test_gift_v21_framework.TestCosmologySectorV21" name="test_D_H" time="0.002" /><testcase classname="tests.unit.test_gift_v21_framework.TestElectroweakScaleV21" name="test_v_EW" time="0.002"><failure message="AssertionError: v_EW: predicted=246.125137, experimental=246.220000±0.030000, deviation=0.094863 &gt; 3σ=0.090000&#10;assert np.float64(0.09486257069073645) &lt;= 0.09">tests/unit/test_gift_v21_framework.py:620: in test_v_EW
    assert_within_experimental(v_EW, reference_data, 'v_EW', n_sigma=3)
tests/unit/test_gift_v21_framework.py:82: in assert_within_experimental
    assert deviation &lt;= allowed, (
E   AssertionError: v_EW: predicted=246.125137, experimental=246.220000±0.030000, deviation=0.094863 &gt; 3σ=0.090000
E   assert np.float64(0.09486257069073645) &lt;= 0.09</failure></testcase><testcase classname="tests.unit.test_gift_v21_framework.TestElectroweakScaleV21" name="test_M_W" time="0.001" /><testcase classname="tests.unit.test_gift_v21_framework.TestElectroweakScaleV21" name="test_M_Z" time="0.002"><failure message="AssertionError: M_Z: predicted=91.196782, experimental=91.188000±0.002000, deviation=0.008782 &gt; 3σ=0.006000&#10;assert np.float64(0.008782368499566928) &lt;= 0.006">tests/unit/test_gift_v21_framework.py:648: in test_M_Z
    assert_within_experimental(M_Z, reference_data, 'M_Z', n_sigma=3)
tests/unit/test_gift_v21_framework.py:82: in assert_within_experimental
    assert deviation &lt;= allowed, (
E   AssertionError: M_Z: predicted=91.196782, experimental=91.188000±0.002000, deviation=0.008782 &gt; 3σ=0.006000
E   assert np.float64(0.008782368499566928) &lt;= 0.006</failure></testcase><testcase classname="tests.unit.test_gift_v21_framework.TestQuarkMassesV21" name="test_m_u_MeV" time="0.001" /><testcase classname="tests.unit.test_gift_v21_framework.TestQuarkMassesV21" name="test_m_d_MeV" time="0.001" /><testcase classname="tests.unit.test_gift_v21_framework.TestQuarkMassesV21" name="test_m_s_MeV" time="0.001" /><testcase classname="tests.unit.test_gift_v21_framework.TestQuarkMassesV21" name="test_m_c_MeV" time="0.001" /><testcase classname="tests.unit.test_gift_v21_framework.TestQuarkMassesV21" name="test_m_b_MeV" time="0.001" /><testcase classname="tests.unit.test_gift_v21_framework.TestQuarkMassesV21" name="test_m_t_GeV" time="0.001" /><testcase classname="tests.unit.test_gift_v21_framework.TestCosmologicalScaleV21" name="test_H0" time="0.001"><failure message="KeyError: 'H0'">tests/unit/test_gift_v21_framework.py:721: in test_H0
    H0 = obs['H0']
         ^^^^^^^^^
E   KeyError: 'H0'</failure></testcase><testcase classname="tests.unit.test_gift_v21_framework.TestV21Integration" name="test_all_46_observables_computed" time="0.001"><failure message="AssertionError: Expected 46 total, got 47&#10;assert 47 == 46&#10; +  where 47 = len({'A_s': 2.1e-09, 'D_H': 2.5e-05, 'H0': 70.0, 'M_W': np.float64(80.37691416513519), ...})">tests/unit/test_gift_v21_framework.py:744: in test_all_46_observables_computed
    assert len(obs_all) == 46, f"Expected 46 total, got {len(obs_all)}"
E   AssertionError: Expected 46 total, got 47
E   assert 47 == 46
E    +  where 47 = len({'A_s': 2.1e-09, 'D_H': 2.5e-05, 'H0': 70.0, 'M_W': np.float64(80.37691416513519), ...})</failure></testcase><testcase classname="tests.unit.test_gift_v21_framework.TestV21Integration" name="test_dimensionless_vs_all" time="0.001" /><testcase classname="tests.unit.test_gift_v21_framework.TestV21Integration" name="test_mean_deviation" time="0.001"><failure message="AssertionError: Mean deviation 1.19% exceeds 0.5%&#10;assert np.float64(1.1871133097710553) &lt; 0.5">tests/unit/test_gift_v21_framework.py:781: in test_mean_deviation
    assert mean_dev &lt; 0.5, f"Mean deviation {mean_dev:.2f}% exceeds 0.5%"
E   AssertionError: Mean deviation 1.19% exceeds 0.5%
E   assert np.float64(1.1871133097710553) &lt; 0.5</failure></testcase><testcase classname="tests.unit.test_gift_v21_framework.TestV21Integration" name="test_proven_exact_relations" time="0.001" /><testcase classname="tests.unit.test_gift_v21_framework" name="test_observable_precision_parametrized[sin2thetaW-gauge-0.01]" time="0.002" /><testcase classname="tests.unit.test_gift_v21_framework" name="test_observable_precision_parametrized[alpha_s_MZ-gauge-0.01]" time="0.002" /><testcase classname="tests.unit.test_gift_v21_framework" name="test_observable_precision_parametrized[theta12-neutrino-0.02]" time="0.002" /><testcase classname="tests.unit.test_gift_v21_framework" name="test_observable_precision_parametrized[theta13-neutrino-0.02]" time="0.002" /><testcase classname="tests.unit.test_gift_v21_framework" name="test_observable_precision_parametrized[theta23-neutrino-0.03]" time="0.002" /><testcase classname="tests.unit.test_gift_v21_framework" name="test_observable_precision_parametrized[Q_Koide-lepton-0.001]" time="0.001" /><testcase classname="tests.unit.test_gift_v21_framework" name="test_observable_precision_parametrized[m_tau_m_e-lepton-0.001]" time="0.002" /><testcase classname="tests.unit.test_gift_v21_framework" name="test_observable_precision_parametrized[V_us-CKM-0.02]" time="0.002" /><testcase classname="tests.unit.test_gift_v21_framework" name="test_observable_precision_parametrized[V_cb-CKM-0.03]" time="0.002"><failure message="AssertionError: V_cb: predicted=0.039059, reference=0.042100, relative deviation=7.22% (tolerance=3.0%)&#10;assert np.float64(0.07222727499559409) &lt; 0.03">tests/unit/test_gift_v21_framework.py:852: in test_observable_precision_parametrized
    assert_close_to_reference(value, reference_data, observable_name, rel_tol=tolerance)
tests/unit/test_gift_v21_framework.py:56: in assert_close_to_reference
    assert rel_dev &lt; rel_tol, (
E   AssertionError: V_cb: predicted=0.039059, reference=0.042100, relative deviation=7.22% (tolerance=3.0%)
E   assert np.float64(0.07222727499559409) &lt; 0.03</failure></testcase><testcase classname="tests.unit.test_gift_v21_framework" name="test_observable_precision_parametrized[M_W-electroweak-0.01]" time="0.002" /><testcase classname="tests.unit.test_gift_v21_framework" name="test_observable_precision_parametrized[M_Z-electroweak-0.001]" time="0.001" /><testcase classname="tests.unit.test_gift_v22_comprehensive.TestV22ExactFormulas" name="test_sin2_theta_W_derivation" time="0.001" /><testcase classname="tests.unit.test_gift_v22_comprehensive.TestV22ExactFormulas" name="test_kappa_T_derivation" time="0.001" /><testcase classname="tests.unit.test_gift_v22_comprehensive.TestV22ExactFormulas" name="test_tau_derivation" time="0.001" /><testcase classname="tests.unit.test_gift_v22_comprehensive.TestV22ExactFormulas" name="test_det_g_derivation" time="0.001" /><testcase classname="tests.unit.test_gift_v22_comprehensive.TestV22ExactFormulas" name="test_alpha_s_geometric_origin" time="0.001" /><testcase classname="tests.unit.test_gift_v22_comprehensive.TestV22ExactFormulas" name="test_lambda_H_geometric_origin" time="0.001" /><testcase classname="tests.unit.test_gift_v22_comprehensive.TestV22ProvenRelations" name="test_1_N_gen_exact" time="0.001" /><testcase classname="tests.unit.test_gift_v22_comprehensive.TestV22ProvenRelations" name="test_2_Q_Koide_exact" time="0.001" /><testcase classname="tests.unit.test_gift_v22_comprehensive.TestV22ProvenRelations" name="test_3_m_s_m_d_exact" time="0.001" /><testcase classname="tests.unit.test_gift_v22_comprehensive.TestV22ProvenRelations" name="test_4_delta_CP_exact" time="0.001" /><testcase classname="tests.unit.test_gift_v22_comprehensive.TestV22ProvenRelations" name="test_5_m_tau_m_e_exact" time="0.001" /><testcase classname="tests.unit.test_gift_v22_comprehensive.TestV22ProvenRelations" name="test_6_Omega_DE_exact" time="0.001" /><testcase classname="tests.unit.test_gift_v22_comprehensive.TestV22ProvenRelations" name="test_7_n_s_exact" time="0.001" /><testcase classname="tests.unit.test_gift_v22_comprehensive.TestV22ProvenRelations" name="test_8_xi_exact" time="0.001" /><testcase classname="tests.unit.test_gift_v22_comprehensive.TestV22ProvenRelations" name="test_9_lambda_H_exact" time="0.001" /><testcase classname="tests.unit.test_gift_v22_comprehensive.TestV22ProvenRelations" name="test_10_sin2_theta_W_exact" time="0.001" /><testcase classname="tests.unit.test_gift_v22_comprehensive.TestV22ProvenRelations" name="test_11_tau_exact" time="0.001" /><testcase classname="tests.unit.test_gift_v22_comprehensive.TestV22ProvenRelations" name="test_12_kappa_T_exact" time="0.001" /><testcase classname="tests.unit.test_gift_v22_comprehensive.TestV22ProvenRelations" name="test_13_b3_relation" time="0.001" /><testcase classname="tests.unit.test_gift_v22_comprehensive.TestV22PrimeFactorizations" name="test_tau_numerator_factorization" time="0.001" /><testcase classname="tests.unit.test_gift_v22_comprehensive.TestV22PrimeFactorizations" name="test_tau_denominator_factorization" time="0.001" /><testcase classname="tests.unit.test_gift_v22_comprehensive.TestV22PrimeFactorizations" name="test_61_divides_tau_electron_ratio" time="0.001" /><testcase classname="tests.unit.test_gift_v22_comprehensive.TestV22PrimeFactorizations" name="test_221_structure" time="0.001" /><testcase classname="tests.unit.test_gift_v22_comprehensive.TestV22PrimeFactorizations" name="test_32_structure" time="0.001" /><testcase classname="tests.unit.test_gift_v22_comprehensive.TestV22PrimeFactorizations" name="test_mersenne_primes" time="0.001" /><testcase classname="tests.unit.test_gift_v22_comprehensive.TestV22StatusClassification" name="test_proven_count" time="0.001" /><testcase classname="tests.unit.test_gift_v22_comprehensive.TestV22StatusClassification" name="test_no_phenomenological" time="0.001" /><testcase classname="tests.unit.test_gift_v22_comprehensive.TestV22StatusClassification" name="test_sin2_theta_W_status" time="0.001" /><testcase classname="tests.unit.test_gift_v22_comprehensive.TestV22StatusClassification" name="test_tau_status" time="0.001" /><testcase classname="tests.unit.test_gift_v22_comprehensive.TestV22Precision" name="test_mean_deviation_target" time="0.001" /><testcase classname="tests.unit.test_gift_v22_comprehensive.TestV22Precision" name="test_best_predictions_exact" time="0.001" /><testcase classname="tests.unit.test_gift_v22_comprehensive.TestV22Precision" name="test_sin2_theta_W_precision" time="0.001" /><testcase classname="tests.unit.test_gift_v22_comprehensive.TestV22Precision" name="test_kappa_T_precision" time="0.001" /><testcase classname="tests.unit.test_gift_v22_comprehensive.TestV22NumericalStability" name="test_exact_rationals_reproducible" time="0.001" /><testcase classname="tests.unit.test_gift_v22_comprehensive.TestV22NumericalStability" name="test_float_precision_adequate" time="0.001" /><testcase classname="tests.unit.test_gift_v22_comprehensive.TestV22NumericalStability" name="test_no_overflow" time="0.001" /><testcase classname="tests.unit.test_gift_v22_comprehensive.TestV22NumericalStability" name="test_no_nan_inf_in_observables" time="0.001" /><testcase classname="tests.unit.test_gift_v22_comprehensive.TestV22NumericalStability" name="test_reproducibility" time="0.001" /><testcase classname="tests.unit.test_gift_v22_comprehensive.TestV22CrossSectorConsistency" name="test_61_connects_torsion_and_lepton" time="0.001" /><testcase classname="tests.unit.test_gift_v22_comprehensive.TestV22CrossSectorConsistency" name="test_221_connects_gauge_and_higgs" time="0.001" /><testcase classname="tests.unit.test_gift_v22_comprehensive.TestV22CrossSectorConsistency" name="test_framework_constants_consistent" time="0.001" /><testcase classname="tests.unit.test_gift_v22_comprehensive.TestV22AllObservables" name="test_observable_count" time="0.001" /><testcase classname="tests.unit.test_gift_v22_comprehensive.TestV22AllObservables" name="test_dimensionless_count" time="0.001" /><testcase classname="tests.unit.test_gift_v22_comprehensive.TestV22AllObservables" name="test_dimensional_count" time="0.001" /><testcase classname="tests.unit.test_gift_v22_comprehensive.TestV22AllObservables" name="test_all_observables_positive_where_expected" time="0.001" /><testcase classname="tests.unit.test_gift_v22_comprehensive.TestV22AllObservables" name="test_gauge_couplings_range" time="0.001" /><testcase classname="tests.unit.test_gift_v22_comprehensive.TestV22AllObservables" name="test_neutrino_angles_range" time="0.001" /><testcase classname="tests.unit.test_gift_v22_comprehensive.TestV22AllObservables" name="test_ckm_elements_range" time="0.001" /><testcase classname="tests.unit.test_gift_v22_comprehensive.TestV22ExperimentalComparison" name="test_no_catastrophic_failures" time="0.001" /><testcase classname="tests.unit.test_gift_v22_comprehensive.TestV22ExperimentalComparison" name="test_proven_relations_precise" time="0.001" /><testcase classname="tests.unit.test_gift_v22_comprehensive.TestV22ExperimentalComparison" name="test_gauge_sector_precision" time="0.001" /><testcase classname="tests.unit.test_gift_v22_comprehensive.TestV22DESICompatibility" name="test_kappa_T_within_DESI_bounds" time="0.001" /><testcase classname="tests.unit.test_gift_v22_comprehensive.TestV21ToV22Regression" name="test_v21_proven_relations_preserved" time="0.001" /><testcase classname="tests.unit.test_gift_v22_comprehensive.TestV21ToV22Regression" name="test_topological_constants_unchanged" time="0.001" /><testcase classname="tests.unit.test_gift_v22_comprehensive.TestV21ToV22Regression" name="test_v22_improves_on_v21" time="0.001" /><testcase classname="tests.unit.test_gift_v22_comprehensive.TestV22FibonacciLucasPatterns" name="test_fibonacci_encoding" time="0.001" /><testcase classname="tests.unit.test_gift_v22_comprehensive.TestV22FibonacciLucasPatterns" name="test_lucas_encoding" time="0.001" /><testcase classname="tests.unit.test_gift_v22_comprehensive.TestV22MonteCarloValidation" name="test_topological_observables_parameter_independent" time="0.001" /><testcase classname="tests.unit.test_gift_v22_comprehensive.TestV22MonteCarloValidation" name="test_numerical_stability_under_perturbation" time="0.001" /><testcase classname="tests.unit.test_gift_v22_statistical_validation.TestBootstrapValidation" name="test_bootstrap_deviation_distribution" time="0.019" /><testcase classname="tests.unit.test_gift_v22_statistical_validation.TestBootstrapValidation" name="test_bootstrap_confidence_intervals" time="0.003" /><testcase classname="tests.unit.test_gift_v22_statistical_validation.TestBootstrapValidation" name="test_bootstrap_sigma_consistency" time="0.001" /><testcase classname="tests.unit.test_gift_v22_statistical_validation.TestTopologicalSensitivity" name="test_b2_sensitivity" time="0.001" /><testcase classname="tests.unit.test_gift_v22_statistical_validation.TestTopologicalSensitivity" name="test_b3_sensitivity" time="0.001" /><testcase classname="tests.unit.test_gift_v22_statistical_validation.TestTopologicalSensitivity" name="test_dim_G2_sensitivity" time="0.001" /><testcase classname="tests.unit.test_gift_v22_statistical_validation.TestTopologicalSensitivity" name="test_total_sensitivity_indices" time="0.001" /><testcase classname="tests.unit.test_gift_v22_statistical_validation.TestChiSquaredAnalysis" name="test_chi_squared_statistic" time="0.001" /><testcase classname="tests.unit.test_gift_v22_statistical_validation.TestChiSquaredAnalysis" name="test_chi_squared_by_sector" time="0.001" /><testcase classname="tests.unit.test_gift_v22_statistical_validation.TestChiSquaredAnalysis" name="test_p_value_estimation" time="0.613" /><testcase classname="tests.unit.test_gift_v22_statistical_validation.TestInformationTheoreticAnalysis" name="test_parameter_compression_ratio" time="0.001" /><testcase classname="tests.unit.test_gift_v22_statistical_validation.TestInformationTheoreticAnalysis" name="test_predictive_power_metric" time="0.001" /><testcase classname="tests.unit.test_gift_v22_statistical_validation.TestInformationTheoreticAnalysis" name="test_bits_of_information" time="0.001" /><testcase classname="tests.unit.test_gift_v22_statistical_validation.TestCorrelationStructure" name="test_deviation_correlations" time="0.001" /><testcase classname="tests.unit.test_gift_v22_statistical_validation.TestCorrelationStructure" name="test_sector_correlation" time="0.001" /><testcase classname="tests.unit.test_gift_v22_statistical_validation.TestRobustnessAnalysis" name="test_numerical_perturbation_stability" time="0.001" /><testcase classname="tests.unit.test_gift_v22_statistical_validation.TestRobustnessAnalysis" name="test_floating_point_precision" time="0.001" /><testcase classname="tests.unit.test_gift_v22_statistical_validation.TestRobustnessAnalysis" name="test_formula_consistency" time="0.001" /><testcase classname="tests.unit.test_gift_v22_statistical_validation.TestMonteCarloExperimental" name="test_mc_deviation_distribution" time="0.034" /><testcase classname="tests.unit.test_gift_v22_statistical_validation.TestMonteCarloExperimental" name="test_mc_validation_probability" time="0.024" /><testcase classname="tests.unit.test_giftpy_comprehensive.TestTopologicalConstants" name="test_primary_parameters_defaults" time="0.001" /><testcase classname="tests.unit.test_giftpy_comprehensive.TestTopologicalConstants" name="test_primary_parameters_are_integers" time="0.001" /><testcase classname="tests.unit.test_giftpy_comprehensive.TestTopologicalConstants" name="test_E8_dimensions" time="0.001" /><testcase classname="tests.unit.test_giftpy_comprehensive.TestTopologicalConstants" name="test_K7_dimension" time="0.001" /><testcase classname="tests.unit.test_giftpy_comprehensive.TestTopologicalConstants" name="test_G2_dimension" time="0.001" /><testcase classname="tests.unit.test_giftpy_comprehensive.TestTopologicalConstants" name="test_J3_dimension" time="0.001" /><testcase classname="tests.unit.test_giftpy_comprehensive.TestTopologicalConstants" name="test_betti_numbers_basic" time="0.001" /><testcase classname="tests.unit.test_giftpy_comprehensive.TestTopologicalConstants" name="test_poincare_duality" time="0.001" /><testcase classname="tests.unit.test_giftpy_comprehensive.TestTopologicalConstants" name="test_H_star_sum" time="0.001"><failure message="assert 99 == 198&#10; +  where 99 = TopologicalConstants(p2=2, rank_E8=8, Weyl_factor=5).H_star">tests/unit/test_giftpy_comprehensive.py:90: in test_H_star_sum
    assert constants.H_star == expected
E   assert 99 == 198
E    +  where 99 = TopologicalConstants(p2=2, rank_E8=8, Weyl_factor=5).H_star</failure></testcase><testcase classname="tests.unit.test_giftpy_comprehensive.TestTopologicalConstants" name="test_euler_characteristic" time="0.001" /><testcase classname="tests.unit.test_giftpy_comprehensive.TestTopologicalConstants" name="test_betti_constraint" time="0.001" /><testcase classname="tests.unit.test_giftpy_comprehensive.TestTopologicalConstants" name="test_golden_ratio" time="0.001" /><testcase classname="tests.unit.test_giftpy_comprehensive.TestTopologicalConstants" name="test_golden_ratio_property" time="0.001" /><testcase classname="tests.unit.test_giftpy_comprehensive.TestTopologicalConstants" name="test_sqrt_values" time="0.001" /><testcase classname="tests.unit.test_giftpy_comprehensive.TestTopologicalConstants" name="test_ln2" time="0.001" /><testcase classname="tests.unit.test_giftpy_comprehensive.TestTopologicalConstants" name="test_zeta3_apery" time="0.001" /><testcase classname="tests.unit.test_giftpy_comprehensive.TestTopologicalConstants" name="test_euler_gamma" time="0.001" /><testcase classname="tests.unit.test_giftpy_comprehensive.TestTopologicalConstants" name="test_beta0_formula" time="0.001"><failure message="assert np.False_&#10; +  where np.False_ = &lt;function isclose at 0x7ebbe4fcc870&gt;(0.39269908169872414, 0.2727272727272727, rtol=1e-15)&#10; +    where &lt;function isclose at 0x7ebbe4fcc870&gt; = np.isclose&#10; +    and   0.39269908169872414 = TopologicalConstants(p2=2, rank_E8=8, Weyl_factor=5).beta0">tests/unit/test_giftpy_comprehensive.py:143: in test_beta0_formula
    assert np.isclose(constants.beta0, expected, rtol=1e-15)
E   assert np.False_
E    +  where np.False_ = &lt;function isclose at 0x7ebbe4fcc870&gt;(0.39269908169872414, 0.2727272727272727, rtol=1e-15)
E    +    where &lt;function isclose at 0x7ebbe4fcc870&gt; = np.isclose
E    +    and   0.39269908169872414 = TopologicalConstants(p2=2, rank_E8=8, Weyl_factor=5).beta0</failure></testcase><testcase classname="tests.unit.test_giftpy_comprehensive.TestTopologicalConstants" name="test_xi_formula" time="0.001" /><testcase classname="tests.unit.test_giftpy_comprehensive.TestTopologicalConstants" name="test_epsilon0" time="0.001" /><testcase classname="tests.unit.test_giftpy_comprehensive.TestTopologicalConstants" name="test_tau" time="0.001" /><testcase classname="tests.unit.test_giftpy_comprehensive.TestTopologicalConstants" name="test_delta_formula" time="0.001" /><testcase classname="tests.unit.test_giftpy_comprehensive.TestTopologicalConstants" name="test_N_gen" time="0.001" /><testcase classname="tests.unit.test_giftpy_comprehensive.TestTopologicalConstants" name="test_verify_topological_constraints" time="0.001" /><testcase classname="tests.unit.test_giftpy_comprehensive.TestTopologicalConstants" name="test_summary_returns_string" time="0.001" /><testcase classname="tests.unit.test_giftpy_comprehensive.TestTopologicalConstants" name="test_custom_constants" time="0.001" /><testcase classname="tests.unit.test_giftpy_comprehensive.TestTopologicalConstants" name="test_constants_are_frozen" time="0.001" /><testcase classname="tests.unit.test_giftpy_comprehensive.TestGaugeSector" name="test_alpha_inv_formula" time="0.001" /><testcase classname="tests.unit.test_giftpy_comprehensive.TestGaugeSector" name="test_alpha_inv_value" time="0.001" /><testcase classname="tests.unit.test_giftpy_comprehensive.TestGaugeSector" name="test_alpha_inv_positive" time="0.001" /><testcase classname="tests.unit.test_giftpy_comprehensive.TestGaugeSector" name="test_alpha_inverse_relation" time="0.001" /><testcase classname="tests.unit.test_giftpy_comprehensive.TestGaugeSector" name="test_alpha_value_range" time="0.001" /><testcase classname="tests.unit.test_giftpy_comprehensive.TestGaugeSector" name="test_alpha_s_formula" time="0.001" /><testcase classname="tests.unit.test_giftpy_comprehensive.TestGaugeSector" name="test_alpha_s_experimental" time="0.001" /><testcase classname="tests.unit.test_giftpy_comprehensive.TestGaugeSector" name="test_alpha_s_positive" time="0.001" /><testcase classname="tests.unit.test_giftpy_comprehensive.TestGaugeSector" name="test_sin2theta_W_formula" time="0.001" /><testcase classname="tests.unit.test_giftpy_comprehensive.TestGaugeSector" name="test_sin2theta_W_range" time="0.001" /><testcase classname="tests.unit.test_giftpy_comprehensive.TestGaugeSector" name="test_sin2theta_W_experimental" time="0.001" /><testcase classname="tests.unit.test_giftpy_comprehensive.TestGaugeSector" name="test_theta_W_radians" time="0.001" /><testcase classname="tests.unit.test_giftpy_comprehensive.TestGaugeSector" name="test_theta_W_degrees" time="0.001" /><testcase classname="tests.unit.test_giftpy_comprehensive.TestGaugeSector" name="test_g_prime_positive" time="0.001" /><testcase classname="tests.unit.test_giftpy_comprehensive.TestGaugeSector" name="test_g_weak_positive" time="0.001" /><testcase classname="tests.unit.test_giftpy_comprehensive.TestGaugeSector" name="test_compute_all_returns_list" time="0.001" /><testcase classname="tests.unit.test_giftpy_comprehensive.TestGaugeSector" name="test_compute_all_count" time="0.001" /><testcase classname="tests.unit.test_giftpy_comprehensive.TestGaugeSector" name="test_compute_all_structure" time="0.001" /><testcase classname="tests.unit.test_giftpy_comprehensive.TestGaugeSector" name="test_compute_all_sector" time="0.001" /><testcase classname="tests.unit.test_giftpy_comprehensive.TestNeutrinoSector" name="test_theta_12_formula" time="0.001" /><testcase classname="tests.unit.test_giftpy_comprehensive.TestNeutrinoSector" name="test_theta_12_degrees" time="0.001" /><testcase classname="tests.unit.test_giftpy_comprehensive.TestNeutrinoSector" name="test_theta_12_experimental" time="0.001"><failure message="assert np.float64(0.40191387559808606) &lt; 0.02">tests/unit/test_giftpy_comprehensive.py:360: in test_theta_12_experimental
    assert deviation &lt; 0.02  # Within 2%
    ^^^^^^^^^^^^^^^^^^^^^^^
E   assert np.float64(0.40191387559808606) &lt; 0.02</failure></testcase><testcase classname="tests.unit.test_giftpy_comprehensive.TestNeutrinoSector" name="test_theta_23_formula" time="0.001" /><testcase classname="tests.unit.test_giftpy_comprehensive.TestNeutrinoSector" name="test_theta_13_formula" time="0.001" /><testcase classname="tests.unit.test_giftpy_comprehensive.TestNeutrinoSector" name="test_delta_CP_formula" time="0.001" /><testcase classname="tests.unit.test_giftpy_comprehensive.TestNeutrinoSector" name="test_delta_CP_degrees" time="0.001" /><testcase classname="tests.unit.test_giftpy_comprehensive.TestNeutrinoSector" name="test_all_angles_positive" time="0.001" /><testcase classname="tests.unit.test_giftpy_comprehensive.TestNeutrinoSector" name="test_angles_less_than_pi_over_2" time="0.001" /><testcase classname="tests.unit.test_giftpy_comprehensive.TestNeutrinoSector" name="test_compute_all_returns_list" time="0.001" /><testcase classname="tests.unit.test_giftpy_comprehensive.TestNeutrinoSector" name="test_compute_all_sector" time="0.001" /><testcase classname="tests.unit.test_giftpy_comprehensive.TestLeptonSector" name="test_m_mu_m_e_formula" time="0.001" /><testcase classname="tests.unit.test_giftpy_comprehensive.TestLeptonSector" name="test_m_mu_m_e_experimental" time="0.001"><failure message="assert np.float64(0.0011780048584962351) &lt; 0.0001">tests/unit/test_giftpy_comprehensive.py:443: in test_m_mu_m_e_experimental
    assert deviation &lt; 0.0001  # Within 0.01%
    ^^^^^^^^^^^^^^^^^^^^^^^^^
E   assert np.float64(0.0011780048584962351) &lt; 0.0001</failure></testcase><testcase classname="tests.unit.test_giftpy_comprehensive.TestLeptonSector" name="test_m_mu_m_e_positive" time="0.001" /><testcase classname="tests.unit.test_giftpy_comprehensive.TestLeptonSector" name="test_m_tau_m_mu_formula" time="0.001" /><testcase classname="tests.unit.test_giftpy_comprehensive.TestLeptonSector" name="test_m_tau_m_mu_experimental" time="0.001" /><testcase classname="tests.unit.test_giftpy_comprehensive.TestLeptonSector" name="test_m_tau_m_e_formula" time="0.001"><failure message="assert 3547 == 3477&#10; +  where 3547 = m_tau_m_e()&#10; +    where m_tau_m_e = LeptonSector(constants=TopologicalConstants(p2=2, rank_E8=8, Weyl_factor=5)).m_tau_m_e">tests/unit/test_giftpy_comprehensive.py:470: in test_m_tau_m_e_formula
    assert lepton.m_tau_m_e() == 3477
E   assert 3547 == 3477
E    +  where 3547 = m_tau_m_e()
E    +    where m_tau_m_e = LeptonSector(constants=TopologicalConstants(p2=2, rank_E8=8, Weyl_factor=5)).m_tau_m_e</failure></testcase><testcase classname="tests.unit.test_giftpy_comprehensive.TestLeptonSector" name="test_m_tau_m_e_is_integer" time="0.001" /><testcase classname="tests.unit.test_giftpy_comprehensive.TestLeptonSector" name="test_m_tau_m_e_experimental" time="0.001"><failure message="assert 0.02006482171153475 &lt; 0.0001">tests/unit/test_giftpy_comprehensive.py:482: in test_m_tau_m_e_experimental
    assert deviation &lt; 0.0001  # Within 0.01%
    ^^^^^^^^^^^^^^^^^^^^^^^^^
E   assert 0.02006482171153475 &lt; 0.0001</failure></testcase><testcase classname="tests.unit.test_giftpy_comprehensive.TestLeptonSector" name="test_Q_Koide_formula" time="0.001" /><testcase classname="tests.unit.test_giftpy_comprehensive.TestLeptonSector" name="test_Q_Koide_experimental" time="0.001" /><testcase classname="tests.unit.test_giftpy_comprehensive.TestLeptonSector" name="test_Q_Koide_range" time="0.001" /><testcase classname="tests.unit.test_giftpy_comprehensive.TestLeptonSector" name="test_verify_koide_formula_returns_dict" time="0.001" /><testcase classname="tests.unit.test_giftpy_comprehensive.TestLeptonSector" name="test_verify_koide_formula_keys" time="0.001" /><testcase classname="tests.unit.test_giftpy_comprehensive.TestLeptonSector" name="test_verify_koide_formula_agreement" time="0.001" /><testcase classname="tests.unit.test_giftpy_comprehensive.TestLeptonSector" name="test_compute_all_count" time="0.001" /><testcase classname="tests.unit.test_giftpy_comprehensive.TestLeptonSector" name="test_compute_all_includes_koide" time="0.001" /><testcase classname="tests.unit.test_giftpy_comprehensive.TestQuarkSector" name="test_m_s_m_d_formula" time="0.001" /><testcase classname="tests.unit.test_giftpy_comprehensive.TestQuarkSector" name="test_m_s_m_d_experimental" time="0.001" /><testcase classname="tests.unit.test_giftpy_comprehensive.TestQuarkSector" name="test_V_us_formula" time="0.001" /><testcase classname="tests.unit.test_giftpy_comprehensive.TestQuarkSector" name="test_V_us_experimental" time="0.001" /><testcase classname="tests.unit.test_giftpy_comprehensive.TestQuarkSector" name="test_V_us_range" time="0.001" /><testcase classname="tests.unit.test_giftpy_comprehensive.TestQuarkSector" name="test_compute_all_returns_list" time="0.001" /><testcase classname="tests.unit.test_giftpy_comprehensive.TestQuarkSector" name="test_compute_all_sector" time="0.001" /><testcase classname="tests.unit.test_giftpy_comprehensive.TestCosmologySector" name="test_Omega_DE_formula" time="0.001" /><testcase classname="tests.unit.test_giftpy_comprehensive.TestCosmologySector" name="test_Omega_DE_experimental" time="0.001" /><testcase classname="tests.unit.test_giftpy_comprehensive.TestCosmologySector" name="test_Omega_DE_range" time="0.001" /><testcase classname="tests.unit.test_giftpy_comprehensive.TestCosmologySector" name="test_n_s_formula" time="0.001" /><testcase classname="tests.unit.test_giftpy_comprehensive.TestCosmologySector" name="test_n_s_experimental" time="0.001" /><testcase classname="tests.unit.test_giftpy_comprehensive.TestCosmologySector" name="test_n_s_positive" time="0.001" /><testcase classname="tests.unit.test_giftpy_comprehensive.TestCosmologySector" name="test_compute_all_returns_list" time="0.001" /><testcase classname="tests.unit.test_giftpy_comprehensive.TestCosmologySector" name="test_compute_all_sector" time="0.001" /><testcase classname="tests.unit.test_giftpy_comprehensive.TestGIFTFramework" name="test_default_initialization" time="0.001" /><testcase classname="tests.unit.test_giftpy_comprehensive.TestGIFTFramework" name="test_custom_constants" time="0.001" /><testcase classname="tests.unit.test_giftpy_comprehensive.TestGIFTFramework" name="test_validate_on_init_false" time="0.001" /><testcase classname="tests.unit.test_giftpy_comprehensive.TestGIFTFramework" name="test_gauge_property" time="0.001" /><testcase classname="tests.unit.test_giftpy_comprehensive.TestGIFTFramework" name="test_neutrino_property" time="0.001" /><testcase classname="tests.unit.test_giftpy_comprehensive.TestGIFTFramework" name="test_lepton_property" time="0.001" /><testcase classname="tests.unit.test_giftpy_comprehensive.TestGIFTFramework" name="test_quark_property" time="0.001" /><testcase classname="tests.unit.test_giftpy_comprehensive.TestGIFTFramework" name="test_cosmology_property" time="0.001" /><testcase classname="tests.unit.test_giftpy_comprehensive.TestGIFTFramework" name="test_sectors_are_lazy_loaded" time="0.001" /><testcase classname="tests.unit.test_giftpy_comprehensive.TestGIFTFramework" name="test_compute_all_returns_dataframe" time="0.002" /><testcase classname="tests.unit.test_giftpy_comprehensive.TestGIFTFramework" name="test_compute_all_columns" time="0.001" /><testcase classname="tests.unit.test_giftpy_comprehensive.TestGIFTFramework" name="test_compute_all_not_empty" time="0.002" /><testcase classname="tests.unit.test_giftpy_comprehensive.TestGIFTFramework" name="test_compute_all_caching" time="0.002" /><testcase classname="tests.unit.test_giftpy_comprehensive.TestGIFTFramework" name="test_compute_all_no_cache" time="0.001" /><testcase classname="tests.unit.test_giftpy_comprehensive.TestGIFTFramework" name="test_clear_cache" time="0.002" /><testcase classname="tests.unit.test_giftpy_comprehensive.TestGIFTFramework" name="test_repr" time="0.001" /><testcase classname="tests.unit.test_giftpy_comprehensive.TestGIFTFramework" name="test_str" time="0.001" /><testcase classname="tests.unit.test_giftpy_comprehensive.TestGIFTFramework" name="test_version_property" time="0.001" /><testcase classname="tests.unit.test_giftpy_comprehensive.TestGIFTFramework" name="test_info_returns_string" time="0.001" /><testcase classname="tests.unit.test_giftpy_comprehensive.TestGIFTFramework" name="test_compare_with_self" time="0.004" /><testcase classname="tests.unit.test_giftpy_comprehensive.TestGiftpyIntegration" name="test_full_workflow" time="0.002" /><testcase classname="tests.unit.test_giftpy_comprehensive.TestGiftpyIntegration" name="test_all_sectors_compute" time="0.001" /><testcase classname="tests.unit.test_giftpy_comprehensive.TestGiftpyIntegration" name="test_all_observables_have_values" time="0.002" /><testcase classname="tests.unit.test_giftpy_comprehensive.TestGiftpyIntegration" name="test_proven_exact_relations" time="0.001"><failure message="assert 3547 == 3477&#10; +  where 3547 = m_tau_m_e()&#10; +    where m_tau_m_e = LeptonSector(constants=TopologicalConstants(p2=2, rank_E8=8, Weyl_factor=5)).m_tau_m_e&#10; +      where LeptonSector(constants=TopologicalConstants(p2=2, rank_E8=8, Weyl_factor=5)) = GIFT(constants=TopologicalConstants(p2=2, rank_E8=8, Weyl_factor=5)).lepton">tests/unit/test_giftpy_comprehensive.py:887: in test_proven_exact_relations
    assert gift.lepton.m_tau_m_e() == 3477
E   assert 3547 == 3477
E    +  where 3547 = m_tau_m_e()
E    +    where m_tau_m_e = LeptonSector(constants=TopologicalConstants(p2=2, rank_E8=8, Weyl_factor=5)).m_tau_m_e
E    +      where LeptonSector(constants=TopologicalConstants(p2=2, rank_E8=8, Weyl_factor=5)) = GIFT(constants=TopologicalConstants(p2=2, rank_E8=8, Weyl_factor=5)).lepton</failure></testcase><testcase classname="tests.unit.test_giftpy_comprehensive.TestGiftpyEdgeCases" name="test_multiple_instances" time="0.001" /><testcase classname="tests.unit.test_giftpy_comprehensive.TestGiftpyEdgeCases" name="test_sector_cache_clear" time="0.001" /><testcase classname="tests.unit.test_giftpy_comprehensive.TestGiftpyEdgeCases" name="test_numerical_stability" time="0.006" /><testcase classname="tests.unit.test_input_validation.TestNaNParameters" name="test_nan_parameter_v21[p2]" time="0.001" /><testcase classname="tests.unit.test_input_validation.TestNaNParameters" name="test_nan_parameter_v21[Weyl_factor]" time="0.001" /><testcase classname="tests.unit.test_input_validation.TestNaNParameters" name="test_nan_parameter_v21[tau]" time="0.001" /><testcase classname="tests.unit.test_input_validation.TestNaNParameters" name="test_nan_parameter_statistical[p2]" time="0.005"><skipped type="pytest.skip" message="GIFTFrameworkStatistical not available">/home/user/GIFT/tests/unit/test_input_validation.py:93: GIFTFrameworkStatistical not available</skipped></testcase><testcase classname="tests.unit.test_input_validation.TestNaNParameters" name="test_nan_parameter_statistical[Weyl_factor]" time="0.005"><skipped type="pytest.skip" message="GIFTFrameworkStatistical not available">/home/user/GIFT/tests/unit/test_input_validation.py:93: GIFTFrameworkStatistical not available</skipped></testcase><testcase classname="tests.unit.test_input_validation.TestNaNParameters" name="test_nan_parameter_statistical[tau]" time="0.006"><skipped type="pytest.skip" message="GIFTFrameworkStatistical not available">/home/user/GIFT/tests/unit/test_input_validation.py:93: GIFTFrameworkStatistical not available</skipped></testcase><testcase classname="tests.unit.test_input_validation.TestInfinityParameters" name="test_inf_parameter_v21[p2-inf]" time="0.001" /><testcase classname="tests.unit.test_input_validation.TestInfinityParameters" name="test_inf_parameter_v21[p2--inf]" time="0.001" /><testcase classname="tests.unit.test_input_validation.TestInfinityParameters" name="test_inf_parameter_v21[Weyl_factor-inf]" time="0.001" /><testcase classname="tests.unit.test_input_validation.TestInfinityParameters" name="test_inf_parameter_v21[Weyl_factor--inf]" time="0.001" /><testcase classname="tests.unit.test_input_validation.TestInfinityParameters" name="test_inf_parameter_v21[tau-inf]" time="0.001" /><testcase classname="tests.unit.test_input_validation.TestInfinityParameters" name="test_inf_parameter_v21[tau--inf]" time="0.001" /><testcase classname="tests.unit.test_input_validation.TestInfinityParameters" name="test_inf_parameter_produces_inf_or_raises[inf]" time="0.007"><skipped type="pytest.skip" message="GIFTFrameworkStatistical not available">/home/user/GIFT/tests/unit/test_input_validation.py:141: GIFTFrameworkStatistical not available</skipped></testcase><testcase classname="tests.unit.test_input_validation.TestInfinityParameters" name="test_inf_parameter_produces_inf_or_raises[-inf]" time="0.004"><skipped type="pytest.skip" message="GIFTFrameworkStatistical not available">/home/user/GIFT/tests/unit/test_input_validation.py:141: GIFTFrameworkStatistical not available</skipped></testcase><testcase classname="tests.unit.test_input_validation.TestNegativeParameters" name="test_negative_parameter_v21[p2--1.0]" time="0.001"><failure message="AssertionError: V_cb is not finite with negative p2&#10;assert np.False_&#10; +  where np.False_ = &lt;ufunc 'isfinite'&gt;(np.float64(nan))&#10; +    where &lt;ufunc 'isfinite'&gt; = np.isfinite">tests/unit/test_input_validation.py:186: in test_negative_parameter_v21
    assert np.isfinite(value), f"{name} is not finite with negative {param_name}"
E   AssertionError: V_cb is not finite with negative p2
E   assert np.False_
E    +  where np.False_ = &lt;ufunc 'isfinite'&gt;(np.float64(nan))
E    +    where &lt;ufunc 'isfinite'&gt; = np.isfinite</failure></testcase><testcase classname="tests.unit.test_input_validation.TestNegativeParameters" name="test_negative_parameter_v21[p2--0.5]" time="0.001"><failure message="AssertionError: V_cb is not finite with negative p2&#10;assert np.False_&#10; +  where np.False_ = &lt;ufunc 'isfinite'&gt;(np.float64(nan))&#10; +    where &lt;ufunc 'isfinite'&gt; = np.isfinite">tests/unit/test_input_validation.py:186: in test_negative_parameter_v21
    assert np.isfinite(value), f"{name} is not finite with negative {param_name}"
E   AssertionError: V_cb is not finite with negative p2
E   assert np.False_
E    +  where np.False_ = &lt;ufunc 'isfinite'&gt;(np.float64(nan))
E    +    where &lt;ufunc 'isfinite'&gt; = np.isfinite</failure></testcase><testcase classname="tests.unit.test_input_validation.TestNegativeParameters" name="test_negative_parameter_v21[Weyl_factor--5]" time="0.001" /><testcase classname="tests.unit.test_input_validation.TestNegativeParameters" name="test_negative_parameter_v21[Weyl_factor--1]" time="0.001" /><testcase classname="tests.unit.test_input_validation.TestNegativeParameters" name="test_negative_parameter_v21[tau--3.89]" time="0.001" /><testcase classname="tests.unit.test_input_validation.TestNegativeParameters" name="test_negative_p2_statistical" time="0.005"><skipped type="pytest.skip" message="GIFTFrameworkStatistical not available">/home/user/GIFT/tests/unit/test_input_validation.py:192: GIFTFrameworkStatistical not available</skipped></testcase><testcase classname="tests.unit.test_input_validation.TestZeroParameters" name="test_zero_parameter_v21[p2]" time="0.001" /><testcase classname="tests.unit.test_input_validation.TestZeroParameters" name="test_zero_parameter_v21[Weyl_factor]" time="0.001" /><testcase classname="tests.unit.test_input_validation.TestZeroParameters" name="test_zero_parameter_v21[tau]" time="0.001" /><testcase classname="tests.unit.test_input_validation.TestZeroParameters" name="test_zero_Weyl_factor_causes_division_error" time="0.006"><skipped type="pytest.skip" message="GIFTFrameworkStatistical not available">/home/user/GIFT/tests/unit/test_input_validation.py:230: GIFTFrameworkStatistical not available</skipped></testcase><testcase classname="tests.unit.test_input_validation.TestTypeErrors" name="test_non_numeric_p2[string]" time="0.001" /><testcase classname="tests.unit.test_input_validation.TestTypeErrors" name="test_non_numeric_p2[None]" time="0.001" /><testcase classname="tests.unit.test_input_validation.TestTypeErrors" name="test_non_numeric_p2[bad_value2]" time="0.001" /><testcase classname="tests.unit.test_input_validation.TestTypeErrors" name="test_non_numeric_p2[bad_value3]" time="0.001" /><testcase classname="tests.unit.test_input_validation.TestTypeErrors" name="test_non_numeric_Weyl_factor[string]" time="0.001" /><testcase classname="tests.unit.test_input_validation.TestTypeErrors" name="test_non_numeric_Weyl_factor[None]" time="0.001" /><testcase classname="tests.unit.test_input_validation.TestTypeErrors" name="test_non_numeric_Weyl_factor[bad_value2]" time="0.001" /><testcase classname="tests.unit.test_input_validation.TestTypeErrors" name="test_non_numeric_Weyl_factor[bad_value3]" time="0.001" /><testcase classname="tests.unit.test_input_validation.TestTypeErrors" name="test_complex_parameter" time="0.001" /><testcase classname="tests.unit.test_input_validation.TestExtremeValues" name="test_extreme_p2_values[1e-10]" time="0.001" /><testcase classname="tests.unit.test_input_validation.TestExtremeValues" name="test_extreme_p2_values[10000000000.0]" time="0.001" /><testcase classname="tests.unit.test_input_validation.TestExtremeValues" name="test_extreme_p2_values[1e-100]" time="0.001" /><testcase classname="tests.unit.test_input_validation.TestExtremeValues" name="test_extreme_p2_values[1e+100]" time="0.001" /><testcase classname="tests.unit.test_input_validation.TestExtremeValues" name="test_extreme_Weyl_values[1e-10]" time="0.001" /><testcase classname="tests.unit.test_input_validation.TestExtremeValues" name="test_extreme_Weyl_values[10000000000.0]" time="0.001" /><testcase classname="tests.unit.test_input_validation.TestBoundaryConditions" name="test_p2_equals_1" time="0.001" /><testcase classname="tests.unit.test_input_validation.TestBoundaryConditions" name="test_Weyl_factor_equals_1" time="0.001" /><testcase classname="tests.unit.test_input_validation.TestBoundaryConditions" name="test_tau_near_zero" time="0.001" /><testcase classname="tests.unit.test_input_validation.TestOutputValidation" name="test_all_outputs_numeric" time="0.001" /><testcase classname="tests.unit.test_input_validation.TestOutputValidation" name="test_no_nan_in_default_output" time="0.001" /><testcase classname="tests.unit.test_input_validation.TestOutputValidation" name="test_no_inf_in_default_output" time="0.001" /><testcase classname="tests.unit.test_input_validation.TestOutputValidation" name="test_physical_positivity" time="0.001" /><testcase classname="tests.unit.test_input_validation.TestOutputValidation" name="test_bounded_quantities" time="0.001" /><testcase classname="tests.unit.test_input_validation.TestGiftpyValidation" name="test_giftpy_accepts_default" time="0.001" /><testcase classname="tests.unit.test_input_validation.TestGiftpyValidation" name="test_giftpy_rejects_invalid_constants" time="0.001" /><testcase classname="tests.unit.test_input_validation.TestParameterRangeRecommendations" name="test_document_valid_p2_range" time="0.002" /><testcase classname="tests.unit.test_input_validation.TestParameterRangeRecommendations" name="test_document_valid_Weyl_range" time="0.002" /><testcase classname="tests.unit.test_json_schema_validation.TestAgentReportSchema" name="test_valid_agent_report" time="0.001" /><testcase classname="tests.unit.test_json_schema_validation.TestAgentReportSchema" name="test_agent_report_missing_name" time="0.001" /><testcase classname="tests.unit.test_json_schema_validation.TestAgentReportSchema" name="test_agent_report_wrong_type" time="0.001" /><testcase classname="tests.unit.test_json_schema_validation.TestAgentReportSchema" name="test_agent_report_with_issues" time="0.001" /><testcase classname="tests.unit.test_json_schema_validation.TestObservableSchema" name="test_valid_observable" time="0.001" /><testcase classname="tests.unit.test_json_schema_validation.TestObservableSchema" name="test_observable_minimal" time="0.001" /><testcase classname="tests.unit.test_json_schema_validation.TestObservableSchema" name="test_observable_negative_uncertainty" time="0.001" /><testcase classname="tests.unit.test_json_schema_validation.TestObservableSchema" name="test_observable_invalid_status" time="0.001" /><testcase classname="tests.unit.test_json_schema_validation.TestValidationResultSchema" name="test_valid_validation_result" time="0.001" /><testcase classname="tests.unit.test_json_schema_validation.TestValidationResultSchema" name="test_validation_result_missing_required" time="0.001" /><testcase classname="tests.unit.test_json_schema_validation.TestTrainingHistorySchema" name="test_valid_training_history" time="0.001" /><testcase classname="tests.unit.test_json_schema_validation.TestTrainingHistorySchema" name="test_training_history_empty_epoch" time="0.001" /><testcase classname="tests.unit.test_json_schema_validation.TestTrainingHistorySchema" name="test_training_history_json_serializable" time="0.001" /><testcase classname="tests.unit.test_json_schema_validation.TestExperimentalDataSchema" name="test_valid_experimental_data_item" time="0.001" /><testcase classname="tests.unit.test_json_schema_validation.TestExperimentalDataSchema" name="test_experimental_data_from_framework" time="0.001" /><testcase classname="tests.unit.test_json_schema_validation.TestCheckpointMetadataSchema" name="test_valid_checkpoint_metadata" time="0.001" /><testcase classname="tests.unit.test_json_schema_validation.TestCheckpointMetadataSchema" name="test_checkpoint_negative_epoch" time="0.001" /><testcase classname="tests.unit.test_json_schema_validation.TestFullValidationOutput" name="test_create_valid_output" time="0.001" /><testcase classname="tests.unit.test_json_schema_validation.TestFullValidationOutput" name="test_observable_values_finite" time="0.001" /><testcase classname="tests.unit.test_json_schema_validation.TestJSONSerializationEdgeCases" name="test_numpy_float_serialization" time="0.001" /><testcase classname="tests.unit.test_json_schema_validation.TestJSONSerializationEdgeCases" name="test_numpy_array_serialization" time="0.001" /><testcase classname="tests.unit.test_json_schema_validation.TestJSONSerializationEdgeCases" name="test_nan_handling" time="0.001" /><testcase classname="tests.unit.test_json_schema_validation.TestJSONSerializationEdgeCases" name="test_inf_handling" time="0.001" /><testcase classname="tests.unit.test_json_schema_validation.TestJSONSerializationEdgeCases" name="test_deep_nesting" time="0.001" /><testcase classname="tests.unit.test_json_schema_validation.TestSchemaVersionCompatibility" name="test_v21_output_backward_compatible" time="0.001" /><testcase classname="tests.unit.test_json_schema_validation.TestSchemaVersionCompatibility" name="test_missing_optional_fields_handled" time="0.001" /><testcase classname="tests.unit.test_observable_precision.TestObservablePrecision" name="test_observable_within_experimental_range[alpha_inv_MZ-127.955-0.01]" time="0.001" /><testcase classname="tests.unit.test_observable_precision.TestObservablePrecision" name="test_observable_within_experimental_range[sin2thetaW-0.23122-4e-05]" time="0.001" /><testcase classname="tests.unit.test_observable_precision.TestObservablePrecision" name="test_observable_within_experimental_range[alpha_s_MZ-0.1179-0.0011]" time="0.001" /><testcase classname="tests.unit.test_observable_precision.TestObservablePrecision" name="test_observable_within_experimental_range[theta12-33.44-0.77]" time="0.001" /><testcase classname="tests.unit.test_observable_precision.TestObservablePrecision" name="test_observable_within_experimental_range[theta13-8.61-0.12]" time="0.001" /><testcase classname="tests.unit.test_observable_precision.TestObservablePrecision" name="test_observable_within_experimental_range[theta23-49.2-1.1]" time="0.001" /><testcase classname="tests.unit.test_observable_precision.TestObservablePrecision" name="test_observable_within_experimental_range[delta_CP-197.0-24.0]" time="0.001" /><testcase classname="tests.unit.test_observable_precision.TestObservablePrecision" name="test_observable_within_experimental_range[Q_Koide-0.666661-7e-06]" time="0.001" /><testcase classname="tests.unit.test_observable_precision.TestObservablePrecision" name="test_observable_within_experimental_range[m_mu_m_e-206.768-0.001]" time="0.001" /><testcase classname="tests.unit.test_observable_precision.TestObservablePrecision" name="test_observable_within_experimental_range[m_tau_m_e-3477.15-0.12]" time="0.001" /><testcase classname="tests.unit.test_observable_precision.TestObservablePrecision" name="test_observable_within_experimental_range[m_s_m_d-20.0-1.0]" time="0.001" /><testcase classname="tests.unit.test_observable_precision.TestObservablePrecision" name="test_observable_within_experimental_range[m_c_m_s-13.6-0.3]" time="0.001" /><testcase classname="tests.unit.test_observable_precision.TestObservablePrecision" name="test_observable_within_experimental_range[m_b_m_u-1935.19-40.0]" time="0.001" /><testcase classname="tests.unit.test_observable_precision.TestObservablePrecision" name="test_observable_within_experimental_range[m_t_m_b-41.3-1.2]" time="0.001" /><testcase classname="tests.unit.test_observable_precision.TestObservablePrecision" name="test_observable_within_experimental_range[m_d_m_u-2.16-0.04]" time="0.001" /><testcase classname="tests.unit.test_observable_precision.TestObservablePrecision" name="test_observable_within_experimental_range[m_c_m_u-589.35-15.0]" time="0.001" /><testcase classname="tests.unit.test_observable_precision.TestObservablePrecision" name="test_observable_within_experimental_range[m_b_m_d-894.0-25.0]" time="0.001" /><testcase classname="tests.unit.test_observable_precision.TestObservablePrecision" name="test_observable_within_experimental_range[m_t_m_s-1848.0-50.0]" time="0.001" /><testcase classname="tests.unit.test_observable_precision.TestObservablePrecision" name="test_observable_within_experimental_range[m_t_m_d-36960.0-1000.0]" time="0.001" /><testcase classname="tests.unit.test_observable_precision.TestObservablePrecision" name="test_observable_within_experimental_range[m_t_m_c-136.0-3.0]" time="0.001" /><testcase classname="tests.unit.test_observable_precision.TestObservablePrecision" name="test_observable_within_experimental_range[V_us-0.2243-0.0005]" time="0.001" /><testcase classname="tests.unit.test_observable_precision.TestObservablePrecision" name="test_observable_within_experimental_range[V_cb-0.0422-0.0008]" time="0.001" /><testcase classname="tests.unit.test_observable_precision.TestObservablePrecision" name="test_observable_within_experimental_range[V_ub-0.00394-0.00036]" time="0.001" /><testcase classname="tests.unit.test_observable_precision.TestObservablePrecision" name="test_observable_within_experimental_range[V_cd-0.218-0.004]" time="0.001" /><testcase classname="tests.unit.test_observable_precision.TestObservablePrecision" name="test_observable_within_experimental_range[V_cs-0.997-0.017]" time="0.001" /><testcase classname="tests.unit.test_observable_precision.TestObservablePrecision" name="test_observable_within_experimental_range[V_td-0.0081-0.0006]" time="0.001" /><testcase classname="tests.unit.test_observable_precision.TestObservablePrecision" name="test_observable_within_experimental_range[lambda_H-0.129-0.002]" time="0.001" /><testcase classname="tests.unit.test_observable_precision.TestObservablePrecision" name="test_observable_within_experimental_range[Omega_DE-0.6847-0.0056]" time="0.001" /><testcase classname="tests.unit.test_observable_precision.TestObservablePrecision" name="test_observable_within_experimental_range[Omega_DM-0.265-0.007]" time="0.001" /><testcase classname="tests.unit.test_observable_precision.TestObservablePrecision" name="test_observable_within_experimental_range[Omega_b-0.0493-0.0006]" time="0.001" /><testcase classname="tests.unit.test_observable_precision.TestObservablePrecision" name="test_observable_within_experimental_range[n_s-0.9649-0.0042]" time="0.001" /><testcase classname="tests.unit.test_observable_precision.TestObservablePrecision" name="test_observable_within_experimental_range[sigma_8-0.811-0.006]" time="0.001" /><testcase classname="tests.unit.test_observable_precision.TestObservablePrecision" name="test_observable_within_experimental_range[A_s-2.1e-09-3e-11]" time="0.001" /><testcase classname="tests.unit.test_observable_precision.TestObservablePrecision" name="test_observable_within_experimental_range[Omega_gamma-5.38e-05-1.5e-06]" time="0.001" /><testcase classname="tests.unit.test_observable_precision.TestObservablePrecision" name="test_observable_within_experimental_range[Omega_nu-0.00064-0.00014]" time="0.001" /><testcase classname="tests.unit.test_observable_precision.TestObservablePrecision" name="test_observable_within_experimental_range[Y_p-0.2449-0.004]" time="0.001" /><testcase classname="tests.unit.test_observable_precision.TestObservablePrecision" name="test_observable_within_experimental_range[D_H-2.547e-05-2.5e-07]" time="0.001" /><testcase classname="tests.unit.test_observable_precision.TestObservablePrecision" name="test_observable_within_experimental_range[v_EW-246.22-0.03]" time="0.001" /><testcase classname="tests.unit.test_observable_precision.TestObservablePrecision" name="test_observable_within_experimental_range[M_W-80.369-0.023]" time="0.001" /><testcase classname="tests.unit.test_observable_precision.TestObservablePrecision" name="test_observable_within_experimental_range[M_Z-91.188-0.002]" time="0.001" /><testcase classname="tests.unit.test_observable_precision.TestObservablePrecision" name="test_observable_within_experimental_range[m_u_MeV-2.16-0.04]" time="0.001" /><testcase classname="tests.unit.test_observable_precision.TestObservablePrecision" name="test_observable_within_experimental_range[m_d_MeV-4.67-0.04]" time="0.001" /><testcase classname="tests.unit.test_observable_precision.TestObservablePrecision" name="test_observable_within_experimental_range[m_s_MeV-93.4-0.8]" time="0.001" /><testcase classname="tests.unit.test_observable_precision.TestObservablePrecision" name="test_observable_within_experimental_range[m_c_MeV-1270.0-20.0]" time="0.001" /><testcase classname="tests.unit.test_observable_precision.TestObservablePrecision" name="test_observable_within_experimental_range[m_b_MeV-4180.0-30.0]" time="0.001" /><testcase classname="tests.unit.test_observable_precision.TestObservablePrecision" name="test_observable_within_experimental_range[m_t_GeV-172.76-0.3]" time="0.001" /><testcase classname="tests.unit.test_observable_precision.TestObservablePrecision" name="test_observable_within_experimental_range[H0-70.0-2.0]" time="0.001" /><testcase classname="tests.unit.test_observable_precision.TestObservablePrecision" name="test_proven_exact_observables[delta_CP-197.0]" time="0.001" /><testcase classname="tests.unit.test_observable_precision.TestObservablePrecision" name="test_proven_exact_observables[Q_Koide-0.6666666666666666]" time="0.001" /><testcase classname="tests.unit.test_observable_precision.TestObservablePrecision" name="test_proven_exact_observables[m_tau_m_e-3477.0]" time="0.001" /><testcase classname="tests.unit.test_observable_precision.TestObservablePrecision" name="test_proven_exact_observables[m_s_m_d-20.0]" time="0.001" /><testcase classname="tests.unit.test_observable_precision.TestObservablePrecision" name="test_proven_exact_observables[lambda_H-0.1288470508005519]" time="0.001" /><testcase classname="tests.unit.test_observable_precision.TestObservablePrecision" name="test_proven_exact_observables[Omega_DE-0.6861456938876226]" time="0.001" /><testcase classname="tests.unit.test_observable_precision.TestMatrixUnitarity" name="test_ckm_unitarity_rows" time="0.001" /><testcase classname="tests.unit.test_observable_precision.TestMatrixUnitarity" name="test_ckm_element_magnitudes" time="0.001" /><testcase classname="tests.unit.test_observable_precision.TestMatrixUnitarity" name="test_pmns_mixing_angles_physical" time="0.001" /><testcase classname="tests.unit.test_observable_precision.TestMatrixUnitarity" name="test_cp_phase_range" time="0.001" /><testcase classname="tests.unit.test_observable_precision.TestPhysicalConstraints" name="test_quark_mass_hierarchy" time="0.001" /><testcase classname="tests.unit.test_observable_precision.TestPhysicalConstraints" name="test_dimensional_quark_masses_hierarchy" time="0.001" /><testcase classname="tests.unit.test_observable_precision.TestPhysicalConstraints" name="test_cosmological_density_fractions" time="0.001" /><testcase classname="tests.unit.test_observable_precision.TestPhysicalConstraints" name="test_gauge_couplings_positive" time="0.001" /><testcase classname="tests.unit.test_observable_precision.TestPhysicalConstraints" name="test_electroweak_scale_consistency" time="0.001" /><testcase classname="tests.unit.test_observable_precision.TestParameterSensitivity" name="test_topological_observables_parameter_independent[delta_CP]" time="0.001" /><testcase classname="tests.unit.test_observable_precision.TestParameterSensitivity" name="test_topological_observables_parameter_independent[Q_Koide]" time="0.001" /><testcase classname="tests.unit.test_observable_precision.TestParameterSensitivity" name="test_topological_observables_parameter_independent[m_tau_m_e]" time="0.001" /><testcase classname="tests.unit.test_observable_precision.TestParameterSensitivity" name="test_topological_observables_parameter_independent[lambda_H]" time="0.001" /><testcase classname="tests.unit.test_observable_precision.TestParameterSensitivity" name="test_topological_observables_parameter_independent[Omega_DE]" time="0.001" /><testcase classname="tests.unit.test_observable_precision.TestParameterSensitivity" name="test_parameter_variation_affects_derived_observables" time="0.001" /><testcase classname="tests.unit.test_observable_precision.TestNumericalStability" name="test_repeated_computation_gives_same_result" time="0.001" /><testcase classname="tests.unit.test_observable_precision.TestNumericalStability" name="test_no_nan_or_inf_in_observables" time="0.001" /><testcase classname="tests.unit.test_observable_precision.TestNumericalStability" name="test_observables_have_reasonable_magnitudes" time="0.001" /><testcase classname="tests.unit.test_observable_precision.TestObservableCoverage" name="test_all_46_observables_present" time="0.001" /><testcase classname="tests.unit.test_observable_precision.TestObservableCoverage" name="test_observables_by_sector" time="0.001" /><testcase classname="tests.unit.test_run_validation.TestFrameworkInitialization" name="test_default_initialization" time="0.001" /><testcase classname="tests.unit.test_run_validation.TestFrameworkInitialization" name="test_topological_invariants" time="0.001" /><testcase classname="tests.unit.test_run_validation.TestFrameworkInitialization" name="test_derived_parameters" time="0.001" /><testcase classname="tests.unit.test_run_validation.TestFrameworkInitialization" name="test_mathematical_constants" time="0.001" /><testcase classname="tests.unit.test_run_validation.TestFrameworkInitialization" name="test_torsion_tensor_components" time="0.001" /><testcase classname="tests.unit.test_run_validation.TestFrameworkInitialization" name="test_custom_beta0_initialization" time="0.001" /><testcase classname="tests.unit.test_run_validation.TestFrameworkInitialization" name="test_parameter_independence" time="0.001" /><testcase classname="tests.unit.test_run_validation.TestExperimentalData" name="test_experimental_data_loaded" time="0.001" /><testcase classname="tests.unit.test_run_validation.TestExperimentalData" name="test_experimental_data_structure" time="0.001" /><testcase classname="tests.unit.test_run_validation.TestExperimentalData" name="test_key_experimental_values" time="0.001" /><testcase classname="tests.unit.test_run_validation.TestExperimentalData" name="test_experimental_values_reasonable" time="0.001" /><testcase classname="tests.unit.test_run_validation.TestGaugeSectorComputations" name="test_alpha_inverse_computation" time="0.001" /><testcase classname="tests.unit.test_run_validation.TestGaugeSectorComputations" name="test_alpha_inverse_components" time="0.001" /><testcase classname="tests.unit.test_run_validation.TestGaugeSectorComputations" name="test_sin2_theta_W_computation" time="0.001" /><testcase classname="tests.unit.test_run_validation.TestGaugeSectorComputations" name="test_alpha_s_computation" time="0.001" /><testcase classname="tests.unit.test_run_validation.TestNumericalStability" name="test_no_nan_in_observables" time="0.001" /><testcase classname="tests.unit.test_run_validation.TestNumericalStability" name="test_no_inf_in_observables" time="0.001" /><testcase classname="tests.unit.test_run_validation.TestNumericalStability" name="test_positive_coupling_constants" time="0.001" /><testcase classname="tests.unit.test_run_validation.TestNumericalStability" name="test_reproducibility" time="0.001" /><testcase classname="tests.unit.test_run_validation.TestNumericalStability" name="test_extreme_parameter_handling" time="0.001" /><testcase classname="tests.unit.test_run_validation.TestParameterVariations" name="test_p2_variations[1.5]" time="0.001" /><testcase classname="tests.unit.test_run_validation.TestParameterVariations" name="test_p2_variations[2.0]" time="0.001" /><testcase classname="tests.unit.test_run_validation.TestParameterVariations" name="test_p2_variations[2.5]" time="0.001" /><testcase classname="tests.unit.test_run_validation.TestParameterVariations" name="test_p2_variations[3.0]" time="0.001" /><testcase classname="tests.unit.test_run_validation.TestParameterVariations" name="test_weyl_factor_variations[3.0]" time="0.001" /><testcase classname="tests.unit.test_run_validation.TestParameterVariations" name="test_weyl_factor_variations[4.0]" time="0.001" /><testcase classname="tests.unit.test_run_validation.TestParameterVariations" name="test_weyl_factor_variations[5.0]" time="0.001" /><testcase classname="tests.unit.test_run_validation.TestParameterVariations" name="test_weyl_factor_variations[6.0]" time="0.001" /><testcase classname="tests.unit.test_run_validation.TestParameterVariations" name="test_weyl_factor_variations[7.0]" time="0.001" /><testcase classname="tests.unit.test_run_validation.TestParameterVariations" name="test_metric_parameters[1.0-0.01]" time="0.001" /><testcase classname="tests.unit.test_run_validation.TestParameterVariations" name="test_metric_parameters[2.0-0.02]" time="0.001" /><testcase classname="tests.unit.test_run_validation.TestParameterVariations" name="test_metric_parameters[3.0-0.015]" time="0.001" /><testcase classname="tests.unit.test_run_validation.TestTopologicalInvariance" name="test_topological_constants_invariant[1.0-3.0-1.5]" time="0.001" /><testcase classname="tests.unit.test_run_validation.TestTopologicalInvariance" name="test_topological_constants_invariant[2.0-5.0-2.0]" time="0.001" /><testcase classname="tests.unit.test_run_validation.TestTopologicalInvariance" name="test_topological_constants_invariant[3.0-7.0-3.0]" time="0.001" /><testcase classname="tests.unit.test_run_validation.TestTopologicalInvariance" name="test_topological_constants_invariant[2.5-4.0-2.5]" time="0.001" /><testcase classname="tests.unit.test_run_validation.TestTopologicalInvariance" name="test_h_star_formula" time="0.001" /><testcase classname="tests.unit.test_run_validation.TestTopologicalInvariance" name="test_tau_formula" time="0.001" /><testcase classname="tests.unit.test_run_validation.TestJSONSerialization" name="test_experimental_data_serializable" time="0.001" /><testcase classname="tests.unit.test_run_validation.TestJSONSerialization" name="test_observable_results_serializable" time="0.001" /><testcase classname="tests.unit.test_run_validation.TestEdgeCases" name="test_zero_torsion" time="0.001" /><testcase classname="tests.unit.test_run_validation.TestEdgeCases" name="test_zero_det_g" time="0.001" /><testcase classname="tests.unit.test_run_validation.TestEdgeCases" name="test_negative_parameters_warning" time="0.001" /><testcase classname="tests.unit.test_run_validation.TestConsistencyChecks" name="test_dimension_consistency" time="0.001" /><testcase classname="tests.unit.test_run_validation.TestConsistencyChecks" name="test_beta0_definition" time="0.001" /><testcase classname="tests.unit.test_run_validation.TestConsistencyChecks" name="test_golden_ratio_properties" time="0.001" /><testcase classname="tests.unit.test_smoke.TestImportSmoke" name="test_import_numpy" time="0.001" /><testcase classname="tests.unit.test_smoke.TestImportSmoke" name="test_import_gift_v21_core" time="0.001" /><testcase classname="tests.unit.test_smoke.TestImportSmoke" name="test_import_run_validation" time="0.005"><skipped type="pytest.skip" message="run_validation not available">/home/user/GIFT/tests/unit/test_smoke.py:53: run_validation not available</skipped></testcase><testcase classname="tests.unit.test_smoke.TestImportSmoke" name="test_import_giftpy" time="0.001" /><testcase classname="tests.unit.test_smoke.TestImportSmoke" name="test_import_giftpy_constants" time="0.001" /><testcase classname="tests.unit.test_smoke.TestInstantiationSmoke" name="test_v21_instantiates" time="0.001" /><testcase classname="tests.unit.test_smoke.TestInstantiationSmoke" name="test_statistical_instantiates" time="0.005"><skipped type="pytest.skip" message="GIFTFrameworkStatistical not available">/home/user/GIFT/tests/unit/test_smoke.py:96: GIFTFrameworkStatistical not available</skipped></testcase><testcase classname="tests.unit.test_smoke.TestInstantiationSmoke" name="test_giftpy_instantiates" time="0.001" /><testcase classname="tests.unit.test_smoke.TestObservableCountSmoke" name="test_v21_returns_observables" time="0.001" /><testcase classname="tests.unit.test_smoke.TestObservableCountSmoke" name="test_statistical_returns_observables" time="0.005"><skipped type="pytest.skip" message="GIFTFrameworkStatistical not available">/home/user/GIFT/tests/unit/test_smoke.py:133: GIFTFrameworkStatistical not available</skipped></testcase><testcase classname="tests.unit.test_smoke.TestKeyValueSmoke" name="test_Q_Koide_is_two_thirds" time="0.001" /><testcase classname="tests.unit.test_smoke.TestKeyValueSmoke" name="test_m_tau_m_e_is_3477" time="0.001"><failure message="assert 3547 == 3477">tests/unit/test_smoke.py:159: in test_m_tau_m_e_is_3477
    assert ratio == 3477
E   assert 3547 == 3477</failure></testcase><testcase classname="tests.unit.test_smoke.TestKeyValueSmoke" name="test_alpha_s_is_sqrt2_over_12" time="0.001" /><testcase classname="tests.unit.test_smoke.TestKeyValueSmoke" name="test_m_s_m_d_is_20" time="0.001" /><testcase classname="tests.unit.test_smoke.TestTopologicalConstantsSmoke" name="test_b2_is_21" time="0.001" /><testcase classname="tests.unit.test_smoke.TestTopologicalConstantsSmoke" name="test_b3_is_77" time="0.001" /><testcase classname="tests.unit.test_smoke.TestTopologicalConstantsSmoke" name="test_dim_E8_is_248" time="0.001" /><testcase classname="tests.unit.test_smoke.TestTopologicalConstantsSmoke" name="test_H_star_is_99" time="0.001" /><testcase classname="tests.unit.test_smoke.TestMathematicalIdentitiesSmoke" name="test_b2_plus_b3_is_98" time="0.001" /><testcase classname="tests.unit.test_smoke.TestMathematicalIdentitiesSmoke" name="test_H_star_equals_sum_betti" time="0.001"><failure message="assert 198 == 99">tests/unit/test_smoke.py:243: in test_H_star_equals_sum_betti
    assert expected == 99
E   assert 198 == 99</failure></testcase><testcase classname="tests.unit.test_smoke.TestMathematicalIdentitiesSmoke" name="test_golden_ratio_property" time="0.001" /><testcase classname="tests.unit.test_smoke.TestMathematicalIdentitiesSmoke" name="test_dim_G2_times_7_plus_99_is_197" time="0.001" /><testcase classname="tests.unit.test_smoke.TestDataTypeSmoke" name="test_observables_are_numeric" time="0.001" /><testcase classname="tests.unit.test_smoke.TestDataTypeSmoke" name="test_no_nan_in_observables" time="0.001" /><testcase classname="tests.unit.test_smoke.TestDataTypeSmoke" name="test_no_inf_in_observables" time="0.001" /><testcase classname="tests.unit.test_smoke.TestSectorAccessSmoke" name="test_gauge_sector_accessible" time="0.001" /><testcase classname="tests.unit.test_smoke.TestSectorAccessSmoke" name="test_lepton_sector_accessible" time="0.001" /><testcase classname="tests.unit.test_smoke.TestSectorAccessSmoke" name="test_quark_sector_accessible" time="0.001" /><testcase classname="tests.unit.test_smoke.TestReproducibilitySmoke" name="test_same_results_twice" time="0.001" /><testcase classname="tests.unit.test_smoke.TestReproducibilitySmoke" name="test_new_instance_same_results" time="0.001" /><testcase classname="tests.unit.test_smoke.TestQuickAssertions" name="test_2_to_7_minus_1_over_24" time="0.001" /><testcase classname="tests.unit.test_smoke.TestQuickAssertions" name="test_sqrt2_over_12" time="0.001" /><testcase classname="tests.unit.test_smoke.TestQuickAssertions" name="test_14_over_21" time="0.001" /><testcase classname="tests.unit.test_smoke.TestQuickAssertions" name="test_77_plus_10_times_248_plus_10_times_99" time="0.001"><failure message="assert ((77 + (10 * 248)) + (10 * 99)) == 3477">tests/unit/test_smoke.py:388: in test_77_plus_10_times_248_plus_10_times_99
    assert 77 + 10*248 + 10*99 == 3477
E   assert ((77 + (10 * 248)) + (10 * 99)) == 3477</failure></testcase><testcase classname="tests.unit.test_smoke.TestQuickAssertions" name="test_ln2" time="0.001" /><testcase classname="tests.unit.test_smoke.TestQuickAssertions" name="test_sqrt17_over_32" time="0.001" /><testcase classname="tests.unit.test_smoke.TestQuickAssertions" name="test_3_over_13" time="0.001" /><testcase classname="tests.unit.test_smoke.TestQuickAssertions" name="test_pi_over_9_degrees" time="0.001" /><testcase classname="tests.unit.test_smoke.TestQuickAssertions" name="test_27_to_golden_power" time="0.001"><failure message="assert np.float64(207.0118567416035) &lt; 207">tests/unit/test_smoke.py:413: in test_27_to_golden_power
    assert 206 &lt; result &lt; 207
E   assert np.float64(207.0118567416035) &lt; 207</failure></testcase><testcase classname="tests.unit.test_statistical_validation_v21.TestGIFTFrameworkV21Initialization" name="test_framework_creation_default_params" time="0.001" /><testcase classname="tests.unit.test_statistical_validation_v21.TestGIFTFrameworkV21Initialization" name="test_framework_creation_custom_params" time="0.001" /><testcase classname="tests.unit.test_statistical_validation_v21.TestGIFTFrameworkV21Initialization" name="test_framework_parameter_storage" time="0.001" /><testcase classname="tests.unit.test_statistical_validation_v21.TestMonteCarloUncertaintyV21" name="test_monte_carlo_basic_run" time="0.005" /><testcase classname="tests.unit.test_statistical_validation_v21.TestMonteCarloUncertaintyV21" name="test_monte_carlo_observable_distributions" time="0.003" /><testcase classname="tests.unit.test_statistical_validation_v21.TestMonteCarloUncertaintyV21" name="test_monte_carlo_reproducibility" time="0.003" /><testcase classname="tests.unit.test_statistical_validation_v21.TestSobolSensitivityV21" name="test_sobol_sampling_setup" time="0.018" /><testcase classname="tests.unit.test_statistical_validation_v21.TestSobolSensitivityV21" name="test_sobol_parameter_variation_effect" time="0.001" /><testcase classname="tests.unit.test_statistical_validation_v21.TestSobolSensitivityV21" name="test_topological_observables_insensitive" time="0.001" /><testcase classname="tests.unit.test_statistical_validation_v21.TestBootstrapValidation" name="test_bootstrap_sampling" time="0.004"><failure message="assert np.float64(127.95833333333336) &lt; np.float64(127.95833333333336)">tests/unit/test_statistical_validation_v21.py:289: in test_bootstrap_sampling
    assert ci_lower &lt; ci_upper
E   assert np.float64(127.95833333333336) &lt; np.float64(127.95833333333336)</failure></testcase><testcase classname="tests.unit.test_statistical_validation_v21.TestBootstrapValidation" name="test_bootstrap_uncertainty_estimation" time="0.005"><failure message="assert (0.5 * np.float64(0.0)) &lt; np.float64(0.0)">tests/unit/test_statistical_validation_v21.py:322: in test_bootstrap_uncertainty_estimation
    assert 0.5 * expected_se &lt; std_bootstrap &lt; 2.0 * expected_se
E   assert (0.5 * np.float64(0.0)) &lt; np.float64(0.0)</failure></testcase><testcase classname="tests.unit.test_statistical_validation_v21.TestDimensionalObservables" name="test_dimensional_observables_present" time="0.001" /><testcase classname="tests.unit.test_statistical_validation_v21.TestDimensionalObservables" name="test_dimensional_observables_positive" time="0.001" /><testcase classname="tests.unit.test_statistical_validation_v21.TestDimensionalObservables" name="test_electroweak_scale_consistency" time="0.001" /><testcase classname="tests.unit.test_statistical_validation_v21.TestCKMObservables" name="test_ckm_elements_present" time="0.001" /><testcase classname="tests.unit.test_statistical_validation_v21.TestCKMObservables" name="test_ckm_elements_physical" time="0.001" /><testcase classname="tests.unit.test_statistical_validation_v21.TestCKMObservables" name="test_ckm_hierarchy" time="0.001" /><testcase classname="tests.unit.test_statistical_validation_v21.TestObservableReproducibility" name="test_repeated_computation_identical" time="0.001" /><testcase classname="tests.unit.test_statistical_validation_v21.TestObservableReproducibility" name="test_different_instances_same_params" time="0.001" /><testcase classname="tests.unit.test_statistical_validation_v21.TestNumericalStability" name="test_stability_extreme_parameters" time="0.001" /><testcase classname="tests.unit.test_statistical_validation_v21.TestNumericalStability" name="test_no_nan_inf_in_standard_run" time="0.001" /><testcase classname="tests.unit.test_topological_invariance.TestTopologicalInvarianceV21" name="test_Q_Koide_invariant[params0]" time="0.001" /><testcase classname="tests.unit.test_topological_invariance.TestTopologicalInvarianceV21" name="test_Q_Koide_invariant[params1]" time="0.001" /><testcase classname="tests.unit.test_topological_invariance.TestTopologicalInvarianceV21" name="test_Q_Koide_invariant[params2]" time="0.001" /><testcase classname="tests.unit.test_topological_invariance.TestTopologicalInvarianceV21" name="test_Q_Koide_invariant[params3]" time="0.001" /><testcase classname="tests.unit.test_topological_invariance.TestTopologicalInvarianceV21" name="test_Q_Koide_invariant[params4]" time="0.001" /><testcase classname="tests.unit.test_topological_invariance.TestTopologicalInvarianceV21" name="test_Q_Koide_invariant[params5]" time="0.001" /><testcase classname="tests.unit.test_topological_invariance.TestTopologicalInvarianceV21" name="test_Q_Koide_invariant[params6]" time="0.001" /><testcase classname="tests.unit.test_topological_invariance.TestTopologicalInvarianceV21" name="test_Q_Koide_invariant[params7]" time="0.001" /><testcase classname="tests.unit.test_topological_invariance.TestTopologicalInvarianceV21" name="test_Q_Koide_invariant[params8]" time="0.001" /><testcase classname="tests.unit.test_topological_invariance.TestTopologicalInvarianceV21" name="test_Q_Koide_invariant[params9]" time="0.001" /><testcase classname="tests.unit.test_topological_invariance.TestTopologicalInvarianceV21" name="test_m_tau_m_e_invariant[params0]" time="0.001" /><testcase classname="tests.unit.test_topological_invariance.TestTopologicalInvarianceV21" name="test_m_tau_m_e_invariant[params1]" time="0.001" /><testcase classname="tests.unit.test_topological_invariance.TestTopologicalInvarianceV21" name="test_m_tau_m_e_invariant[params2]" time="0.001" /><testcase classname="tests.unit.test_topological_invariance.TestTopologicalInvarianceV21" name="test_m_tau_m_e_invariant[params3]" time="0.001" /><testcase classname="tests.unit.test_topological_invariance.TestTopologicalInvarianceV21" name="test_m_tau_m_e_invariant[params4]" time="0.001" /><testcase classname="tests.unit.test_topological_invariance.TestTopologicalInvarianceV21" name="test_m_tau_m_e_invariant[params5]" time="0.001" /><testcase classname="tests.unit.test_topological_invariance.TestTopologicalInvarianceV21" name="test_m_tau_m_e_invariant[params6]" time="0.001" /><testcase classname="tests.unit.test_topological_invariance.TestTopologicalInvarianceV21" name="test_m_tau_m_e_invariant[params7]" time="0.001" /><testcase classname="tests.unit.test_topological_invariance.TestTopologicalInvarianceV21" name="test_m_tau_m_e_invariant[params8]" time="0.001" /><testcase classname="tests.unit.test_topological_invariance.TestTopologicalInvarianceV21" name="test_m_tau_m_e_invariant[params9]" time="0.001" /><testcase classname="tests.unit.test_topological_invariance.TestTopologicalInvarianceV21" name="test_m_s_m_d_invariant[params0]" time="0.001" /><testcase classname="tests.unit.test_topological_invariance.TestTopologicalInvarianceV21" name="test_m_s_m_d_invariant[params1]" time="0.001" /><testcase classname="tests.unit.test_topological_invariance.TestTopologicalInvarianceV21" name="test_m_s_m_d_invariant[params2]" time="0.001" /><testcase classname="tests.unit.test_topological_invariance.TestTopologicalInvarianceV21" name="test_m_s_m_d_invariant[params3]" time="0.001" /><testcase classname="tests.unit.test_topological_invariance.TestTopologicalInvarianceV21" name="test_m_s_m_d_invariant[params4]" time="0.001" /><testcase classname="tests.unit.test_topological_invariance.TestTopologicalInvarianceV21" name="test_m_s_m_d_invariant[params5]" time="0.001" /><testcase classname="tests.unit.test_topological_invariance.TestTopologicalInvarianceV21" name="test_m_s_m_d_invariant[params6]" time="0.001" /><testcase classname="tests.unit.test_topological_invariance.TestTopologicalInvarianceV21" name="test_m_s_m_d_invariant[params7]" time="0.001" /><testcase classname="tests.unit.test_topological_invariance.TestTopologicalInvarianceV21" name="test_m_s_m_d_invariant[params8]" time="0.001" /><testcase classname="tests.unit.test_topological_invariance.TestTopologicalInvarianceV21" name="test_m_s_m_d_invariant[params9]" time="0.001" /><testcase classname="tests.unit.test_topological_invariance.TestTopologicalInvarianceV21" name="test_delta_CP_invariant[params0]" time="0.001" /><testcase classname="tests.unit.test_topological_invariance.TestTopologicalInvarianceV21" name="test_delta_CP_invariant[params1]" time="0.001" /><testcase classname="tests.unit.test_topological_invariance.TestTopologicalInvarianceV21" name="test_delta_CP_invariant[params2]" time="0.001" /><testcase classname="tests.unit.test_topological_invariance.TestTopologicalInvarianceV21" name="test_delta_CP_invariant[params3]" time="0.001" /><testcase classname="tests.unit.test_topological_invariance.TestTopologicalInvarianceV21" name="test_delta_CP_invariant[params4]" time="0.001" /><testcase classname="tests.unit.test_topological_invariance.TestTopologicalInvarianceV21" name="test_delta_CP_invariant[params5]" time="0.001" /><testcase classname="tests.unit.test_topological_invariance.TestTopologicalInvarianceV21" name="test_delta_CP_invariant[params6]" time="0.001" /><testcase classname="tests.unit.test_topological_invariance.TestTopologicalInvarianceV21" name="test_delta_CP_invariant[params7]" time="0.001" /><testcase classname="tests.unit.test_topological_invariance.TestTopologicalInvarianceV21" name="test_delta_CP_invariant[params8]" time="0.001" /><testcase classname="tests.unit.test_topological_invariance.TestTopologicalInvarianceV21" name="test_delta_CP_invariant[params9]" time="0.001" /><testcase classname="tests.unit.test_topological_invariance.TestTopologicalInvarianceV21" name="test_lambda_H_invariant[params0]" time="0.001" /><testcase classname="tests.unit.test_topological_invariance.TestTopologicalInvarianceV21" name="test_lambda_H_invariant[params1]" time="0.001" /><testcase classname="tests.unit.test_topological_invariance.TestTopologicalInvarianceV21" name="test_lambda_H_invariant[params2]" time="0.001" /><testcase classname="tests.unit.test_topological_invariance.TestTopologicalInvarianceV21" name="test_lambda_H_invariant[params3]" time="0.001" /><testcase classname="tests.unit.test_topological_invariance.TestTopologicalInvarianceV21" name="test_lambda_H_invariant[params4]" time="0.001" /><testcase classname="tests.unit.test_topological_invariance.TestTopologicalInvarianceV21" name="test_lambda_H_invariant[params5]" time="0.001" /><testcase classname="tests.unit.test_topological_invariance.TestTopologicalInvarianceV21" name="test_lambda_H_invariant[params6]" time="0.001" /><testcase classname="tests.unit.test_topological_invariance.TestTopologicalInvarianceV21" name="test_lambda_H_invariant[params7]" time="0.001" /><testcase classname="tests.unit.test_topological_invariance.TestTopologicalInvarianceV21" name="test_lambda_H_invariant[params8]" time="0.001" /><testcase classname="tests.unit.test_topological_invariance.TestTopologicalInvarianceV21" name="test_lambda_H_invariant[params9]" time="0.001" /><testcase classname="tests.unit.test_topological_invariance.TestTopologicalInvarianceV21" name="test_Omega_DE_invariant[params0]" time="0.001" /><testcase classname="tests.unit.test_topological_invariance.TestTopologicalInvarianceV21" name="test_Omega_DE_invariant[params1]" time="0.001" /><testcase classname="tests.unit.test_topological_invariance.TestTopologicalInvarianceV21" name="test_Omega_DE_invariant[params2]" time="0.001" /><testcase classname="tests.unit.test_topological_invariance.TestTopologicalInvarianceV21" name="test_Omega_DE_invariant[params3]" time="0.001" /><testcase classname="tests.unit.test_topological_invariance.TestTopologicalInvarianceV21" name="test_Omega_DE_invariant[params4]" time="0.001" /><testcase classname="tests.unit.test_topological_invariance.TestTopologicalInvarianceV21" name="test_Omega_DE_invariant[params5]" time="0.001" /><testcase classname="tests.unit.test_topological_invariance.TestTopologicalInvarianceV21" name="test_Omega_DE_invariant[params6]" time="0.001" /><testcase classname="tests.unit.test_topological_invariance.TestTopologicalInvarianceV21" name="test_Omega_DE_invariant[params7]" time="0.001" /><testcase classname="tests.unit.test_topological_invariance.TestTopologicalInvarianceV21" name="test_Omega_DE_invariant[params8]" time="0.001" /><testcase classname="tests.unit.test_topological_invariance.TestTopologicalInvarianceV21" name="test_Omega_DE_invariant[params9]" time="0.001" /><testcase classname="tests.unit.test_topological_invariance.TestTopologicalInvarianceStatistical" name="test_topological_integers_invariant[params0]" time="0.005"><skipped type="pytest.skip" message="GIFTFrameworkStatistical not available">/home/user/GIFT/tests/unit/test_topological_invariance.py:212: GIFTFrameworkStatistical not available</skipped></testcase><testcase classname="tests.unit.test_topological_invariance.TestTopologicalInvarianceStatistical" name="test_topological_integers_invariant[params1]" time="0.005"><skipped type="pytest.skip" message="GIFTFrameworkStatistical not available">/home/user/GIFT/tests/unit/test_topological_invariance.py:212: GIFTFrameworkStatistical not available</skipped></testcase><testcase classname="tests.unit.test_topological_invariance.TestTopologicalInvarianceStatistical" name="test_topological_integers_invariant[params2]" time="0.005"><skipped type="pytest.skip" message="GIFTFrameworkStatistical not available">/home/user/GIFT/tests/unit/test_topological_invariance.py:212: GIFTFrameworkStatistical not available</skipped></testcase><testcase classname="tests.unit.test_topological_invariance.TestTopologicalInvarianceStatistical" name="test_topological_integers_invariant[params3]" time="0.006"><skipped type="pytest.skip" message="GIFTFrameworkStatistical not available">/home/user/GIFT/tests/unit/test_topological_invariance.py:212: GIFTFrameworkStatistical not available</skipped></testcase><testcase classname="tests.unit.test_topological_invariance.TestTopologicalInvarianceStatistical" name="test_topological_integers_invariant[params4]" time="0.005"><skipped type="pytest.skip" message="GIFTFrameworkStatistical not available">/home/user/GIFT/tests/unit/test_topological_invariance.py:212: GIFTFrameworkStatistical not available</skipped></testcase><testcase classname="tests.unit.test_topological_invariance.TestTopologicalInvarianceStatistical" name="test_proven_formulas_exact[params0]" time="0.008"><skipped type="pytest.skip" message="GIFTFrameworkStatistical not available">/home/user/GIFT/tests/unit/test_topological_invariance.py:228: GIFTFrameworkStatistical not available</skipped></testcase><testcase classname="tests.unit.test_topological_invariance.TestTopologicalInvarianceStatistical" name="test_proven_formulas_exact[params1]" time="0.007"><skipped type="pytest.skip" message="GIFTFrameworkStatistical not available">/home/user/GIFT/tests/unit/test_topological_invariance.py:228: GIFTFrameworkStatistical not available</skipped></testcase><testcase classname="tests.unit.test_topological_invariance.TestTopologicalInvarianceStatistical" name="test_proven_formulas_exact[params2]" time="0.007"><skipped type="pytest.skip" message="GIFTFrameworkStatistical not available">/home/user/GIFT/tests/unit/test_topological_invariance.py:228: GIFTFrameworkStatistical not available</skipped></testcase><testcase classname="tests.unit.test_topological_invariance.TestTopologicalInvarianceStatistical" name="test_proven_formulas_exact[params3]" time="0.006"><skipped type="pytest.skip" message="GIFTFrameworkStatistical not available">/home/user/GIFT/tests/unit/test_topological_invariance.py:228: GIFTFrameworkStatistical not available</skipped></testcase><testcase classname="tests.unit.test_topological_invariance.TestTopologicalInvarianceStatistical" name="test_proven_formulas_exact[params4]" time="0.005"><skipped type="pytest.skip" message="GIFTFrameworkStatistical not available">/home/user/GIFT/tests/unit/test_topological_invariance.py:228: GIFTFrameworkStatistical not available</skipped></testcase><testcase classname="tests.unit.test_topological_invariance.TestConsistencyAcrossParameters" name="test_all_topological_observables_consistent" time="0.003" /><testcase classname="tests.unit.test_topological_invariance.TestConsistencyAcrossParameters" name="test_variance_of_topological_is_zero" time="0.002" /><testcase classname="tests.unit.test_topological_invariance.TestBettiNumberInvariance" name="test_b2_K7_constant[params0]" time="0.001" /><testcase classname="tests.unit.test_topological_invariance.TestBettiNumberInvariance" name="test_b2_K7_constant[params1]" time="0.001" /><testcase classname="tests.unit.test_topological_invariance.TestBettiNumberInvariance" name="test_b2_K7_constant[params2]" time="0.001" /><testcase classname="tests.unit.test_topological_invariance.TestBettiNumberInvariance" name="test_b2_K7_constant[params3]" time="0.001" /><testcase classname="tests.unit.test_topological_invariance.TestBettiNumberInvariance" name="test_b2_K7_constant[params4]" time="0.001" /><testcase classname="tests.unit.test_topological_invariance.TestBettiNumberInvariance" name="test_b2_K7_constant[params5]" time="0.001" /><testcase classname="tests.unit.test_topological_invariance.TestBettiNumberInvariance" name="test_b2_K7_constant[params6]" time="0.001" /><testcase classname="tests.unit.test_topological_invariance.TestBettiNumberInvariance" name="test_b2_K7_constant[params7]" time="0.001" /><testcase classname="tests.unit.test_topological_invariance.TestBettiNumberInvariance" name="test_b2_K7_constant[params8]" time="0.001" /><testcase classname="tests.unit.test_topological_invariance.TestBettiNumberInvariance" name="test_b2_K7_constant[params9]" time="0.001" /><testcase classname="tests.unit.test_topological_invariance.TestBettiNumberInvariance" name="test_b3_K7_constant[params0]" time="0.001" /><testcase classname="tests.unit.test_topological_invariance.TestBettiNumberInvariance" name="test_b3_K7_constant[params1]" time="0.001" /><testcase classname="tests.unit.test_topological_invariance.TestBettiNumberInvariance" name="test_b3_K7_constant[params2]" time="0.001" /><testcase classname="tests.unit.test_topological_invariance.TestBettiNumberInvariance" name="test_b3_K7_constant[params3]" time="0.001" /><testcase classname="tests.unit.test_topological_invariance.TestBettiNumberInvariance" name="test_b3_K7_constant[params4]" time="0.001" /><testcase classname="tests.unit.test_topological_invariance.TestBettiNumberInvariance" name="test_b3_K7_constant[params5]" time="0.001" /><testcase classname="tests.unit.test_topological_invariance.TestBettiNumberInvariance" name="test_b3_K7_constant[params6]" time="0.001" /><testcase classname="tests.unit.test_topological_invariance.TestBettiNumberInvariance" name="test_b3_K7_constant[params7]" time="0.001" /><testcase classname="tests.unit.test_topological_invariance.TestBettiNumberInvariance" name="test_b3_K7_constant[params8]" time="0.001" /><testcase classname="tests.unit.test_topological_invariance.TestBettiNumberInvariance" name="test_b3_K7_constant[params9]" time="0.001" /><testcase classname="tests.unit.test_topological_invariance.TestBettiNumberInvariance" name="test_H_star_constant[params0]" time="0.001" /><testcase classname="tests.unit.test_topological_invariance.TestBettiNumberInvariance" name="test_H_star_constant[params1]" time="0.002" /><testcase classname="tests.unit.test_topological_invariance.TestBettiNumberInvariance" name="test_H_star_constant[params2]" time="0.001" /><testcase classname="tests.unit.test_topological_invariance.TestBettiNumberInvariance" name="test_H_star_constant[params3]" time="0.001" /><testcase classname="tests.unit.test_topological_invariance.TestBettiNumberInvariance" name="test_H_star_constant[params4]" time="0.001" /><testcase classname="tests.unit.test_topological_invariance.TestBettiNumberInvariance" name="test_H_star_constant[params5]" time="0.001" /><testcase classname="tests.unit.test_topological_invariance.TestBettiNumberInvariance" name="test_H_star_constant[params6]" time="0.001" /><testcase classname="tests.unit.test_topological_invariance.TestBettiNumberInvariance" name="test_H_star_constant[params7]" time="0.001" /><testcase classname="tests.unit.test_topological_invariance.TestBettiNumberInvariance" name="test_H_star_constant[params8]" time="0.001" /><testcase classname="tests.unit.test_topological_invariance.TestBettiNumberInvariance" name="test_H_star_constant[params9]" time="0.001" /><testcase classname="tests.unit.test_topological_invariance.TestDimensionalConstantInvariance" name="test_dim_E8_constant[params0]" time="0.001" /><testcase classname="tests.unit.test_topological_invariance.TestDimensionalConstantInvariance" name="test_dim_E8_constant[params1]" time="0.001" /><testcase classname="tests.unit.test_topological_invariance.TestDimensionalConstantInvariance" name="test_dim_E8_constant[params2]" time="0.001" /><testcase classname="tests.unit.test_topological_invariance.TestDimensionalConstantInvariance" name="test_dim_E8_constant[params3]" time="0.001" /><testcase classname="tests.unit.test_topological_invariance.TestDimensionalConstantInvariance" name="test_dim_E8_constant[params4]" time="0.001" /><testcase classname="tests.unit.test_topological_invariance.TestDimensionalConstantInvariance" name="test_dim_E8_constant[params5]" time="0.001" /><testcase classname="tests.unit.test_topological_invariance.TestDimensionalConstantInvariance" name="test_dim_E8_constant[params6]" time="0.001" /><testcase classname="tests.unit.test_topological_invariance.TestDimensionalConstantInvariance" name="test_dim_E8_constant[params7]" time="0.001" /><testcase classname="tests.unit.test_topological_invariance.TestDimensionalConstantInvariance" name="test_dim_E8_constant[params8]" time="0.001" /><testcase classname="tests.unit.test_topological_invariance.TestDimensionalConstantInvariance" name="test_dim_E8_constant[params9]" time="0.001" /><testcase classname="tests.unit.test_topological_invariance.TestDimensionalConstantInvariance" name="test_dim_G2_constant[params0]" time="0.001" /><testcase classname="tests.unit.test_topological_invariance.TestDimensionalConstantInvariance" name="test_dim_G2_constant[params1]" time="0.001" /><testcase classname="tests.unit.test_topological_invariance.TestDimensionalConstantInvariance" name="test_dim_G2_constant[params2]" time="0.001" /><testcase classname="tests.unit.test_topological_invariance.TestDimensionalConstantInvariance" name="test_dim_G2_constant[params3]" time="0.001" /><testcase classname="tests.unit.test_topological_invariance.TestDimensionalConstantInvariance" name="test_dim_G2_constant[params4]" time="0.001" /><testcase classname="tests.unit.test_topological_invariance.TestDimensionalConstantInvariance" name="test_dim_G2_constant[params5]" time="0.001" /><testcase classname="tests.unit.test_topological_invariance.TestDimensionalConstantInvariance" name="test_dim_G2_constant[params6]" time="0.001" /><testcase classname="tests.unit.test_topological_invariance.TestDimensionalConstantInvariance" name="test_dim_G2_constant[params7]" time="0.001" /><testcase classname="tests.unit.test_topological_invariance.TestDimensionalConstantInvariance" name="test_dim_G2_constant[params8]" time="0.001" /><testcase classname="tests.unit.test_topological_invariance.TestDimensionalConstantInvariance" name="test_dim_G2_constant[params9]" time="0.001" /><testcase classname="tests.unit.test_topological_invariance.TestDimensionalConstantInvariance" name="test_dim_K7_constant[params0]" time="0.001" /><testcase classname="tests.unit.test_topological_invariance.TestDimensionalConstantInvariance" name="test_dim_K7_constant[params1]" time="0.001" /><testcase classname="tests.unit.test_topological_invariance.TestDimensionalConstantInvariance" name="test_dim_K7_constant[params2]" time="0.001" /><testcase classname="tests.unit.test_topological_invariance.TestDimensionalConstantInvariance" name="test_dim_K7_constant[params3]" time="0.001" /><testcase classname="tests.unit.test_topological_invariance.TestDimensionalConstantInvariance" name="test_dim_K7_constant[params4]" time="0.001" /><testcase classname="tests.unit.test_topological_invariance.TestDimensionalConstantInvariance" name="test_dim_K7_constant[params5]" time="0.001" /><testcase classname="tests.unit.test_topological_invariance.TestDimensionalConstantInvariance" name="test_dim_K7_constant[params6]" time="0.001" /><testcase classname="tests.unit.test_topological_invariance.TestDimensionalConstantInvariance" name="test_dim_K7_constant[params7]" time="0.001" /><testcase classname="tests.unit.test_topological_invariance.TestDimensionalConstantInvariance" name="test_dim_K7_constant[params8]" time="0.001" /><testcase classname="tests.unit.test_topological_invariance.TestDimensionalConstantInvariance" name="test_dim_K7_constant[params9]" time="0.001" /><testcase classname="tests.unit.test_topological_invariance.TestExactFormulas" name="test_Q_Koide_is_exactly_two_thirds" time="0.001" /><testcase classname="tests.unit.test_topological_invariance.TestExactFormulas" name="test_m_s_m_d_is_exactly_20" time="0.001" /><testcase classname="tests.unit.test_topological_invariance.TestExactFormulas" name="test_m_tau_m_e_is_exactly_3477" time="0.001" /><testcase classname="tests.unit.test_topological_invariance.TestExactFormulas" name="test_delta_CP_is_exactly_197" time="0.001" /><testcase classname="tests.unit.test_topological_invariance.TestDerivedParameterXi" name="test_xi_derived_correctly[params0]" time="0.006"><skipped type="pytest.skip" message="GIFTFrameworkStatistical not available">/home/user/GIFT/tests/unit/test_topological_invariance.py:429: GIFTFrameworkStatistical not available</skipped></testcase><testcase classname="tests.unit.test_topological_invariance.TestDerivedParameterXi" name="test_xi_derived_correctly[params1]" time="0.005"><skipped type="pytest.skip" message="GIFTFrameworkStatistical not available">/home/user/GIFT/tests/unit/test_topological_invariance.py:429: GIFTFrameworkStatistical not available</skipped></testcase><testcase classname="tests.unit.test_topological_invariance.TestDerivedParameterXi" name="test_xi_derived_correctly[params2]" time="0.005"><skipped type="pytest.skip" message="GIFTFrameworkStatistical not available">/home/user/GIFT/tests/unit/test_topological_invariance.py:429: GIFTFrameworkStatistical not available</skipped></testcase><testcase classname="tests.unit.test_topological_invariance.TestDerivedParameterXi" name="test_xi_derived_correctly[params3]" time="0.004"><skipped type="pytest.skip" message="GIFTFrameworkStatistical not available">/home/user/GIFT/tests/unit/test_topological_invariance.py:429: GIFTFrameworkStatistical not available</skipped></testcase><testcase classname="tests.unit.test_topological_invariance.TestDerivedParameterXi" name="test_xi_derived_correctly[params4]" time="0.004"><skipped type="pytest.skip" message="GIFTFrameworkStatistical not available">/home/user/GIFT/tests/unit/test_topological_invariance.py:429: GIFTFrameworkStatistical not available</skipped></testcase><testcase classname="tests.unit.test_topological_invariance.TestDerivedParameterXi" name="test_xi_derived_correctly[params5]" time="0.005"><skipped type="pytest.skip" message="GIFTFrameworkStatistical not available">/home/user/GIFT/tests/unit/test_topological_invariance.py:429: GIFTFrameworkStatistical not available</skipped></testcase><testcase classname="tests.unit.test_topological_invariance.TestDerivedParameterXi" name="test_xi_derived_correctly[params6]" time="0.005"><skipped type="pytest.skip" message="GIFTFrameworkStatistical not available">/home/user/GIFT/tests/unit/test_topological_invariance.py:429: GIFTFrameworkStatistical not available</skipped></testcase><testcase classname="tests.unit.test_topological_invariance.TestDerivedParameterXi" name="test_xi_derived_correctly[params7]" time="0.005"><skipped type="pytest.skip" message="GIFTFrameworkStatistical not available">/home/user/GIFT/tests/unit/test_topological_invariance.py:429: GIFTFrameworkStatistical not available</skipped></testcase><testcase classname="tests.unit.test_topological_invariance.TestDerivedParameterXi" name="test_xi_derived_correctly[params8]" time="0.005"><skipped type="pytest.skip" message="GIFTFrameworkStatistical not available">/home/user/GIFT/tests/unit/test_topological_invariance.py:429: GIFTFrameworkStatistical not available</skipped></testcase><testcase classname="tests.unit.test_topological_invariance.TestDerivedParameterXi" name="test_xi_derived_correctly[params9]" time="0.005"><skipped type="pytest.skip" message="GIFTFrameworkStatistical not available">/home/user/GIFT/tests/unit/test_topological_invariance.py:429: GIFTFrameworkStatistical not available</skipped></testcase><testcase classname="tests.unit.test_topological_invariance.TestExtremeParameters" name="test_topological_with_extreme_p2[0.1]" time="0.001" /><testcase classname="tests.unit.test_topological_invariance.TestExtremeParameters" name="test_topological_with_extreme_p2[0.5]" time="0.001" /><testcase classname="tests.unit.test_topological_invariance.TestExtremeParameters" name="test_topological_with_extreme_p2[1.0]" time="0.001" /><testcase classname="tests.unit.test_topological_invariance.TestExtremeParameters" name="test_topological_with_extreme_p2[5.0]" time="0.001" /><testcase classname="tests.unit.test_topological_invariance.TestExtremeParameters" name="test_topological_with_extreme_p2[10.0]" time="0.001" /><testcase classname="tests.unit.test_topological_invariance.TestExtremeParameters" name="test_topological_with_extreme_p2[100.0]" time="0.001" /><testcase classname="tests.unit.test_topological_invariance.TestExtremeParameters" name="test_topological_with_extreme_weyl[1]" time="0.001" /><testcase classname="tests.unit.test_topological_invariance.TestExtremeParameters" name="test_topological_with_extreme_weyl[2]" time="0.001" /><testcase classname="tests.unit.test_topological_invariance.TestExtremeParameters" name="test_topological_with_extreme_weyl[3]" time="0.001" /><testcase classname="tests.unit.test_topological_invariance.TestExtremeParameters" name="test_topological_with_extreme_weyl[5]" time="0.001" /><testcase classname="tests.unit.test_topological_invariance.TestExtremeParameters" name="test_topological_with_extreme_weyl[10]" time="0.001" /><testcase classname="tests.unit.test_topological_invariance.TestExtremeParameters" name="test_topological_with_extreme_weyl[20]" time="0.001" /><testcase classname="tests.unit.test_topological_invariance.TestExtremeParameters" name="test_topological_with_extreme_weyl[50]" time="0.001" /><testcase classname="tests.unit.test_v21_all_observables.TestObservableCount" name="test_v21_observable_spec_count" time="0.001"><failure message="AssertionError: assert 47 == 46&#10; +  where 47 = len({'A_s': {'experimental': 2.1e-09, 'max_deviation': 10.0, 'name': 'Scalar amplitude', 'sector': 'cosmology', ...}, 'D_H': {'experimental': 2.547e-05, 'max_deviation': 10.0, 'name': 'Primordial deuterium abundance', 'sector': 'cosmology', ...}, 'H0': {'experimental': 70.0, 'max_deviation': 5.0, 'name': 'Hubble constant', 'sector': 'cosmology', ...}, 'M_W': {'experimental': 80.369, 'max_deviation': 1.0, 'name': 'W boson mass', 'sector': 'electroweak', ...}, ...})">tests/unit/test_v21_all_observables.py:491: in test_v21_observable_spec_count
    assert len(V21_OBSERVABLES) == TOTAL_OBSERVABLE_COUNT
E   AssertionError: assert 47 == 46
E    +  where 47 = len({'A_s': {'experimental': 2.1e-09, 'max_deviation': 10.0, 'name': 'Scalar amplitude', 'sector': 'cosmology', ...}, 'D_H': {'experimental': 2.547e-05, 'max_deviation': 10.0, 'name': 'Primordial deuterium abundance', 'sector': 'cosmology', ...}, 'H0': {'experimental': 70.0, 'max_deviation': 5.0, 'name': 'Hubble constant', 'sector': 'cosmology', ...}, 'M_W': {'experimental': 80.369, 'max_deviation': 1.0, 'name': 'W boson mass', 'sector': 'electroweak', ...}, ...})</failure></testcase><testcase classname="tests.unit.test_v21_all_observables.TestObservableCount" name="test_dimensionless_count" time="0.001" /><testcase classname="tests.unit.test_v21_all_observables.TestObservableCount" name="test_framework_returns_observables" time="0.001" /><testcase classname="tests.unit.test_v21_all_observables.TestObservableCount" name="test_framework_observable_count" time="0.001" /><testcase classname="tests.unit.test_v21_all_observables.TestObservableCount" name="test_observable_names_documented" time="0.001" /><testcase classname="tests.unit.test_v21_all_observables.TestAllObservablesParametrized" name="test_observable_exists_or_skip[alpha_inv_MZ-spec0]" time="0.001" /><testcase classname="tests.unit.test_v21_all_observables.TestAllObservablesParametrized" name="test_observable_exists_or_skip[sin2thetaW-spec1]" time="0.001" /><testcase classname="tests.unit.test_v21_all_observables.TestAllObservablesParametrized" name="test_observable_exists_or_skip[alpha_s_MZ-spec2]" time="0.001" /><testcase classname="tests.unit.test_v21_all_observables.TestAllObservablesParametrized" name="test_observable_exists_or_skip[theta12-spec3]" time="0.001" /><testcase classname="tests.unit.test_v21_all_observables.TestAllObservablesParametrized" name="test_observable_exists_or_skip[theta13-spec4]" time="0.001" /><testcase classname="tests.unit.test_v21_all_observables.TestAllObservablesParametrized" name="test_observable_exists_or_skip[theta23-spec5]" time="0.001" /><testcase classname="tests.unit.test_v21_all_observables.TestAllObservablesParametrized" name="test_observable_exists_or_skip[delta_CP-spec6]" time="0.001" /><testcase classname="tests.unit.test_v21_all_observables.TestAllObservablesParametrized" name="test_observable_exists_or_skip[Q_Koide-spec7]" time="0.001" /><testcase classname="tests.unit.test_v21_all_observables.TestAllObservablesParametrized" name="test_observable_exists_or_skip[m_mu_m_e-spec8]" time="0.001" /><testcase classname="tests.unit.test_v21_all_observables.TestAllObservablesParametrized" name="test_observable_exists_or_skip[m_tau_m_e-spec9]" time="0.001" /><testcase classname="tests.unit.test_v21_all_observables.TestAllObservablesParametrized" name="test_observable_exists_or_skip[m_s_m_d-spec10]" time="0.001" /><testcase classname="tests.unit.test_v21_all_observables.TestAllObservablesParametrized" name="test_observable_exists_or_skip[m_c_m_s-spec11]" time="0.001" /><testcase classname="tests.unit.test_v21_all_observables.TestAllObservablesParametrized" name="test_observable_exists_or_skip[m_b_m_u-spec12]" time="0.001" /><testcase classname="tests.unit.test_v21_all_observables.TestAllObservablesParametrized" name="test_observable_exists_or_skip[m_t_m_b-spec13]" time="0.001" /><testcase classname="tests.unit.test_v21_all_observables.TestAllObservablesParametrized" name="test_observable_exists_or_skip[m_d_m_u-spec14]" time="0.001" /><testcase classname="tests.unit.test_v21_all_observables.TestAllObservablesParametrized" name="test_observable_exists_or_skip[m_c_m_u-spec15]" time="0.001" /><testcase classname="tests.unit.test_v21_all_observables.TestAllObservablesParametrized" name="test_observable_exists_or_skip[m_b_m_d-spec16]" time="0.001" /><testcase classname="tests.unit.test_v21_all_observables.TestAllObservablesParametrized" name="test_observable_exists_or_skip[m_t_m_s-spec17]" time="0.001" /><testcase classname="tests.unit.test_v21_all_observables.TestAllObservablesParametrized" name="test_observable_exists_or_skip[m_t_m_d-spec18]" time="0.001" /><testcase classname="tests.unit.test_v21_all_observables.TestAllObservablesParametrized" name="test_observable_exists_or_skip[m_t_m_c-spec19]" time="0.001" /><testcase classname="tests.unit.test_v21_all_observables.TestAllObservablesParametrized" name="test_observable_exists_or_skip[V_us-spec20]" time="0.001" /><testcase classname="tests.unit.test_v21_all_observables.TestAllObservablesParametrized" name="test_observable_exists_or_skip[V_cb-spec21]" time="0.001" /><testcase classname="tests.unit.test_v21_all_observables.TestAllObservablesParametrized" name="test_observable_exists_or_skip[V_ub-spec22]" time="0.001" /><testcase classname="tests.unit.test_v21_all_observables.TestAllObservablesParametrized" name="test_observable_exists_or_skip[V_cd-spec23]" time="0.001" /><testcase classname="tests.unit.test_v21_all_observables.TestAllObservablesParametrized" name="test_observable_exists_or_skip[V_cs-spec24]" time="0.001" /><testcase classname="tests.unit.test_v21_all_observables.TestAllObservablesParametrized" name="test_observable_exists_or_skip[V_td-spec25]" time="0.001" /><testcase classname="tests.unit.test_v21_all_observables.TestAllObservablesParametrized" name="test_observable_exists_or_skip[lambda_H-spec26]" time="0.001" /><testcase classname="tests.unit.test_v21_all_observables.TestAllObservablesParametrized" name="test_observable_exists_or_skip[Omega_DE-spec27]" time="0.001" /><testcase classname="tests.unit.test_v21_all_observables.TestAllObservablesParametrized" name="test_observable_exists_or_skip[Omega_DM-spec28]" time="0.001" /><testcase classname="tests.unit.test_v21_all_observables.TestAllObservablesParametrized" name="test_observable_exists_or_skip[Omega_b-spec29]" time="0.001" /><testcase classname="tests.unit.test_v21_all_observables.TestAllObservablesParametrized" name="test_observable_exists_or_skip[n_s-spec30]" time="0.001" /><testcase classname="tests.unit.test_v21_all_observables.TestAllObservablesParametrized" name="test_observable_exists_or_skip[sigma_8-spec31]" time="0.001" /><testcase classname="tests.unit.test_v21_all_observables.TestAllObservablesParametrized" name="test_observable_exists_or_skip[A_s-spec32]" time="0.001" /><testcase classname="tests.unit.test_v21_all_observables.TestAllObservablesParametrized" name="test_observable_exists_or_skip[Omega_gamma-spec33]" time="0.001" /><testcase classname="tests.unit.test_v21_all_observables.TestAllObservablesParametrized" name="test_observable_exists_or_skip[Omega_nu-spec34]" time="0.001" /><testcase classname="tests.unit.test_v21_all_observables.TestAllObservablesParametrized" name="test_observable_exists_or_skip[Y_p-spec35]" time="0.001" /><testcase classname="tests.unit.test_v21_all_observables.TestAllObservablesParametrized" name="test_observable_exists_or_skip[D_H-spec36]" time="0.001" /><testcase classname="tests.unit.test_v21_all_observables.TestAllObservablesParametrized" name="test_observable_exists_or_skip[v_EW-spec37]" time="0.001" /><testcase classname="tests.unit.test_v21_all_observables.TestAllObservablesParametrized" name="test_observable_exists_or_skip[M_W-spec38]" time="0.001" /><testcase classname="tests.unit.test_v21_all_observables.TestAllObservablesParametrized" name="test_observable_exists_or_skip[M_Z-spec39]" time="0.001" /><testcase classname="tests.unit.test_v21_all_observables.TestAllObservablesParametrized" name="test_observable_exists_or_skip[m_u_MeV-spec40]" time="0.001" /><testcase classname="tests.unit.test_v21_all_observables.TestAllObservablesParametrized" name="test_observable_exists_or_skip[m_d_MeV-spec41]" time="0.001" /><testcase classname="tests.unit.test_v21_all_observables.TestAllObservablesParametrized" name="test_observable_exists_or_skip[m_s_MeV-spec42]" time="0.001" /><testcase classname="tests.unit.test_v21_all_observables.TestAllObservablesParametrized" name="test_observable_exists_or_skip[m_c_MeV-spec43]" time="0.001" /><testcase classname="tests.unit.test_v21_all_observables.TestAllObservablesParametrized" name="test_observable_exists_or_skip[m_b_MeV-spec44]" time="0.001" /><testcase classname="tests.unit.test_v21_all_observables.TestAllObservablesParametrized" name="test_observable_exists_or_skip[m_t_GeV-spec45]" time="0.001" /><testcase classname="tests.unit.test_v21_all_observables.TestAllObservablesParametrized" name="test_observable_exists_or_skip[H0-spec46]" time="0.001" /><testcase classname="tests.unit.test_v21_all_observables.TestAllObservablesParametrized" name="test_observable_is_finite[alpha_inv_MZ-spec0]" time="0.001" /><testcase classname="tests.unit.test_v21_all_observables.TestAllObservablesParametrized" name="test_observable_is_finite[sin2thetaW-spec1]" time="0.002" /><testcase classname="tests.unit.test_v21_all_observables.TestAllObservablesParametrized" name="test_observable_is_finite[alpha_s_MZ-spec2]" time="0.001" /><testcase classname="tests.unit.test_v21_all_observables.TestAllObservablesParametrized" name="test_observable_is_finite[theta12-spec3]" time="0.001" /><testcase classname="tests.unit.test_v21_all_observables.TestAllObservablesParametrized" name="test_observable_is_finite[theta13-spec4]" time="0.001" /><testcase classname="tests.unit.test_v21_all_observables.TestAllObservablesParametrized" name="test_observable_is_finite[theta23-spec5]" time="0.001" /><testcase classname="tests.unit.test_v21_all_observables.TestAllObservablesParametrized" name="test_observable_is_finite[delta_CP-spec6]" time="0.001" /><testcase classname="tests.unit.test_v21_all_observables.TestAllObservablesParametrized" name="test_observable_is_finite[Q_Koide-spec7]" time="0.001" /><testcase classname="tests.unit.test_v21_all_observables.TestAllObservablesParametrized" name="test_observable_is_finite[m_mu_m_e-spec8]" time="0.001" /><testcase classname="tests.unit.test_v21_all_observables.TestAllObservablesParametrized" name="test_observable_is_finite[m_tau_m_e-spec9]" time="0.001" /><testcase classname="tests.unit.test_v21_all_observables.TestAllObservablesParametrized" name="test_observable_is_finite[m_s_m_d-spec10]" time="0.001" /><testcase classname="tests.unit.test_v21_all_observables.TestAllObservablesParametrized" name="test_observable_is_finite[m_c_m_s-spec11]" time="0.001" /><testcase classname="tests.unit.test_v21_all_observables.TestAllObservablesParametrized" name="test_observable_is_finite[m_b_m_u-spec12]" time="0.001" /><testcase classname="tests.unit.test_v21_all_observables.TestAllObservablesParametrized" name="test_observable_is_finite[m_t_m_b-spec13]" time="0.001" /><testcase classname="tests.unit.test_v21_all_observables.TestAllObservablesParametrized" name="test_observable_is_finite[m_d_m_u-spec14]" time="0.001" /><testcase classname="tests.unit.test_v21_all_observables.TestAllObservablesParametrized" name="test_observable_is_finite[m_c_m_u-spec15]" time="0.001" /><testcase classname="tests.unit.test_v21_all_observables.TestAllObservablesParametrized" name="test_observable_is_finite[m_b_m_d-spec16]" time="0.002" /><testcase classname="tests.unit.test_v21_all_observables.TestAllObservablesParametrized" name="test_observable_is_finite[m_t_m_s-spec17]" time="0.001" /><testcase classname="tests.unit.test_v21_all_observables.TestAllObservablesParametrized" name="test_observable_is_finite[m_t_m_d-spec18]" time="0.001" /><testcase classname="tests.unit.test_v21_all_observables.TestAllObservablesParametrized" name="test_observable_is_finite[m_t_m_c-spec19]" time="0.001" /><testcase classname="tests.unit.test_v21_all_observables.TestAllObservablesParametrized" name="test_observable_is_finite[V_us-spec20]" time="0.001" /><testcase classname="tests.unit.test_v21_all_observables.TestAllObservablesParametrized" name="test_observable_is_finite[V_cb-spec21]" time="0.001" /><testcase classname="tests.unit.test_v21_all_observables.TestAllObservablesParametrized" name="test_observable_is_finite[V_ub-spec22]" time="0.001" /><testcase classname="tests.unit.test_v21_all_observables.TestAllObservablesParametrized" name="test_observable_is_finite[V_cd-spec23]" time="0.001" /><testcase classname="tests.unit.test_v21_all_observables.TestAllObservablesParametrized" name="test_observable_is_finite[V_cs-spec24]" time="0.001" /><testcase classname="tests.unit.test_v21_all_observables.TestAllObservablesParametrized" name="test_observable_is_finite[V_td-spec25]" time="0.001" /><testcase classname="tests.unit.test_v21_all_observables.TestAllObservablesParametrized" name="test_observable_is_finite[lambda_H-spec26]" time="0.001" /><testcase classname="tests.unit.test_v21_all_observables.TestAllObservablesParametrized" name="test_observable_is_finite[Omega_DE-spec27]" time="0.001" /><testcase classname="tests.unit.test_v21_all_observables.TestAllObservablesParametrized" name="test_observable_is_finite[Omega_DM-spec28]" time="0.001" /><testcase classname="tests.unit.test_v21_all_observables.TestAllObservablesParametrized" name="test_observable_is_finite[Omega_b-spec29]" time="0.001" /><testcase classname="tests.unit.test_v21_all_observables.TestAllObservablesParametrized" name="test_observable_is_finite[n_s-spec30]" time="0.002" /><testcase classname="tests.unit.test_v21_all_observables.TestAllObservablesParametrized" name="test_observable_is_finite[sigma_8-spec31]" time="0.001" /><testcase classname="tests.unit.test_v21_all_observables.TestAllObservablesParametrized" name="test_observable_is_finite[A_s-spec32]" time="0.001" /><testcase classname="tests.unit.test_v21_all_observables.TestAllObservablesParametrized" name="test_observable_is_finite[Omega_gamma-spec33]" time="0.001" /><testcase classname="tests.unit.test_v21_all_observables.TestAllObservablesParametrized" name="test_observable_is_finite[Omega_nu-spec34]" time="0.001" /><testcase classname="tests.unit.test_v21_all_observables.TestAllObservablesParametrized" name="test_observable_is_finite[Y_p-spec35]" time="0.001" /><testcase classname="tests.unit.test_v21_all_observables.TestAllObservablesParametrized" name="test_observable_is_finite[D_H-spec36]" time="0.001" /><testcase classname="tests.unit.test_v21_all_observables.TestAllObservablesParametrized" name="test_observable_is_finite[v_EW-spec37]" time="0.001" /><testcase classname="tests.unit.test_v21_all_observables.TestAllObservablesParametrized" name="test_observable_is_finite[M_W-spec38]" time="0.001" /><testcase classname="tests.unit.test_v21_all_observables.TestAllObservablesParametrized" name="test_observable_is_finite[M_Z-spec39]" time="0.001" /><testcase classname="tests.unit.test_v21_all_observables.TestAllObservablesParametrized" name="test_observable_is_finite[m_u_MeV-spec40]" time="0.001" /><testcase classname="tests.unit.test_v21_all_observables.TestAllObservablesParametrized" name="test_observable_is_finite[m_d_MeV-spec41]" time="0.001" /><testcase classname="tests.unit.test_v21_all_observables.TestAllObservablesParametrized" name="test_observable_is_finite[m_s_MeV-spec42]" time="0.001" /><testcase classname="tests.unit.test_v21_all_observables.TestAllObservablesParametrized" name="test_observable_is_finite[m_c_MeV-spec43]" time="0.001" /><testcase classname="tests.unit.test_v21_all_observables.TestAllObservablesParametrized" name="test_observable_is_finite[m_b_MeV-spec44]" time="0.001" /><testcase classname="tests.unit.test_v21_all_observables.TestAllObservablesParametrized" name="test_observable_is_finite[m_t_GeV-spec45]" time="0.001" /><testcase classname="tests.unit.test_v21_all_observables.TestAllObservablesParametrized" name="test_observable_is_finite[H0-spec46]" time="0.001" /><testcase classname="tests.unit.test_v21_all_observables.TestAllObservablesParametrized" name="test_observable_not_nan[alpha_inv_MZ-spec0]" time="0.001" /><testcase classname="tests.unit.test_v21_all_observables.TestAllObservablesParametrized" name="test_observable_not_nan[sin2thetaW-spec1]" time="0.001" /><testcase classname="tests.unit.test_v21_all_observables.TestAllObservablesParametrized" name="test_observable_not_nan[alpha_s_MZ-spec2]" time="0.001" /><testcase classname="tests.unit.test_v21_all_observables.TestAllObservablesParametrized" name="test_observable_not_nan[theta12-spec3]" time="0.001" /><testcase classname="tests.unit.test_v21_all_observables.TestAllObservablesParametrized" name="test_observable_not_nan[theta13-spec4]" time="0.002" /><testcase classname="tests.unit.test_v21_all_observables.TestAllObservablesParametrized" name="test_observable_not_nan[theta23-spec5]" time="0.001" /><testcase classname="tests.unit.test_v21_all_observables.TestAllObservablesParametrized" name="test_observable_not_nan[delta_CP-spec6]" time="0.001" /><testcase classname="tests.unit.test_v21_all_observables.TestAllObservablesParametrized" name="test_observable_not_nan[Q_Koide-spec7]" time="0.001" /><testcase classname="tests.unit.test_v21_all_observables.TestAllObservablesParametrized" name="test_observable_not_nan[m_mu_m_e-spec8]" time="0.001" /><testcase classname="tests.unit.test_v21_all_observables.TestAllObservablesParametrized" name="test_observable_not_nan[m_tau_m_e-spec9]" time="0.001" /><testcase classname="tests.unit.test_v21_all_observables.TestAllObservablesParametrized" name="test_observable_not_nan[m_s_m_d-spec10]" time="0.001" /><testcase classname="tests.unit.test_v21_all_observables.TestAllObservablesParametrized" name="test_observable_not_nan[m_c_m_s-spec11]" time="0.001" /><testcase classname="tests.unit.test_v21_all_observables.TestAllObservablesParametrized" name="test_observable_not_nan[m_b_m_u-spec12]" time="0.001" /><testcase classname="tests.unit.test_v21_all_observables.TestAllObservablesParametrized" name="test_observable_not_nan[m_t_m_b-spec13]" time="0.001" /><testcase classname="tests.unit.test_v21_all_observables.TestAllObservablesParametrized" name="test_observable_not_nan[m_d_m_u-spec14]" time="0.001" /><testcase classname="tests.unit.test_v21_all_observables.TestAllObservablesParametrized" name="test_observable_not_nan[m_c_m_u-spec15]" time="0.001" /><testcase classname="tests.unit.test_v21_all_observables.TestAllObservablesParametrized" name="test_observable_not_nan[m_b_m_d-spec16]" time="0.001" /><testcase classname="tests.unit.test_v21_all_observables.TestAllObservablesParametrized" name="test_observable_not_nan[m_t_m_s-spec17]" time="0.001" /><testcase classname="tests.unit.test_v21_all_observables.TestAllObservablesParametrized" name="test_observable_not_nan[m_t_m_d-spec18]" time="0.001" /><testcase classname="tests.unit.test_v21_all_observables.TestAllObservablesParametrized" name="test_observable_not_nan[m_t_m_c-spec19]" time="0.002" /><testcase classname="tests.unit.test_v21_all_observables.TestAllObservablesParametrized" name="test_observable_not_nan[V_us-spec20]" time="0.001" /><testcase classname="tests.unit.test_v21_all_observables.TestAllObservablesParametrized" name="test_observable_not_nan[V_cb-spec21]" time="0.001" /><testcase classname="tests.unit.test_v21_all_observables.TestAllObservablesParametrized" name="test_observable_not_nan[V_ub-spec22]" time="0.001" /><testcase classname="tests.unit.test_v21_all_observables.TestAllObservablesParametrized" name="test_observable_not_nan[V_cd-spec23]" time="0.001" /><testcase classname="tests.unit.test_v21_all_observables.TestAllObservablesParametrized" name="test_observable_not_nan[V_cs-spec24]" time="0.001" /><testcase classname="tests.unit.test_v21_all_observables.TestAllObservablesParametrized" name="test_observable_not_nan[V_td-spec25]" time="0.001" /><testcase classname="tests.unit.test_v21_all_observables.TestAllObservablesParametrized" name="test_observable_not_nan[lambda_H-spec26]" time="0.001" /><testcase classname="tests.unit.test_v21_all_observables.TestAllObservablesParametrized" name="test_observable_not_nan[Omega_DE-spec27]" time="0.001" /><testcase classname="tests.unit.test_v21_all_observables.TestAllObservablesParametrized" name="test_observable_not_nan[Omega_DM-spec28]" time="0.001" /><testcase classname="tests.unit.test_v21_all_observables.TestAllObservablesParametrized" name="test_observable_not_nan[Omega_b-spec29]" time="0.001" /><testcase classname="tests.unit.test_v21_all_observables.TestAllObservablesParametrized" name="test_observable_not_nan[n_s-spec30]" time="0.001" /><testcase classname="tests.unit.test_v21_all_observables.TestAllObservablesParametrized" name="test_observable_not_nan[sigma_8-spec31]" time="0.001" /><testcase classname="tests.unit.test_v21_all_observables.TestAllObservablesParametrized" name="test_observable_not_nan[A_s-spec32]" time="0.001" /><testcase classname="tests.unit.test_v21_all_observables.TestAllObservablesParametrized" name="test_observable_not_nan[Omega_gamma-spec33]" time="0.001" /><testcase classname="tests.unit.test_v21_all_observables.TestAllObservablesParametrized" name="test_observable_not_nan[Omega_nu-spec34]" time="0.001" /><testcase classname="tests.unit.test_v21_all_observables.TestAllObservablesParametrized" name="test_observable_not_nan[Y_p-spec35]" time="0.001" /><testcase classname="tests.unit.test_v21_all_observables.TestAllObservablesParametrized" name="test_observable_not_nan[D_H-spec36]" time="0.001" /><testcase classname="tests.unit.test_v21_all_observables.TestAllObservablesParametrized" name="test_observable_not_nan[v_EW-spec37]" time="0.001" /><testcase classname="tests.unit.test_v21_all_observables.TestAllObservablesParametrized" name="test_observable_not_nan[M_W-spec38]" time="0.001" /><testcase classname="tests.unit.test_v21_all_observables.TestAllObservablesParametrized" name="test_observable_not_nan[M_Z-spec39]" time="0.001" /><testcase classname="tests.unit.test_v21_all_observables.TestAllObservablesParametrized" name="test_observable_not_nan[m_u_MeV-spec40]" time="0.001" /><testcase classname="tests.unit.test_v21_all_observables.TestAllObservablesParametrized" name="test_observable_not_nan[m_d_MeV-spec41]" time="0.001" /><testcase classname="tests.unit.test_v21_all_observables.TestAllObservablesParametrized" name="test_observable_not_nan[m_s_MeV-spec42]" time="0.001" /><testcase classname="tests.unit.test_v21_all_observables.TestAllObservablesParametrized" name="test_observable_not_nan[m_c_MeV-spec43]" time="0.001" /><testcase classname="tests.unit.test_v21_all_observables.TestAllObservablesParametrized" name="test_observable_not_nan[m_b_MeV-spec44]" time="0.001" /><testcase classname="tests.unit.test_v21_all_observables.TestAllObservablesParametrized" name="test_observable_not_nan[m_t_GeV-spec45]" time="0.001" /><testcase classname="tests.unit.test_v21_all_observables.TestAllObservablesParametrized" name="test_observable_not_nan[H0-spec46]" time="0.001" /><testcase classname="tests.unit.test_v21_all_observables.TestAllObservablesParametrized" name="test_observable_within_deviation[alpha_inv_MZ-spec0]" time="0.001" /><testcase classname="tests.unit.test_v21_all_observables.TestAllObservablesParametrized" name="test_observable_within_deviation[sin2thetaW-spec1]" time="0.001" /><testcase classname="tests.unit.test_v21_all_observables.TestAllObservablesParametrized" name="test_observable_within_deviation[alpha_s_MZ-spec2]" time="0.001" /><testcase classname="tests.unit.test_v21_all_observables.TestAllObservablesParametrized" name="test_observable_within_deviation[theta12-spec3]" time="0.001" /><testcase classname="tests.unit.test_v21_all_observables.TestAllObservablesParametrized" name="test_observable_within_deviation[theta13-spec4]" time="0.001" /><testcase classname="tests.unit.test_v21_all_observables.TestAllObservablesParametrized" name="test_observable_within_deviation[theta23-spec5]" time="0.001" /><testcase classname="tests.unit.test_v21_all_observables.TestAllObservablesParametrized" name="test_observable_within_deviation[delta_CP-spec6]" time="0.001" /><testcase classname="tests.unit.test_v21_all_observables.TestAllObservablesParametrized" name="test_observable_within_deviation[Q_Koide-spec7]" time="0.001" /><testcase classname="tests.unit.test_v21_all_observables.TestAllObservablesParametrized" name="test_observable_within_deviation[m_mu_m_e-spec8]" time="0.001" /><testcase classname="tests.unit.test_v21_all_observables.TestAllObservablesParametrized" name="test_observable_within_deviation[m_tau_m_e-spec9]" time="0.001" /><testcase classname="tests.unit.test_v21_all_observables.TestAllObservablesParametrized" name="test_observable_within_deviation[m_s_m_d-spec10]" time="0.001" /><testcase classname="tests.unit.test_v21_all_observables.TestAllObservablesParametrized" name="test_observable_within_deviation[m_c_m_s-spec11]" time="0.001" /><testcase classname="tests.unit.test_v21_all_observables.TestAllObservablesParametrized" name="test_observable_within_deviation[m_b_m_u-spec12]" time="0.001" /><testcase classname="tests.unit.test_v21_all_observables.TestAllObservablesParametrized" name="test_observable_within_deviation[m_t_m_b-spec13]" time="0.001" /><testcase classname="tests.unit.test_v21_all_observables.TestAllObservablesParametrized" name="test_observable_within_deviation[m_d_m_u-spec14]" time="0.001" /><testcase classname="tests.unit.test_v21_all_observables.TestAllObservablesParametrized" name="test_observable_within_deviation[m_c_m_u-spec15]" time="0.001" /><testcase classname="tests.unit.test_v21_all_observables.TestAllObservablesParametrized" name="test_observable_within_deviation[m_b_m_d-spec16]" time="0.001" /><testcase classname="tests.unit.test_v21_all_observables.TestAllObservablesParametrized" name="test_observable_within_deviation[m_t_m_s-spec17]" time="0.001" /><testcase classname="tests.unit.test_v21_all_observables.TestAllObservablesParametrized" name="test_observable_within_deviation[m_t_m_d-spec18]" time="0.001" /><testcase classname="tests.unit.test_v21_all_observables.TestAllObservablesParametrized" name="test_observable_within_deviation[m_t_m_c-spec19]" time="0.001" /><testcase classname="tests.unit.test_v21_all_observables.TestAllObservablesParametrized" name="test_observable_within_deviation[V_us-spec20]" time="0.001" /><testcase classname="tests.unit.test_v21_all_observables.TestAllObservablesParametrized" name="test_observable_within_deviation[V_cb-spec21]" time="0.001"><failure message="AssertionError: V_cb: 7.443% deviation exceeds max 5.0%&#10;assert np.float64(7.44257885619553) &lt;= 5.0">tests/unit/test_v21_all_observables.py:583: in test_observable_within_deviation
    assert deviation &lt;= max_dev, \
E   AssertionError: V_cb: 7.443% deviation exceeds max 5.0%
E   assert np.float64(7.44257885619553) &lt;= 5.0</failure></testcase><testcase classname="tests.unit.test_v21_all_observables.TestAllObservablesParametrized" name="test_observable_within_deviation[V_ub-spec22]" time="0.001"><failure message="AssertionError: V_ub: 17.208% deviation exceeds max 10.0%&#10;assert np.float64(17.207929536882812) &lt;= 10.0">tests/unit/test_v21_all_observables.py:583: in test_observable_within_deviation
    assert deviation &lt;= max_dev, \
E   AssertionError: V_ub: 17.208% deviation exceeds max 10.0%
E   assert np.float64(17.207929536882812) &lt;= 10.0</failure></testcase><testcase classname="tests.unit.test_v21_all_observables.TestAllObservablesParametrized" name="test_observable_within_deviation[V_cd-spec23]" time="0.001" /><testcase classname="tests.unit.test_v21_all_observables.TestAllObservablesParametrized" name="test_observable_within_deviation[V_cs-spec24]" time="0.001"><failure message="AssertionError: V_cs: 2.087% deviation exceeds max 2.0%&#10;assert np.float64(2.0872140230214478) &lt;= 2.0">tests/unit/test_v21_all_observables.py:583: in test_observable_within_deviation
    assert deviation &lt;= max_dev, \
E   AssertionError: V_cs: 2.087% deviation exceeds max 2.0%
E   assert np.float64(2.0872140230214478) &lt;= 2.0</failure></testcase><testcase classname="tests.unit.test_v21_all_observables.TestAllObservablesParametrized" name="test_observable_within_deviation[V_td-spec25]" time="0.001"><failure message="AssertionError: V_td: 13.977% deviation exceeds max 10.0%&#10;assert np.float64(13.976562746001314) &lt;= 10.0">tests/unit/test_v21_all_observables.py:583: in test_observable_within_deviation
    assert deviation &lt;= max_dev, \
E   AssertionError: V_td: 13.977% deviation exceeds max 10.0%
E   assert np.float64(13.976562746001314) &lt;= 10.0</failure></testcase><testcase classname="tests.unit.test_v21_all_observables.TestAllObservablesParametrized" name="test_observable_within_deviation[lambda_H-spec26]" time="0.001" /><testcase classname="tests.unit.test_v21_all_observables.TestAllObservablesParametrized" name="test_observable_within_deviation[Omega_DE-spec27]" time="0.001" /><testcase classname="tests.unit.test_v21_all_observables.TestAllObservablesParametrized" name="test_observable_within_deviation[Omega_DM-spec28]" time="0.002" /><testcase classname="tests.unit.test_v21_all_observables.TestAllObservablesParametrized" name="test_observable_within_deviation[Omega_b-spec29]" time="0.001" /><testcase classname="tests.unit.test_v21_all_observables.TestAllObservablesParametrized" name="test_observable_within_deviation[n_s-spec30]" time="0.001" /><testcase classname="tests.unit.test_v21_all_observables.TestAllObservablesParametrized" name="test_observable_within_deviation[sigma_8-spec31]" time="0.001" /><testcase classname="tests.unit.test_v21_all_observables.TestAllObservablesParametrized" name="test_observable_within_deviation[A_s-spec32]" time="0.001" /><testcase classname="tests.unit.test_v21_all_observables.TestAllObservablesParametrized" name="test_observable_within_deviation[Omega_gamma-spec33]" time="0.001" /><testcase classname="tests.unit.test_v21_all_observables.TestAllObservablesParametrized" name="test_observable_within_deviation[Omega_nu-spec34]" time="0.001" /><testcase classname="tests.unit.test_v21_all_observables.TestAllObservablesParametrized" name="test_observable_within_deviation[Y_p-spec35]" time="0.001" /><testcase classname="tests.unit.test_v21_all_observables.TestAllObservablesParametrized" name="test_observable_within_deviation[D_H-spec36]" time="0.002" /><testcase classname="tests.unit.test_v21_all_observables.TestAllObservablesParametrized" name="test_observable_within_deviation[v_EW-spec37]" time="0.001" /><testcase classname="tests.unit.test_v21_all_observables.TestAllObservablesParametrized" name="test_observable_within_deviation[M_W-spec38]" time="0.001" /><testcase classname="tests.unit.test_v21_all_observables.TestAllObservablesParametrized" name="test_observable_within_deviation[M_Z-spec39]" time="0.001" /><testcase classname="tests.unit.test_v21_all_observables.TestAllObservablesParametrized" name="test_observable_within_deviation[m_u_MeV-spec40]" time="0.001" /><testcase classname="tests.unit.test_v21_all_observables.TestAllObservablesParametrized" name="test_observable_within_deviation[m_d_MeV-spec41]" time="0.001" /><testcase classname="tests.unit.test_v21_all_observables.TestAllObservablesParametrized" name="test_observable_within_deviation[m_s_MeV-spec42]" time="0.001" /><testcase classname="tests.unit.test_v21_all_observables.TestAllObservablesParametrized" name="test_observable_within_deviation[m_c_MeV-spec43]" time="0.001" /><testcase classname="tests.unit.test_v21_all_observables.TestAllObservablesParametrized" name="test_observable_within_deviation[m_b_MeV-spec44]" time="0.001" /><testcase classname="tests.unit.test_v21_all_observables.TestAllObservablesParametrized" name="test_observable_within_deviation[m_t_GeV-spec45]" time="0.001" /><testcase classname="tests.unit.test_v21_all_observables.TestAllObservablesParametrized" name="test_observable_within_deviation[H0-spec46]" time="0.002" /><testcase classname="tests.unit.test_v21_all_observables.TestProvenExactRelations" name="test_Q_Koide_exact" time="0.001" /><testcase classname="tests.unit.test_v21_all_observables.TestProvenExactRelations" name="test_m_s_m_d_exact" time="0.001" /><testcase classname="tests.unit.test_v21_all_observables.TestProvenExactRelations" name="test_delta_CP_exact" time="0.001" /><testcase classname="tests.unit.test_v21_all_observables.TestProvenExactRelations" name="test_m_tau_m_e_exact" time="0.001" /><testcase classname="tests.unit.test_v21_all_observables.TestProvenExactRelations" name="test_lambda_H_exact" time="0.001" /><testcase classname="tests.unit.test_v21_all_observables.TestProvenExactRelations" name="test_Omega_DE_exact" time="0.001" /><testcase classname="tests.unit.test_v21_all_observables.TestProvenExactRelations" name="test_alpha_inv_formula" time="0.001" /><testcase classname="tests.unit.test_v21_all_observables.TestProvenExactRelations" name="test_alpha_s_formula" time="0.001" /><testcase classname="tests.unit.test_v21_all_observables.TestProvenExactRelations" name="test_N_gen_exact" time="0.001" /><testcase classname="tests.unit.test_v21_all_observables.TestGaugeSector" name="test_all_gauge_observables_positive" time="0.001" /><testcase classname="tests.unit.test_v21_all_observables.TestGaugeSector" name="test_sin2thetaW_range" time="0.001" /><testcase classname="tests.unit.test_v21_all_observables.TestNeutrinoSector" name="test_mixing_angles_range" time="0.001" /><testcase classname="tests.unit.test_v21_all_observables.TestNeutrinoSector" name="test_delta_CP_range" time="0.001" /><testcase classname="tests.unit.test_v21_all_observables.TestLeptonSector" name="test_mass_ratios_positive" time="0.113" /><testcase classname="tests.unit.test_v21_all_observables.TestLeptonSector" name="test_Q_Koide_physical_range" time="0.001" /><testcase classname="tests.unit.test_v21_all_observables.TestCKMSector" name="test_CKM_elements_range" time="0.001" /><testcase classname="tests.unit.test_v21_all_observables.TestCosmologySector" name="test_density_fractions_positive" time="0.001" /><testcase classname="tests.unit.test_v21_all_observables.TestCosmologySector" name="test_n_s_near_unity" time="0.001" /><testcase classname="tests.unit.test_v21_all_observables.TestNumericalStability" name="test_reproducibility" time="0.001" /><testcase classname="tests.unit.test_v21_all_observables.TestNumericalStability" name="test_no_nan_values" time="0.001" /><testcase classname="tests.unit.test_v21_all_observables.TestNumericalStability" name="test_no_inf_values" time="0.001" /><testcase classname="tests.unit.test_v21_all_observables.TestNumericalStability" name="test_all_numeric" time="0.001" /><testcase classname="tests.unit.test_v21_all_observables.TestExperimentalComparison" name="test_mean_deviation_under_threshold" time="0.001" /><testcase classname="tests.unit.test_v21_all_observables.TestExperimentalComparison" name="test_no_catastrophic_failures" time="0.001" /><testcase classname="tests.unit.test_v21_all_observables.TestExperimentalComparison" name="test_proven_relations_precise" time="0.001" /><testcase classname="tests.unit.test_v21_all_observables.TestFrameworkV21Functionality" name="test_framework_instantiation" time="0.001" /><testcase classname="tests.unit.test_v21_all_observables.TestFrameworkV21Functionality" name="test_params_accessible" time="0.001" /><testcase classname="tests.unit.test_v21_all_observables.TestFrameworkV21Functionality" name="test_default_params_correct" time="0.001" /><testcase classname="tests.unit.test_v21_all_observables.TestFrameworkV21Functionality" name="test_compute_method_exists" time="0.001" /></testsuite></testsuites>